E/ROCKCHIP_VIDEO_DECCONTROL(  155): OMX_IndexParamdescribeColorFormat get 
E/ROCKCHIP_OSAL_Android(  155): OMX_ERRORTYPE Rockchip_OSAL_GetANBParameter(OMX_HANDLETYPE, OMX_INDEXTYPE, OMX_PTR): Rockchip_OMX_Check_SizeVersion(DescribeColorFormatParams) is failed
E/OMXNodeInstance(  155): getParameter(14:rk._decoder.flv1, ??(0x7f000017)) ERROR: BadParameter(0x80001005)
W/OMXNodeInstance(  155): [14:rk._decoder.flv1] component does not support metadata mode; using fallback
E/ROCKCHIP_VIDEO_DECCONTROL(  155): OMX_IndexParamdescribeColorFormat get 
E/ROCKCHIP_OSAL_Android(  155): OMX_ERRORTYPE Rockchip_OSAL_GetANBParameter(OMX_HANDLETYPE, OMX_INDEXTYPE, OMX_PTR): Rockchip_OMX_Check_SizeVersion(DescribeColorFormatParams) is failed
E/OMXNodeInstance(  155): getParameter(15:rk._decoder.mjpeg, ??(0x7f000017)) ERROR: BadParameter(0x80001005)
E/ROCKCHIP_VIDEO_DECCONTROL(  155): OMX_IndexParamdescribeColorFormat get 
E/ROCKCHIP_OSAL_Android(  155): OMX_ERRORTYPE Rockchip_OSAL_GetANBParameter(OMX_HANDLETYPE, OMX_INDEXTYPE, OMX_PTR): Rockchip_OMX_Check_SizeVersion(DescribeColorFormatParams) is failed
E/OMXNodeInstance(  155): getParameter(15:rk._decoder.mjpeg, ??(0x7f000017)) ERROR: BadParameter(0x80001005)
W/OMXNodeInstance(  155): [15:rk._decoder.mjpeg] component does not support metadata mode; using fallback
E/ROCKCHIP_VIDEO_DECCONTROL(  155): OMX_IndexParamdescribeColorFormat get 
E/ROCKCHIP_OSAL_Android(  155): OMX_ERRORTYPE Rockchip_OSAL_GetANBParameter(OMX_HANDLETYPE, OMX_INDEXTYPE, OMX_PTR): Rockchip_OMX_Check_SizeVersion(DescribeColorFormatParams) is failed
E/OMXNodeInstance(  155): getParameter(16:rk._decoder.hevc, ??(0x7f000017)) ERROR: BadParameter(0x80001005)
E/ROCKCHIP_VIDEO_DECCONTROL(  155): OMX_IndexParamdescribeColorFormat get 
E/ROCKCHIP_OSAL_Android(  155): OMX_ERRORTYPE Rockchip_OSAL_GetANBParameter(OMX_HANDLETYPE, OMX_INDEXTYPE, OMX_PTR): Rockchip_OMX_Check_SizeVersion(DescribeColorFormatParams) is failed
E/OMXNodeInstance(  155): getParameter(16:rk._decoder.hevc, ??(0x7f000017)) ERROR: BadParameter(0x80001005)
W/OMXNodeInstance(  155): [16:rk._decoder.hevc] component does not support metadata mode; using fallback
W/ACodec  (  155): do not know color format 0x7f000789 = 2130708361
W/OMXNodeInstance(  155): [18:google.h264.decoder] component does not support metadata mode; using fallback
W/OMXNodeInstance(  155): [19:google.vp9.decoder] component does not support metadata mode; using fallback
I/SoftMPEG4Encoder(  155): Construct SoftMPEG4Encoder
W/ACodec  (  155): do not know color format 0x7f000789 = 2130708361
I/SoftMPEG4Encoder(  155): Construct SoftMPEG4Encoder
W/ACodec  (  155): do not know color format 0x7f000789 = 2130708361
W/ACodec  (  155): do not know color format 0x7f000789 = 2130708361
I/ACodec  (  604): setupVideoEncoder succeeded
E/MediaCodec(  604): batterystats service unavailable!
D/ROCKCHIP_VIDEO_ENC(  155): EncParam->intraPicRate = 0 
D/ROCKCHIP_VIDEO_ENC(  155): EncParam.framerate  = 30 outPort->sPortParam.format.video.xFramerate = 1966080 1500000
D/ROCKCHIP_VIDEO_ENC(  155):  pVideoEnc->AVCComponent[OUTPUT_PORT_INDEX].eProfile  = 8 
D/ROCKCHIP_VIDEO_ENC(  155):  EncParam->profileIdc  = 100 
E/ROCKCHIP_VIDEO_ENC(  155): ConvertOmxAvcLevelToAvcSpecLevel: 2048
D/pv_avcenc_api(  155): cml->cabacintIdc  0 cml->enablaCabac 0 cml->intraPicRate 20
D/pv_avcenc_api(  155): init intraPeriodCnt 20
D/ROCKCHIP_VIDEO_ENC(  155): eControlRate 2 
D/CameraHal(  155): frameTimestamp bigger the newst SensorEvent 1611114388232275716
W/CameraService(  155): Disconnecting camera client 0xb83c9f70 since the binder for it died (this pid 155)
E/OMXNodeInstance(  155): !!! Observer died. Quickly, do something, ... anything...
D/CameraHal(  155): commandThread(985): commandThread(985): receive CMD_PREVIEW_CAPTURE_CANCEL
D/CameraHal(  155): commandThread(993): commandThread(993): CMD_PREVIEW_CAPTURE_CANCEL out
D/CameraHal(  155): cancelPicture(563): cancel picture OK.
D/CameraHal(  155): commandThread(913): commandThread(913):receive CMD_PREVIEW_STOP
D/CameraHal(  155): displayThread(612): displayThread(612): receive CMD_DISPLAY_PAUSE
W/CameraService(  155): CameraService::connect X (pid 708, "camera_test") rejected (camera 0 is still busy).
W/CameraBase(  708): An error occurred while connecting to camera: 0
--------- beginning of crash
F/libc    (  708): Fatal signal 11 (SIGSEGV), code 1, fault addr 0x8 in tid 708 (my12doom_camera)
E/DEBUG   (  164): Failed to find a valid tombstone, default to using tombstone 0.
E/DEBUG   (  164): failed to open tombstone file '/data/tombstones/tombstone_00': No such file or directory
I/DEBUG   (  164): Skipping tombstone write, nothing to do.
D/SurfaceFlinger(  154): shader cache generated - 24 shaders in 238.924576 ms
W/CameraService(  155): CameraService::connect X (pid 723, "camera_test") rejected (camera 0 is still busy).
W/CameraBase(  723): An error occurred while connecting to camera: 0
F/libc    (  723): Fatal signal 11 (SIGSEGV), code 1, fault addr 0x8 in tid 723 (my12doom_camera)
E/DEBUG   (  164): Failed to find a valid tombstone, default to using tombstone 0.
E/DEBUG   (  164): failed to open tombstone file '/data/tombstones/tombstone_00': No such file or directory
I/DEBUG   (  164): Skipping tombstone write, nothing to do.
W/CameraService(  155): CameraService::connect X (pid 755, "camera_test") rejected (camera 0 is still busy).
W/CameraBase(  755): An error occurred while connecting to camera: 0
F/libc    (  755): Fatal signal 11 (SIGSEGV), code 1, fault addr 0x8 in tid 755 (my12doom_camera)
E/DEBUG   (  164): Failed to find a valid tombstone, default to using tombstone 0.
E/DEBUG   (  164): failed to open tombstone file '/data/tombstones/tombstone_00': No such file or directory
I/DEBUG   (  164): Skipping tombstone write, nothing to do.
W/CameraService(  155): CameraService::connect X (pid 765, "camera_test") rejected (camera 0 is still busy).
W/CameraBase(  765): An error occurred while connecting to camera: 0
F/libc    (  765): Fatal signal 11 (SIGSEGV), code 1, fault addr 0x8 in tid 765 (my12doom_camera)
E/DEBUG   (  164): Failed to find a valid tombstone, default to using tombstone 0.
E/DEBUG   (  164): failed to open tombstone file '/data/tombstones/tombstone_00': No such file or directory
I/DEBUG   (  164): Skipping tombstone write, nothing to do.
W/CameraService(  155): CameraService::connect X (pid 770, "camera_test") rejected (camera 0 is still busy).
W/CameraBase(  770): An error occurred while connecting to camera: 0
F/libc    (  770): Fatal signal 11 (SIGSEGV), code 1, fault addr 0x8 in tid 770 (my12doom_camera)
E/DEBUG   (  164): Failed to find a valid tombstone, default to using tombstone 0.
E/DEBUG   (  164): failed to open tombstone file '/data/tombstones/tombstone_00': No such file or directory
I/DEBUG   (  164): Skipping tombstone write, nothing to do.
W/CameraService(  155): CameraService::connect X (pid 783, "camera_test") rejected (camera 0 is still busy).
W/CameraBase(  783): An error occurred while connecting to camera: 0
F/libc    (  783): Fatal signal 11 (SIGSEGV), code 1, fault addr 0x8 in tid 783 (my12doom_camera)
E/DEBUG   (  164): Failed to find a valid tombstone, default to using tombstone 0.
E/DEBUG   (  164): failed to open tombstone file '/data/tombstones/tombstone_00': No such file or directory
I/DEBUG   (  164): Skipping tombstone write, nothing to do.
E/CameraService(  155): CameraService::connect X (pid 793) rejected (invalid cameraId 1).
W/CameraBase(  793): An error occurred while connecting to camera: 1
F/libc    (  793): Fatal signal 11 (SIGSEGV), code 1, fault addr 0x8 in tid 793 (my12doom_camera)
E/DEBUG   (  164): Failed to find a valid tombstone, default to using tombstone 0.
E/DEBUG   (  164): failed to open tombstone file '/data/tombstones/tombstone_00': No such file or directory
I/DEBUG   (  164): Skipping tombstone write, nothing to do.
W/CameraService(  155): CameraService::connect X (pid 803, "camera_test") rejected (camera 0 is still busy).
W/CameraBase(  803): An error occurred while connecting to camera: 0
F/libc    (  803): Fatal signal 11 (SIGSEGV), code 1, fault addr 0x8 in tid 803 (my12doom_camera)
E/DEBUG   (  164): Failed to find a valid tombstone, default to using tombstone 0.
E/DEBUG   (  164): failed to open tombstone file '/data/tombstones/tombstone_00': No such file or directory
I/DEBUG   (  164): Skipping tombstone write, nothing to do.
W/CameraService(  155): CameraService::connect X (pid 818, "camera_test") rejected (camera 0 is still busy).
W/CameraBase(  818): An error occurred while connecting to camera: 0
F/libc    (  818): Fatal signal 11 (SIGSEGV), code 1, fault addr 0x8 in tid 818 (my12doom_camera)
E/DEBUG   (  164): Failed to find a valid tombstone, default to using tombstone 0.
E/DEBUG   (  164): failed to open tombstone file '/data/tombstones/tombstone_00': No such file or directory
I/DEBUG   (  164): Skipping tombstone write, nothing to do.
W/CameraService(  155): CameraService::connect X (pid 833, "camera_test") rejected (camera 0 is still busy).
W/CameraBase(  833): An error occurred while connecting to camera: 0
F/libc    (  833): Fatal signal 11 (SIGSEGV), code 1, fault addr 0x8 in tid 833 (my12doom_camera)
E/DEBUG   (  164): Failed to find a valid tombstone, default to using tombstone 0.
E/DEBUG   (  164): failed to open tombstone file '/data/tombstones/tombstone_00': No such file or directory
I/DEBUG   (  164): Skipping tombstone write, nothing to do.
W/CameraService(  155): CameraService::connect X (pid 844, "camera_test") rejected (camera 0 is still busy).
W/CameraBase(  844): An error occurred while connecting to camera: 0
F/libc    (  844): Fatal signal 11 (SIGSEGV), code 1, fault addr 0x8 in tid 844 (my12doom_camera)
E/DEBUG   (  164): Failed to find a valid tombstone, default to using tombstone 0.
E/DEBUG   (  164): failed to open tombstone file '/data/tombstones/tombstone_00': No such file or directory
I/DEBUG   (  164): Skipping tombstone write, nothing to do.
I/gralloc (  155): [File] : hardware/rockchip/libgralloc/gralloc_module.cpp; [Line] : 66; [Func] : gralloc_device_open;
I/gralloc (  155): to open device 'gpu0' in gralloc_module with ver '1.0.2' on arm_release_ver 'r6p0-02rel0', built at '10:51:34', on 'Aug  6 2016'.
D/gralloc (  155): gralloc_device_open new neiw fd=117
D/gralloc (  155): g_MMU_stat=1
W/gralloc (  155):  Debugmem The fd=118, in vmalloc !!!! Ishwc=0
W/gralloc (  155):  Debugmem The fd=125, in vmalloc !!!! Ishwc=0
W/gralloc (  155):  Debugmem The fd=126, in vmalloc !!!! Ishwc=0
W/gralloc (  155):  Debugmem The fd=127, in vmalloc !!!! Ishwc=0
W/gralloc (  155):  Debugmem The fd=128, in vmalloc !!!! Ishwc=0
W/gralloc (  155):  Debugmem The fd=129, in vmalloc !!!! Ishwc=0
W/gralloc (  155):  Debugmem The fd=131, in vmalloc !!!! Ishwc=0
W/gralloc (  155):  Debugmem The fd=132, in vmalloc !!!! Ishwc=0
W/gralloc (  155):  Debugmem The fd=133, in vmalloc !!!! Ishwc=0
W/gralloc (  155):  Debugmem The fd=134, in vmalloc !!!! Ishwc=0
W/gralloc (  155):  Debugmem The fd=135, in vmalloc !!!! Ishwc=0
E/CameraHal(  155): buffer_alloc(194): in buffer ueler alloc init euler done
E/CameraHal(  155): 
E/CameraHal(  155): GpuProcess_transferEu(348): in GpuProcess_transferEu
D/libEGL  (  155): loaded /vendor/lib/egl/libGLES_mali.so
I/mali_so (  155): [File] : hardware/arm/maliT760/driver/product/base/src/mali_base_kbase.c; [Line] : 780; [Func] : base_context_deal_with_version_affairs_rk_ext;
I/mali_so (  155): arm_release_ver of this mali_so is 'r6p0-02rel0', rk_so_ver is '11@0', built at '17:59:04', on 'Aug 12 2015'.
I/mali_so (  155): [File] : hardware/arm/maliT760/driver/product/base/src/mali_base_kbase.c; [Line] : 807; [Func] : base_context_deal_with_version_affairs_rk_ext;
I/mali_so (  155): mali_ver_property has been set to 'r6p0-02rel0-13-11@0', to return.
E/libEGL  (  155): call to OpenGL ES API with no current context (logged once per thread)
E/libEGL  (  155): call to OpenGL ES API with no current context (logged once per thread)
E/libEGL  (  155): call to OpenGL ES API with no current context (logged once per thread)
E/libEGL  (  155): call to OpenGL ES API with no current context (logged once per thread)
E/CameraHal(  155): initializeEGL(539): set up Graphiok
E/CameraHal(  155): fence(687): dup 140
E/CameraHal(  155): GpuProcess_initizlizeEuler(916): Egl init done 1  1
E/CameraHal(  155): GpuProcess_initizlizeEuler(919): set texBuffer ok
E/CameraHal(  155): GpuProcessConfig_t(242): Init euler ok,flag 
E/CameraHal(  155): createFromBuffer(306): graphBuf = b84f9b38, handleFormat = 15,width = 3120,height = 3120
E/CameraHal(  155): createImageKHR(185): got width = 3120 height = 3120
E/CameraHal(  155): createFromBuffer(219): target = GL_TEXTURE_EXTERNAL_OES
E/CameraHal(  155): createFromBuffer(306): graphBuf = b84fd5d0, handleFormat = 1,width = 1920,height = 1080
E/CameraHal(  155): createImageKHR(185): got width = 1920 height = 1080
E/CameraHal(  155): createFromBuffer(214): target = GL_TEXTURE_2D
E/CameraHal(  155): setupTexture(427): euler inBuf [0] saved 0xb8414a08  0xb84fd5b8 
E/CameraHal(  155): setupTexture(428): euler outBuf [0] saved 0xb841abe8  0xb84cdd78 
D/CameraHal(  155): frameTimestamp bigger the newst SensorEvent 1611114388232308934
