--------- beginning of main
I/installd(    0): installd firing up
--------- beginning of system
E/DrmService(    0): ----------------running drmservice---------------
E/DrmService(    0): ----------serianno =F8QWG6LRRY
I/Netd    (    0): Netd 1.0 starting
E/DrmService(    0): auto generate serialno,serialno = F8QWG6LRRY
E/DrmService(    0): rknand_sys_storage open fail
E/DrmService(    0): detect keybox disabled
E/logwrapper(    0): executing /system/bin/iptables failed: No such file or directory
E/logwrapper(    0): executing /system/bin/ip6tables failed: No such file or directory
E/logwrapper(    0): executing /system/bin/iptables failed: No such file or directory
E/logwrapper(    0): executing /system/bin/ip6tables failed: No such file or directory
E/logwrapper(    0): executing /system/bin/iptables failed: No such file or directory
E/logwrapper(    0): executing /system/bin/ip6tables failed: No such file or directory
I/iptables(    0): executing /system/bin/iptables failed: No such file or directory
E/logwrapper(    0): executing /system/bin/iptables failed: No such file or directory
I/iptables(    0): iptables terminated by exit(255)
E/Netd    (    0): exec() res=0, status=65280 for /system/bin/iptables -t filter -N bw_INPUT 
I/ip6tables(    0): executing /system/bin/ip6tables failed: No such file or directory
E/logwrapper(    0): executing /system/bin/ip6tables failed: No such file or directory
I/ip6tables(    0): ip6tables terminated by exit(255)
E/Netd    (    0): exec() res=0, status=65280 for /system/bin/ip6tables -t filter -N bw_INPUT 
E/logwrapper(    0): executing /system/bin/iptables failed: No such file or directory
I/iptables(    0): executing /system/bin/iptables failed: No such file or directory
I/iptables(    0): iptables terminated by exit(255)
E/Netd    (    0): exec() res=0, status=65280 for /system/bin/iptables -t filter -A INPUT -j bw_INPUT 
I/ip6tables(    0): executing /system/bin/ip6tables failed: No such file or directory
E/logwrapper(    0): executing /system/bin/ip6tables failed: No such file or directory
I/ip6tables(    0): ip6tables terminated by exit(255)
E/Netd    (    0): exec() res=0, status=65280 for /system/bin/ip6tables -t filter -A INPUT -j bw_INPUT 
E/logwrapper(    0): executing /system/bin/iptables failed: No such file or directory
E/logwrapper(    0): executing /system/bin/ip6tables failed: No such file or directory
E/logwrapper(    0): executing /system/bin/iptables failed: No such file or directory
E/logwrapper(    0): executing /system/bin/ip6tables failed: No such file or directory
E/logwrapper(    0): executing /system/bin/iptables failed: No such file or directory
E/logwrapper(    0): executing /system/bin/ip6tables failed: No such file or directory
E/logwrapper(    0): executing /system/bin/iptables failed: No such file or directory
I/iptables(    0): executing /system/bin/iptables failed: No such file or directory
I/iptables(    0): iptables terminated by exit(255)
E/Netd    (    0): exec() res=0, status=65280 for /system/bin/iptables -t filter -N fw_INPUT 
E/logwrapper(    0): executing /system/bin/ip6tables failed: No such file or directory
I/ip6tables(    0): executing /system/bin/ip6tables failed: No such file or directory
I/ip6tables(    0): ip6tables terminated by exit(255)
E/Netd    (    0): exec() res=0, status=65280 for /system/bin/ip6tables -t filter -N fw_INPUT 
I/iptables(    0): executing /system/bin/iptables failed: No such file or directory
E/logwrapper(    0): executing /system/bin/iptables failed: No such file or directory
I/iptables(    0): iptables terminated by exit(255)
E/Netd    (    0): exec() res=0, status=65280 for /system/bin/iptables -t filter -A INPUT -j fw_INPUT 
E/logwrapper(    0): executing /system/bin/ip6tables failed: No such file or directory
I/ip6tables(    0): executing /system/bin/ip6tables failed: No such file or directory
I/ip6tables(    0): ip6tables terminated by exit(255)
E/Netd    (    0): exec() res=0, status=65280 for /system/bin/ip6tables -t filter -A INPUT -j fw_INPUT 
E/logwrapper(    0): executing /system/bin/iptables failed: No such file or directory
E/logwrapper(    0): executing /system/bin/ip6tables failed: No such file or directory
E/logwrapper(    0): executing /system/bin/iptables failed: No such file or directory
E/logwrapper(    0): executing /system/bin/ip6tables failed: No such file or directory
E/logwrapper(    0): executing /system/bin/iptables failed: No such file or directory
E/logwrapper(    0): executing /system/bin/ip6tables failed: No such file or directory
I/iptables(    0): executing /system/bin/iptables failed: No such file or directory
E/logwrapper(    0): executing /system/bin/iptables failed: No such file or directory
I/iptables(    0): iptables terminated by exit(255)
E/Netd    (    0): exec() res=0, status=65280 for /system/bin/iptables -t filter -N oem_fwd 
E/logwrapper(    0): executing /system/bin/ip6tables failed: No such file or directory
I/ip6tables(    0): executing /system/bin/ip6tables failed: No such file or directory
I/ip6tables(    0): ip6tables terminated by exit(255)
E/Netd    (    0): exec() res=0, status=65280 for /system/bin/ip6tables -t filter -N oem_fwd 
I/iptables(    0): executing /system/bin/iptables failed: No such file or directory
E/logwrapper(    0): executing /system/bin/iptables failed: No such file or directory
I/iptables(    0): iptables terminated by exit(255)
E/Netd    (    0): exec() res=0, status=65280 for /system/bin/iptables -t filter -A FORWARD -j oem_fwd 
I/ip6tables(    0): executing /system/bin/ip6tables failed: No such file or directory
E/logwrapper(    0): executing /system/bin/ip6tables failed: No such file or directory
I/ip6tables(    0): ip6tables terminated by exit(255)
E/Netd    (    0): exec() res=0, status=65280 for /system/bin/ip6tables -t filter -A FORWARD -j oem_fwd 
E/logwrapper(    0): executing /system/bin/iptables failed: No such file or directory
E/logwrapper(    0): executing /system/bin/ip6tables failed: No such file or directory
E/logwrapper(    0): executing /system/bin/iptables failed: No such file or directory
E/logwrapper(    0): executing /system/bin/ip6tables failed: No such file or directory
E/logwrapper(    0): executing /system/bin/iptables failed: No such file or directory
E/logwrapper(    0): executing /system/bin/ip6tables failed: No such file or directory
E/logwrapper(    0): executing /system/bin/iptables failed: No such file or directory
I/iptables(    0): executing /system/bin/iptables failed: No such file or directory
I/iptables(    0): iptables terminated by exit(255)
E/Netd    (    0): exec() res=0, status=65280 for /system/bin/iptables -t filter -N fw_FORWARD 
I/ip6tables(    0): executing /system/bin/ip6tables failed: No such file or directory
E/logwrapper(    0): executing /system/bin/ip6tables failed: No such file or directory
I/ip6tables(    0): ip6tables terminated by exit(255)
E/Netd    (    0): exec() res=0, status=65280 for /system/bin/ip6tables -t filter -N fw_FORWARD 
I/iptables(    0): executing /system/bin/iptables failed: No such file or directory
E/logwrapper(    0): executing /system/bin/iptables failed: No such file or directory
I/iptables(    0): iptables terminated by exit(255)
E/Netd    (    0): exec() res=0, status=65280 for /system/bin/iptables -t filter -A FORWARD -j fw_FORWARD 
E/logwrapper(    0): executing /system/bin/ip6tables failed: No such file or directory
I/ip6tables(    0): executing /system/bin/ip6tables failed: No such file or directory
I/ip6tables(    0): ip6tables terminated by exit(255)
E/Netd    (    0): exec() res=0, status=65280 for /system/bin/ip6tables -t filter -A FORWARD -j fw_FORWARD 
E/logwrapper(    0): executing /system/bin/iptables failed: No such file or directory
E/logwrapper(    0): executing /system/bin/ip6tables failed: No such file or directory
E/logwrapper(    0): executing /system/bin/iptables failed: No such file or directory
E/logwrapper(    0): executing /system/bin/ip6tables failed: No such file or directory
E/logwrapper(    0): executing /system/bin/iptables failed: No such file or directory
E/logwrapper(    0): executing /system/bin/ip6tables failed: No such file or directory
E/logwrapper(    0): executing /system/bin/iptables failed: No such file or directory
I/iptables(    0): executing /system/bin/iptables failed: No such file or directory
I/iptables(    0): iptables terminated by exit(255)
E/Netd    (    0): exec() res=0, status=65280 for /system/bin/iptables -t filter -N bw_FORWARD 
E/logwrapper(    0): executing /system/bin/ip6tables failed: No such file or directory
I/ip6tables(    0): executing /system/bin/ip6tables failed: No such file or directory
I/ip6tables(    0): ip6tables terminated by exit(255)
E/Netd    (    0): exec() res=0, status=65280 for /system/bin/ip6tables -t filter -N bw_FORWARD 
E/logwrapper(    0): executing /system/bin/iptables failed: No such file or directory
I/iptables(    0): executing /system/bin/iptables failed: No such file or directory
I/iptables(    0): iptables terminated by exit(255)
E/Netd    (    0): exec() res=0, status=65280 for /system/bin/iptables -t filter -A FORWARD -j bw_FORWARD 
E/logwrapper(    0): executing /system/bin/ip6tables failed: No such file or directory
I/ip6tables(    0): executing /system/bin/ip6tables failed: No such file or directory
I/ip6tables(    0): ip6tables terminated by exit(255)
E/Netd    (    0): exec() res=0, status=65280 for /system/bin/ip6tables -t filter -A FORWARD -j bw_FORWARD 
E/logwrapper(    0): executing /system/bin/iptables failed: No such file or directory
E/logwrapper(    0): executing /system/bin/ip6tables failed: No such file or directory
E/logwrapper(    0): executing /system/bin/iptables failed: No such file or directory
E/logwrapper(    0): executing /system/bin/ip6tables failed: No such file or directory
E/logwrapper(    0): executing /system/bin/iptables failed: No such file or directory
E/logwrapper(    0): executing /system/bin/ip6tables failed: No such file or directory
E/logwrapper(    0): executing /system/bin/iptables failed: No such file or directory
I/iptables(    0): executing /system/bin/iptables failed: No such file or directory
I/iptables(    0): iptables terminated by exit(255)
E/Netd    (    0): exec() res=0, status=65280 for /system/bin/iptables -t filter -N natctrl_FORWARD 
E/logwrapper(    0): executing /system/bin/ip6tables failed: No such file or directory
I/ip6tables(    0): executing /system/bin/ip6tables failed: No such file or directory
I/ip6tables(    0): ip6tables terminated by exit(255)
E/Netd    (    0): exec() res=0, status=65280 for /system/bin/ip6tables -t filter -N natctrl_FORWARD 
E/logwrapper(    0): executing /system/bin/iptables failed: No such file or directory
I/iptables(    0): executing /system/bin/iptables failed: No such file or directory
I/iptables(    0): iptables terminated by exit(255)
E/Netd    (    0): exec() res=0, status=65280 for /system/bin/iptables -t filter -A FORWARD -j natctrl_FORWARD 
E/logwrapper(    0): executing /system/bin/ip6tables failed: No such file or directory
I/ip6tables(    0): executing /system/bin/ip6tables failed: No such file or directory
I/ip6tables(    0): ip6tables terminated by exit(255)
E/Netd    (    0): exec() res=0, status=65280 for /system/bin/ip6tables -t filter -A FORWARD -j natctrl_FORWARD 
E/logwrapper(    0): executing /system/bin/iptables failed: No such file or directory
E/logwrapper(    0): executing /system/bin/ip6tables failed: No such file or directory
E/logwrapper(    0): executing /system/bin/iptables failed: No such file or directory
E/logwrapper(    0): executing /system/bin/ip6tables failed: No such file or directory
E/logwrapper(    0): executing /system/bin/iptables failed: No such file or directory
E/logwrapper(    0): executing /system/bin/ip6tables failed: No such file or directory
I/iptables(    0): executing /system/bin/iptables failed: No such file or directory
E/logwrapper(    0): executing /system/bin/iptables failed: No such file or directory
I/iptables(    0): iptables terminated by exit(255)
E/Netd    (    0): exec() res=0, status=65280 for /system/bin/iptables -t filter -N oem_out 
E/logwrapper(    0): executing /system/bin/ip6tables failed: No such file or directory
I/ip6tables(    0): executing /system/bin/ip6tables failed: No such file or directory
I/ip6tables(    0): ip6tables terminated by exit(255)
E/Netd    (    0): exec() res=0, status=65280 for /system/bin/ip6tables -t filter -N oem_out 
I/iptables(    0): executing /system/bin/iptables failed: No such file or directory
E/logwrapper(    0): executing /system/bin/iptables failed: No such file or directory
I/iptables(    0): iptables terminated by exit(255)
E/Netd    (    0): exec() res=0, status=65280 for /system/bin/iptables -t filter -A OUTPUT -j oem_out 
E/logwrapper(    0): executing /system/bin/ip6tables failed: No such file or directory
I/ip6tables(    0): executing /system/bin/ip6tables failed: No such file or directory
I/ip6tables(    0): ip6tables terminated by exit(255)
E/Netd    (    0): exec() res=0, status=65280 for /system/bin/ip6tables -t filter -A OUTPUT -j oem_out 
E/logwrapper(    0): executing /system/bin/iptables failed: No such file or directory
I/        (    0): debuggerd: Aug  6 2016 10:49:52
I/lowmemorykiller(  151): Using in-kernel low memory killer interface
I/Vold    (  153): Vold 2.1 (the revenge) firing up
E/DirectVolume(  153): Vold managed volumes must have auto mount point; ignoring /mnt/internal_sd
D/Vold    (  153): Volume internal_sd state changing -1 (Initializing) -> 0 (No-Media)
E/Vold    (  153): label internal_sd addPath /devices/ff0f0000.rksdmmc/mmc_host/mmc
E/DirectVolume(  153): Vold managed volumes must have auto mount point; ignoring /mnt/external_sd
I/Vold    (  153): Error(call No.1) opening /sys/sd-sdio/rescan in the file of Volume.cpp
D/Vold    (  153): Volume external_sd state changing -1 (Initializing) -> 0 (No-Media)
E/Vold    (  153): label external_sd addPath /devices/ff0c0000.rksdmmc/mmc_host/mmc
E/DirectVolume(  153): Vold managed volumes must have auto mount point; ignoring /mnt/usb_storage
D/Vold    (  153): Volume usb_storage state changing -1 (Initializing) -> 0 (No-Media)
E/Vold    (  153): label usb_storage addPath /devices/ff580000.usb
E/Vold    (  153): Start Misc devices Manager...
D/Vold    (  153): Vendor path: /sys/bus/usb/devices/1-1/idVendor
D/Vold    (  153): === config_file is: 0000_0000
D/Vold    (  153): zj add NetlinkHandler.cpp 49  subys = block
D/NetlinkEvent(  153): NL param 'DEVPATH=/devices/virtual/block/loop0'
D/NetlinkEvent(  153): NL param 'MAJOR=7'
D/NetlinkEvent(  153): NL param 'MINOR=0'
D/NetlinkEvent(  153): NL param 'DEVNAME=loop0'
D/NetlinkEvent(  153): NL param 'DEVTYPE=disk'
D/NetlinkEvent(  153): NL param 'NPARTS=0'
D/DirectVolume(  153): directvolume DEVPATH = /devices/virtual/block/loop0.
D/DirectVolume(  153): directvolume DEVPATH = /devices/virtual/block/loop0.
D/DirectVolume(  153): directvolume DEVPATH = /devices/virtual/block/loop0.
W/Vold    (  153): No volumes handled block event for '/devices/virtual/block/loop0'
D/Vold    (  153): zj add NetlinkHandler.cpp 49  subys = block
D/NetlinkEvent(  153): NL param 'DEVPATH=/devices/virtual/block/loop1'
D/NetlinkEvent(  153): NL param 'MAJOR=7'
D/NetlinkEvent(  153): NL param 'MINOR=1'
D/NetlinkEvent(  153): NL param 'DEVNAME=loop1'
D/NetlinkEvent(  153): NL param 'DEVTYPE=disk'
D/NetlinkEvent(  153): NL param 'NPARTS=0'
D/DirectVolume(  153): directvolume DEVPATH = /devices/virtual/block/loop1.
D/DirectVolume(  153): directvolume DEVPATH = /devices/virtual/block/loop1.
D/DirectVolume(  153): directvolume DEVPATH = /devices/virtual/block/loop1.
W/Vold    (  153): No volumes handled block event for '/devices/virtual/block/loop1'
D/sd_update(  168): zj add main.cpp [Line] : 256; [Func] : main() tid = 168
I/keystore(  167): SELinux: Keystore SELinux is disabled.
E/logwrapper(  271): executing /system/bin/ip6tables failed: No such file or directory
D/Vold    (  153): zj add NetlinkHandler.cpp 49  subys = block
D/NetlinkEvent(  153): NL param 'DEVPATH=/devices/virtual/block/loop2'
D/NetlinkEvent(  153): NL param 'MAJOR=7'
D/NetlinkEvent(  153): NL param 'MINOR=2'
D/NetlinkEvent(  153): NL param 'DEVNAME=loop2'
D/NetlinkEvent(  153): NL param 'DEVTYPE=disk'
D/NetlinkEvent(  153): NL param 'NPARTS=0'
D/DirectVolume(  153): directvolume DEVPATH = /devices/virtual/block/loop2.
D/DirectVolume(  153): directvolume DEVPATH = /devices/virtual/block/loop2.
D/DirectVolume(  153): directvolume DEVPATH = /devices/virtual/block/loop2.
W/Vold    (  153): No volumes handled block event for '/devices/virtual/block/loop2'
D/Vold    (  153): zj add NetlinkHandler.cpp 49  subys = block
D/NetlinkEvent(  153): NL param 'DEVPATH=/devices/virtual/block/loop3'
D/NetlinkEvent(  153): NL param 'MAJOR=7'
D/NetlinkEvent(  153): NL param 'MINOR=3'
D/NetlinkEvent(  153): NL param 'DEVNAME=loop3'
D/NetlinkEvent(  153): NL param 'DEVTYPE=disk'
D/NetlinkEvent(  153): NL param 'NPARTS=0'
D/DirectVolume(  153): directvolume DEVPATH = /devices/virtual/block/loop3.
D/DirectVolume(  153): directvolume DEVPATH = /devices/virtual/block/loop3.
D/DirectVolume(  153): directvolume DEVPATH = /devices/virtual/block/loop3.
W/Vold    (  153): No volumes handled block event for '/devices/virtual/block/loop3'
D/Vold    (  153): zj add NetlinkHandler.cpp 49  subys = block
D/NetlinkEvent(  153): NL param 'DEVPATH=/devices/virtual/block/loop4'
D/NetlinkEvent(  153): NL param 'MAJOR=7'
D/NetlinkEvent(  153): NL param 'MINOR=4'
D/NetlinkEvent(  153): NL param 'DEVNAME=loop4'
D/NetlinkEvent(  153): NL param 'DEVTYPE=disk'
D/NetlinkEvent(  153): NL param 'NPARTS=0'
D/DirectVolume(  153): directvolume DEVPATH = /devices/virtual/block/loop4.
D/DirectVolume(  153): directvolume DEVPATH = /devices/virtual/block/loop4.
D/DirectVolume(  153): directvolume DEVPATH = /devices/virtual/block/loop4.
W/Vold    (  153): No volumes handled block event for '/devices/virtual/block/loop4'
D/Vold    (  153): zj add NetlinkHandler.cpp 49  subys = block
D/NetlinkEvent(  153): NL param 'DEVPATH=/devices/virtual/block/loop5'
D/NetlinkEvent(  153): NL param 'MAJOR=7'
D/NetlinkEvent(  153): NL param 'MINOR=5'
D/NetlinkEvent(  153): NL param 'DEVNAME=loop5'
D/NetlinkEvent(  153): NL param 'DEVTYPE=disk'
D/NetlinkEvent(  153): NL param 'NPARTS=0'
D/DirectVolume(  153): directvolume DEVPATH = /devices/virtual/block/loop5.
D/DirectVolume(  153): directvolume DEVPATH = /devices/virtual/block/loop5.
D/DirectVolume(  153): directvolume DEVPATH = /devices/virtual/block/loop5.
W/Vold    (  153): No volumes handled block event for '/devices/virtual/block/loop5'
D/Vold    (  153): zj add NetlinkHandler.cpp 49  subys = block
D/NetlinkEvent(  153): NL param 'DEVPATH=/devices/virtual/block/loop6'
D/NetlinkEvent(  153): NL param 'MAJOR=7'
D/NetlinkEvent(  153): NL param 'MINOR=6'
D/NetlinkEvent(  153): NL param 'DEVNAME=loop6'
D/NetlinkEvent(  153): NL param 'DEVTYPE=disk'
D/NetlinkEvent(  153): NL param 'NPARTS=0'
D/DirectVolume(  153): directvolume DEVPATH = /devices/virtual/block/loop6.
D/DirectVolume(  153): directvolume DEVPATH = /devices/virtual/block/loop6.
D/DirectVolume(  153): directvolume DEVPATH = /devices/virtual/block/loop6.
W/Vold    (  153): No volumes handled block event for '/devices/virtual/block/loop6'
D/Vold    (  153): zj add NetlinkHandler.cpp 49  subys = block
D/NetlinkEvent(  153): NL param 'DEVPATH=/devices/virtual/block/loop7'
D/NetlinkEvent(  153): NL param 'MAJOR=7'
D/NetlinkEvent(  153): NL param 'MINOR=7'
D/NetlinkEvent(  153): NL param 'DEVNAME=loop7'
D/NetlinkEvent(  153): NL param 'DEVTYPE=disk'
D/NetlinkEvent(  153): NL param 'NPARTS=0'
D/DirectVolume(  153): directvolume DEVPATH = /devices/virtual/block/loop7.
D/DirectVolume(  153): directvolume DEVPATH = /devices/virtual/block/loop7.
D/DirectVolume(  153): directvolume DEVPATH = /devices/virtual/block/loop7.
W/Vold    (  153): No volumes handled block event for '/devices/virtual/block/loop7'
D/Vold    (  153): zj add NetlinkHandler.cpp 49  subys = block
D/NetlinkEvent(  153): NL param 'DEVPATH=/devices/virtual/block/zram0'
D/NetlinkEvent(  153): NL param 'MAJOR=254'
D/NetlinkEvent(  153): NL param 'MINOR=0'
D/NetlinkEvent(  153): NL param 'DEVNAME=zram0'
D/NetlinkEvent(  153): NL param 'DEVTYPE=disk'
D/NetlinkEvent(  153): NL param 'NPARTS=0'
D/DirectVolume(  153): directvolume DEVPATH = /devices/virtual/block/zram0.
D/DirectVolume(  153): directvolume DEVPATH = /devices/virtual/block/zram0.
D/DirectVolume(  153): directvolume DEVPATH = /devices/virtual/block/zram0.
W/Vold    (  153): No volumes handled block event for '/devices/virtual/block/zram0'
D/Vold    (  153): zj add NetlinkHandler.cpp 49  subys = block
D/NetlinkEvent(  153): NL param 'DEVPATH=/devices/ff0f0000.rksdmmc/mmc_host/mmc0/mmc0:0001/block/mmcblk0'
D/NetlinkEvent(  153): NL param 'MAJOR=179'
D/NetlinkEvent(  153): NL param 'MINOR=0'
D/NetlinkEvent(  153): NL param 'DEVNAME=mmcblk0'
D/NetlinkEvent(  153): NL param 'DEVTYPE=disk'
D/NetlinkEvent(  153): NL param 'NPARTS=14'
D/DirectVolume(  153): directvolume DEVPATH = /devices/ff0f0000.rksdmmc/mmc_host/mmc0/mmc0:0001/block/mmcblk0.
W/DirectVolume(  153): Deprecated implied prefix pattern detected, please use '/devices/ff0f0000.rksdmmc/mmc_host/mmc*' instead
D/DirectVolume(  153): DEVTYPE = disk.
D/DirectVolume(  153): ----handleDiskAdded,mDiskNumParts =14,mDiskMajor=179,mDiskMinor=0
D/DirectVolume(  153): Dv::diskIns - waiting for 14 pending partitions
D/Vold    (  153): Volume internal_sd state changing 0 (No-Media) -> 2 (Pending)
D/Vold    (  153): Device '/devices/ff0f0000.rksdmmc/mmc_host/mmc0/mmc0:0001/block/mmcblk0' event handled by volume internal_sd
D/Vold    (  153): zj add NetlinkHandler.cpp 49  subys = block
D/NetlinkEvent(  153): NL param 'DEVPATH=/devices/ff0f0000.rksdmmc/mmc_host/mmc0/mmc0:0001/block/mmcblk0/mmcblk0p1'
D/NetlinkEvent(  153): NL param 'MAJOR=179'
D/NetlinkEvent(  153): NL param 'MINOR=1'
D/NetlinkEvent(  153): NL param 'DEVNAME=mmcblk0p1'
D/NetlinkEvent(  153): NL param 'DEVTYPE=partition'
D/NetlinkEvent(  153): NL param 'PARTN=1'
D/NetlinkEvent(  153): NL param 'PARTNAME=uboot'
D/DirectVolume(  153): directvolume DEVPATH = /devices/ff0f0000.rksdmmc/mmc_host/mmc0/mmc0:0001/block/mmcblk0/mmcblk0p1.
D/DirectVolume(  153): DEVTYPE = partition.
D/DirectVolume(  153): ---handlePartitionAdded,part_num=1,major=179,minor=1,mDiskMajor=179
D/DirectVolume(  153): Dv:partAdd: part_num = 1, minor = 1
D/DirectVolume(  153): Dv:partAdd: pending 13 disk
D/Vold    (  153): Device '/devices/ff0f0000.rksdmmc/mmc_host/mmc0/mmc0:0001/block/mmcblk0/mmcblk0p1' event handled by volume internal_sd
D/Vold    (  153): zj add NetlinkHandler.cpp 49  subys = block
D/NetlinkEvent(  153): NL param 'DEVPATH=/devices/ff0f0000.rksdmmc/mmc_host/mmc0/mmc0:0001/block/mmcblk0/mmcblk0p2'
D/NetlinkEvent(  153): NL param 'MAJOR=179'
D/NetlinkEvent(  153): NL param 'MINOR=2'
D/NetlinkEvent(  153): NL param 'DEVNAME=mmcblk0p2'
D/NetlinkEvent(  153): NL param 'DEVTYPE=partition'
D/NetlinkEvent(  153): NL param 'PARTN=2'
D/NetlinkEvent(  153): NL param 'PARTNAME=misc'
D/DirectVolume(  153): directvolume DEVPATH = /devices/ff0f0000.rksdmmc/mmc_host/mmc0/mmc0:0001/block/mmcblk0/mmcblk0p2.
D/DirectVolume(  153): DEVTYPE = partition.
D/DirectVolume(  153): ---handlePartitionAdded,part_num=2,major=179,minor=2,mDiskMajor=179
D/DirectVolume(  153): Dv:partAdd: part_num = 2, minor = 2
D/DirectVolume(  153): Dv:partAdd: pending 12 disk
D/Vold    (  153): Device '/devices/ff0f0000.rksdmmc/mmc_host/mmc0/mmc0:0001/block/mmcblk0/mmcblk0p2' event handled by volume internal_sd
D/Vold    (  153): zj add NetlinkHandler.cpp 49  subys = block
D/NetlinkEvent(  153): NL param 'DEVPATH=/devices/ff0f0000.rksdmmc/mmc_host/mmc0/mmc0:0001/block/mmcblk0/mmcblk0p3'
D/NetlinkEvent(  153): NL param 'MAJOR=179'
D/NetlinkEvent(  153): NL param 'MINOR=3'
D/NetlinkEvent(  153): NL param 'DEVNAME=mmcblk0p3'
D/NetlinkEvent(  153): NL param 'DEVTYPE=partition'
D/NetlinkEvent(  153): NL param 'PARTN=3'
D/NetlinkEvent(  153): NL param 'PARTNAME=resource'
D/DirectVolume(  153): directvolume DEVPATH = /devices/ff0f0000.rksdmmc/mmc_host/mmc0/mmc0:0001/block/mmcblk0/mmcblk0p3.
D/DirectVolume(  153): DEVTYPE = partition.
D/DirectVolume(  153): ---handlePartitionAdded,part_num=3,major=179,minor=3,mDiskMajor=179
D/DirectVolume(  153): Dv:partAdd: part_num = 3, minor = 3
D/DirectVolume(  153): Dv:partAdd: pending 11 disk
D/Vold    (  153): Device '/devices/ff0f0000.rksdmmc/mmc_host/mmc0/mmc0:0001/block/mmcblk0/mmcblk0p3' event handled by volume internal_sd
D/Vold    (  153): zj add NetlinkHandler.cpp 49  subys = block
D/NetlinkEvent(  153): NL param 'DEVPATH=/devices/ff0f0000.rksdmmc/mmc_host/mmc0/mmc0:0001/block/mmcblk0/mmcblk0p4'
D/NetlinkEvent(  153): NL param 'MAJOR=179'
D/NetlinkEvent(  153): NL param 'MINOR=4'
D/NetlinkEvent(  153): NL param 'DEVNAME=mmcblk0p4'
D/NetlinkEvent(  153): NL param 'DEVTYPE=partition'
D/NetlinkEvent(  153): NL param 'PARTN=4'
D/NetlinkEvent(  153): NL param 'PARTNAME=kernel'
D/DirectVolume(  153): directvolume DEVPATH = /devices/ff0f0000.rksdmmc/mmc_host/mmc0/mmc0:0001/block/mmcblk0/mmcblk0p4.
D/DirectVolume(  153): DEVTYPE = partition.
D/DirectVolume(  153): ---handlePartitionAdded,part_num=4,major=179,minor=4,mDiskMajor=179
D/DirectVolume(  153): Dv:partAdd: part_num = 4, minor = 4
D/DirectVolume(  153): Dv:partAdd: pending 10 disk
D/Vold    (  153): Device '/devices/ff0f0000.rksdmmc/mmc_host/mmc0/mmc0:0001/block/mmcblk0/mmcblk0p4' event handled by volume internal_sd
D/Vold    (  153): zj add NetlinkHandler.cpp 49  subys = block
D/NetlinkEvent(  153): NL param 'DEVPATH=/devices/ff0f0000.rksdmmc/mmc_host/mmc0/mmc0:0001/block/mmcblk0/mmcblk0p5'
D/NetlinkEvent(  153): NL param 'MAJOR=179'
D/NetlinkEvent(  153): NL param 'MINOR=5'
D/NetlinkEvent(  153): NL param 'DEVNAME=mmcblk0p5'
D/NetlinkEvent(  153): NL param 'DEVTYPE=partition'
D/NetlinkEvent(  153): NL param 'PARTN=5'
D/NetlinkEvent(  153): NL param 'PARTNAME=boot'
D/DirectVolume(  153): directvolume DEVPATH = /devices/ff0f0000.rksdmmc/mmc_host/mmc0/mmc0:0001/block/mmcblk0/mmcblk0p5.
D/DirectVolume(  153): DEVTYPE = partition.
D/DirectVolume(  153): ---handlePartitionAdded,part_num=5,major=179,minor=5,mDiskMajor=179
D/DirectVolume(  153): Dv:partAdd: part_num = 5, minor = 5
D/DirectVolume(  153): Dv:partAdd: pending 9 disk
D/Vold    (  153): Device '/devices/ff0f0000.rksdmmc/mmc_host/mmc0/mmc0:0001/block/mmcblk0/mmcblk0p5' event handled by volume internal_sd
D/Vold    (  153): zj add NetlinkHandler.cpp 49  subys = block
D/NetlinkEvent(  153): NL param 'DEVPATH=/devices/ff0f0000.rksdmmc/mmc_host/mmc0/mmc0:0001/block/mmcblk0/mmcblk0p6'
D/NetlinkEvent(  153): NL param 'MAJOR=179'
D/NetlinkEvent(  153): NL param 'MINOR=6'
D/NetlinkEvent(  153): NL param 'DEVNAME=mmcblk0p6'
D/NetlinkEvent(  153): NL param 'DEVTYPE=partition'
D/NetlinkEvent(  153): NL param 'PARTN=6'
D/NetlinkEvent(  153): NL param 'PARTNAME=recovery'
D/DirectVolume(  153): directvolume DEVPATH = /devices/ff0f0000.rksdmmc/mmc_host/mmc0/mmc0:0001/block/mmcblk0/mmcblk0p6.
D/DirectVolume(  153): DEVTYPE = partition.
D/DirectVolume(  153): ---handlePartitionAdded,part_num=6,major=179,minor=6,mDiskMajor=179
D/DirectVolume(  153): Dv:partAdd: part_num = 6, minor = 6
D/DirectVolume(  153): Dv:partAdd: pending 8 disk
D/Vold    (  153): Device '/devices/ff0f0000.rksdmmc/mmc_host/mmc0/mmc0:0001/block/mmcblk0/mmcblk0p6' event handled by volume internal_sd
D/Vold    (  153): zj add NetlinkHandler.cpp 49  subys = block
D/NetlinkEvent(  153): NL param 'DEVPATH=/devices/ff0f0000.rksdmmc/mmc_host/mmc0/mmc0:0001/block/mmcblk0/mmcblk0p7'
D/NetlinkEvent(  153): NL param 'MAJOR=179'
D/NetlinkEvent(  153): NL param 'MINOR=7'
D/NetlinkEvent(  153): NL param 'DEVNAME=mmcblk0p7'
D/NetlinkEvent(  153): NL param 'DEVTYPE=partition'
D/NetlinkEvent(  153): NL param 'PARTN=7'
D/NetlinkEvent(  153): NL param 'PARTNAME=backup'
D/DirectVolume(  153): directvolume DEVPATH = /devices/ff0f0000.rksdmmc/mmc_host/mmc0/mmc0:0001/block/mmcblk0/mmcblk0p7.
D/DirectVolume(  153): DEVTYPE = partition.
D/DirectVolume(  153): ---handlePartitionAdded,part_num=7,major=179,minor=7,mDiskMajor=179
D/DirectVolume(  153): Dv:partAdd: part_num = 7, minor = 7
D/DirectVolume(  153): Dv:partAdd: pending 7 disk
D/Vold    (  153): Device '/devices/ff0f0000.rksdmmc/mmc_host/mmc0/mmc0:0001/block/mmcblk0/mmcblk0p7' event handled by volume internal_sd
D/Vold    (  153): zj add NetlinkHandler.cpp 49  subys = block
D/NetlinkEvent(  153): NL param 'DEVPATH=/devices/ff0f0000.rksdmmc/mmc_host/mmc0/mmc0:0001/block/mmcblk0/mmcblk0p8'
D/NetlinkEvent(  153): NL param 'MAJOR=179'
D/NetlinkEvent(  153): NL param 'MINOR=8'
D/NetlinkEvent(  153): NL param 'DEVNAME=mmcblk0p8'
D/NetlinkEvent(  153): NL param 'DEVTYPE=partition'
D/NetlinkEvent(  153): NL param 'PARTN=8'
D/NetlinkEvent(  153): NL param 'PARTNAME=cache'
D/DirectVolume(  153): directvolume DEVPATH = /devices/ff0f0000.rksdmmc/mmc_host/mmc0/mmc0:0001/block/mmcblk0/mmcblk0p8.
D/DirectVolume(  153): DEVTYPE = partition.
D/DirectVolume(  153): ---handlePartitionAdded,part_num=8,major=179,minor=8,mDiskMajor=179
D/DirectVolume(  153): Dv:partAdd: part_num = 8, minor = 8
D/DirectVolume(  153): Dv:partAdd: pending 6 disk
D/Vold    (  153): Device '/devices/ff0f0000.rksdmmc/mmc_host/mmc0/mmc0:0001/block/mmcblk0/mmcblk0p8' event handled by volume internal_sd
D/Vold    (  153): zj add NetlinkHandler.cpp 49  subys = block
D/NetlinkEvent(  153): NL param 'DEVPATH=/devices/ff0f0000.rksdmmc/mmc_host/mmc0/mmc0:0001/block/mmcblk0/mmcblk0p9'
D/NetlinkEvent(  153): NL param 'MAJOR=179'
D/NetlinkEvent(  153): NL param 'MINOR=9'
D/NetlinkEvent(  153): NL param 'DEVNAME=mmcblk0p9'
D/NetlinkEvent(  153): NL param 'DEVTYPE=partition'
D/NetlinkEvent(  153): NL param 'PARTN=9'
D/NetlinkEvent(  153): NL param 'PARTNAME=kpanic'
D/DirectVolume(  153): directvolume DEVPATH = /devices/ff0f0000.rksdmmc/mmc_host/mmc0/mmc0:0001/block/mmcblk0/mmcblk0p9.
D/DirectVolume(  153): DEVTYPE = partition.
D/DirectVolume(  153): ---handlePartitionAdded,part_num=9,major=179,minor=9,mDiskMajor=179
D/DirectVolume(  153): Dv:partAdd: part_num = 9, minor = 9
D/DirectVolume(  153): Dv:partAdd: pending 5 disk
D/Vold    (  153): Device '/devices/ff0f0000.rksdmmc/mmc_host/mmc0/mmc0:0001/block/mmcblk0/mmcblk0p9' event handled by volume internal_sd
D/Vold    (  153): zj add NetlinkHandler.cpp 49  subys = block
D/NetlinkEvent(  153): NL param 'DEVPATH=/devices/ff0f0000.rksdmmc/mmc_host/mmc0/mmc0:0001/block/mmcblk0/mmcblk0p10'
D/NetlinkEvent(  153): NL param 'MAJOR=179'
D/NetlinkEvent(  153): NL param 'MINOR=10'
D/NetlinkEvent(  153): NL param 'DEVNAME=mmcblk0p10'
D/NetlinkEvent(  153): NL param 'DEVTYPE=partition'
D/NetlinkEvent(  153): NL param 'PARTN=10'
D/NetlinkEvent(  153): NL param 'PARTNAME=system'
D/DirectVolume(  153): directvolume DEVPATH = /devices/ff0f0000.rksdmmc/mmc_host/mmc0/mmc0:0001/block/mmcblk0/mmcblk0p10.
D/DirectVolume(  153): DEVTYPE = partition.
D/DirectVolume(  153): ---handlePartitionAdded,part_num=10,major=179,minor=10,mDiskMajor=179
D/DirectVolume(  153): Dv:partAdd: part_num = 10, minor = 10
D/DirectVolume(  153): Dv:partAdd: pending 4 disk
D/Vold    (  153): Device '/devices/ff0f0000.rksdmmc/mmc_host/mmc0/mmc0:0001/block/mmcblk0/mmcblk0p10' event handled by volume internal_sd
D/Vold    (  153): zj add NetlinkHandler.cpp 49  subys = block
D/NetlinkEvent(  153): NL param 'DEVPATH=/devices/ff0f0000.rksdmmc/mmc_host/mmc0/mmc0:0001/block/mmcblk0/mmcblk0p11'
D/NetlinkEvent(  153): NL param 'MAJOR=179'
D/NetlinkEvent(  153): NL param 'MINOR=11'
D/NetlinkEvent(  153): NL param 'DEVNAME=mmcblk0p11'
D/NetlinkEvent(  153): NL param 'DEVTYPE=partition'
D/NetlinkEvent(  153): NL param 'PARTN=11'
D/NetlinkEvent(  153): NL param 'PARTNAME=metadata'
D/DirectVolume(  153): directvolume DEVPATH = /devices/ff0f0000.rksdmmc/mmc_host/mmc0/mmc0:0001/block/mmcblk0/mmcblk0p11.
D/DirectVolume(  153): DEVTYPE = partition.
D/DirectVolume(  153): ---handlePartitionAdded,part_num=11,major=179,minor=11,mDiskMajor=179
D/DirectVolume(  153): Dv:partAdd: part_num = 11, minor = 11
D/DirectVolume(  153): Dv:partAdd: pending 3 disk
D/Vold    (  153): Device '/devices/ff0f0000.rksdmmc/mmc_host/mmc0/mmc0:0001/block/mmcblk0/mmcblk0p11' event handled by volume internal_sd
D/Vold    (  153): zj add NetlinkHandler.cpp 49  subys = block
D/NetlinkEvent(  153): NL param 'DEVPATH=/devices/ff0f0000.rksdmmc/mmc_host/mmc0/mmc0:0001/block/mmcblk0/mmcblk0p12'
D/NetlinkEvent(  153): NL param 'MAJOR=179'
D/NetlinkEvent(  153): NL param 'MINOR=12'
D/NetlinkEvent(  153): NL param 'DEVNAME=mmcblk0p12'
D/NetlinkEvent(  153): NL param 'DEVTYPE=partition'
D/NetlinkEvent(  153): NL param 'PARTN=12'
D/NetlinkEvent(  153): NL param 'PARTNAME=userdata'
D/DirectVolume(  153): directvolume DEVPATH = /devices/ff0f0000.rksdmmc/mmc_host/mmc0/mmc0:0001/block/mmcblk0/mmcblk0p12.
D/DirectVolume(  153): DEVTYPE = partition.
D/DirectVolume(  153): ---handlePartitionAdded,part_num=12,major=179,minor=12,mDiskMajor=179
D/DirectVolume(  153): Dv:partAdd: part_num = 12, minor = 12
D/DirectVolume(  153): Dv:partAdd: pending 2 disk
D/Vold    (  153): Device '/devices/ff0f0000.rksdmmc/mmc_host/mmc0/mmc0:0001/block/mmcblk0/mmcblk0p12' event handled by volume internal_sd
D/Vold    (  153): zj add NetlinkHandler.cpp 49  subys = block
D/NetlinkEvent(  153): NL param 'DEVPATH=/devices/ff0f0000.rksdmmc/mmc_host/mmc0/mmc0:0001/block/mmcblk0/mmcblk0p13'
D/NetlinkEvent(  153): NL param 'MAJOR=179'
D/NetlinkEvent(  153): NL param 'MINOR=13'
D/NetlinkEvent(  153): NL param 'DEVNAME=mmcblk0p13'
D/NetlinkEvent(  153): NL param 'DEVTYPE=partition'
D/NetlinkEvent(  153): NL param 'PARTN=13'
D/NetlinkEvent(  153): NL param 'PARTNAME=radical_update'
D/DirectVolume(  153): directvolume DEVPATH = /devices/ff0f0000.rksdmmc/mmc_host/mmc0/mmc0:0001/block/mmcblk0/mmcblk0p13.
D/DirectVolume(  153): DEVTYPE = partition.
D/DirectVolume(  153): ---handlePartitionAdded,part_num=13,major=179,minor=13,mDiskMajor=179
D/DirectVolume(  153): Dv:partAdd: part_num = 13, minor = 13
D/DirectVolume(  153): Dv:partAdd: pending 1 disk
D/Vold    (  153): Device '/devices/ff0f0000.rksdmmc/mmc_host/mmc0/mmc0:0001/block/mmcblk0/mmcblk0p13' event handled by volume internal_sd
D/Vold    (  153): zj add NetlinkHandler.cpp 49  subys = block
D/NetlinkEvent(  153): NL param 'DEVPATH=/devices/ff0f0000.rksdmmc/mmc_host/mmc0/mmc0:0001/block/mmcblk0/mmcblk0p14'
D/NetlinkEvent(  153): NL param 'MAJOR=179'
D/NetlinkEvent(  153): NL param 'MINOR=14'
D/NetlinkEvent(  153): NL param 'DEVNAME=mmcblk0p14'
D/NetlinkEvent(  153): NL param 'DEVTYPE=partition'
D/NetlinkEvent(  153): NL param 'PARTN=14'
D/NetlinkEvent(  153): NL param 'PARTNAME=user'
D/DirectVolume(  153): directvolume DEVPATH = /devices/ff0f0000.rksdmmc/mmc_host/mmc0/mmc0:0001/block/mmcblk0/mmcblk0p14.
D/DirectVolume(  153): DEVTYPE = partition.
D/DirectVolume(  153): ---handlePartitionAdded,part_num=14,major=179,minor=14,mDiskMajor=179
D/DirectVolume(  153): Dv:partAdd: part_num = 14, minor = 14
D/DirectVolume(  153): Dv:partAdd: Got all partitions - ready to rock!
D/Vold    (  153): Volume internal_sd state changing 2 (Pending) -> 1 (Idle-Unmounted)
D/DirectVolume(  153):  [Line] : 658; [Func] : handlePartitionAdded() getMountpoint() = /mnt/internal_sd
D/DirectVolume(  153):  [Line] : 662; [Func] : handlePartitionAdded() mount /mnt/internal_sd
D/DirectVolume(  153): getDeviceNodes mPartIdx = 14, mDiskNumParts = 14.
E/Vold    (  153): deviceNodes[0]= 0x0000b30e,[1]= 0x00000000,[2]= 0x00000000,[3]= 0x00000000
I/Vold    (  153): /dev/block/vold/179:14 being considered for volume internal_sd,1
I/Vold    (  153):  
D/Vold    (  153): Volume internal_sd state changing 1 (Idle-Unmounted) -> 3 (Checking)
W/Vold    (  153): Skipping fs checks
I/SurfaceFlinger(  154): SurfaceFlinger is starting
E/logwrapper(  277): executing /system/bin/iptables failed: No such file or directory
I/SurfaceFlinger(  154): SurfaceFlinger's main thread ready to run. Initializing graphics H/W...
E/Vold    (  153): ---------set mSkipAsec to enable app2sd because mount Vfat succeed for internal_sd, mountpoint =/mnt/internal_sd
E/logwrapper(  280): executing /system/bin/ip6tables failed: No such file or directory
W/auditd  (  150): type=2000 audit(0.0:1): initialized
W/Vold    (  153): blkid failed to identify /dev/block/vold/179:14
E/logwrapper(  281): executing /system/bin/iptables failed: No such file or directory
E/logwrapper(  283): executing /system/bin/ip6tables failed: No such file or directory
I/iptables(  163): executing /system/bin/iptables failed: No such file or directory
E/logwrapper(  284): executing /system/bin/iptables failed: No such file or directory
I/iptables(  163): iptables terminated by exit(255)
E/Netd    (  163): exec() res=0, status=65280 for /system/bin/iptables -t filter -N fw_OUTPUT 
E/logwrapper(  285): executing /system/bin/ip6tables failed: No such file or directory
I/ip6tables(  163): executing /system/bin/ip6tables failed: No such file or directory
I/ip6tables(  163): ip6tables terminated by exit(255)
E/Netd    (  163): exec() res=0, status=65280 for /system/bin/ip6tables -t filter -N fw_OUTPUT 
I/iptables(  163): executing /system/bin/iptables failed: No such file or directory
E/logwrapper(  286): executing /system/bin/iptables failed: No such file or directory
D/Vold    (  153): Volume internal_sd state changing 3 (Checking) -> 4 (Mounted)
D/Vold    (  153): Device '/devices/ff0f0000.rksdmmc/mmc_host/mmc0/mmc0:0001/block/mmcblk0/mmcblk0p14' event handled by volume internal_sd
I/iptables(  163): iptables terminated by exit(255)
E/Netd    (  163): exec() res=0, status=65280 for /system/bin/iptables -t filter -A OUTPUT -j fw_OUTPUT 
I/ip6tables(  163): executing /system/bin/ip6tables failed: No such file or directory
E/logwrapper(  287): executing /system/bin/ip6tables failed: No such file or directory
I/ip6tables(  163): ip6tables terminated by exit(255)
E/Netd    (  163): exec() res=0, status=65280 for /system/bin/ip6tables -t filter -A OUTPUT -j fw_OUTPUT 
E/logwrapper(  288): executing /system/bin/iptables failed: No such file or directory
E/logwrapper(  289): executing /system/bin/ip6tables failed: No such file or directory
E/logwrapper(  290): executing /system/bin/iptables failed: No such file or directory
E/logwrapper(  291): executing /system/bin/ip6tables failed: No such file or directory
E/logwrapper(  292): executing /system/bin/iptables failed: No such file or directory
E/logwrapper(  293): executing /system/bin/ip6tables failed: No such file or directory
E/logwrapper(  294): executing /system/bin/iptables failed: No such file or directory
I/iptables(  163): executing /system/bin/iptables failed: No such file or directory
I/iptables(  163): iptables terminated by exit(255)
E/Netd    (  163): exec() res=0, status=65280 for /system/bin/iptables -t filter -N bw_OUTPUT 
E/logwrapper(  295): executing /system/bin/ip6tables failed: No such file or directory
I/ip6tables(  163): executing /system/bin/ip6tables failed: No such file or directory
I/ip6tables(  163): ip6tables terminated by exit(255)
E/Netd    (  163): exec() res=0, status=65280 for /system/bin/ip6tables -t filter -N bw_OUTPUT 
I/iptables(  163): executing /system/bin/iptables failed: No such file or directory
E/logwrapper(  296): executing /system/bin/iptables failed: No such file or directory
I/iptables(  163): iptables terminated by exit(255)
E/Netd    (  163): exec() res=0, status=65280 for /system/bin/iptables -t filter -A OUTPUT -j bw_OUTPUT 
E/logwrapper(  297): executing /system/bin/ip6tables failed: No such file or directory
I/ip6tables(  163): executing /system/bin/ip6tables failed: No such file or directory
I/ip6tables(  163): ip6tables terminated by exit(255)
E/Netd    (  163): exec() res=0, status=65280 for /system/bin/ip6tables -t filter -A OUTPUT -j bw_OUTPUT 
E/logwrapper(  298): executing /system/bin/iptables failed: No such file or directory
E/logwrapper(  299): executing /system/bin/ip6tables failed: No such file or directory
E/logwrapper(  300): executing /system/bin/iptables failed: No such file or directory
E/logwrapper(  301): executing /system/bin/ip6tables failed: No such file or directory
E/logwrapper(  302): executing /system/bin/iptables failed: No such file or directory
E/logwrapper(  303): executing /system/bin/ip6tables failed: No such file or directory
I/iptables(  163): executing /system/bin/iptables failed: No such file or directory
E/logwrapper(  304): executing /system/bin/iptables failed: No such file or directory
I/iptables(  163): iptables terminated by exit(255)
E/Netd    (  163): exec() res=0, status=65280 for /system/bin/iptables -t raw -N bw_raw_PREROUTING 
I/ip6tables(  163): executing /system/bin/ip6tables failed: No such file or directory
E/logwrapper(  305): executing /system/bin/ip6tables failed: No such file or directory
I/ip6tables(  163): ip6tables terminated by exit(255)
E/Netd    (  163): exec() res=0, status=65280 for /system/bin/ip6tables -t raw -N bw_raw_PREROUTING 
I/iptables(  163): executing /system/bin/iptables failed: No such file or directory
E/logwrapper(  306): executing /system/bin/iptables failed: No such file or directory
I/iptables(  163): iptables terminated by exit(255)
E/Netd    (  163): exec() res=0, status=65280 for /system/bin/iptables -t raw -A PREROUTING -j bw_raw_PREROUTING 
I/ip6tables(  163): executing /system/bin/ip6tables failed: No such file or directory
E/logwrapper(  308): executing /system/bin/ip6tables failed: No such file or directory
I/ip6tables(  163): ip6tables terminated by exit(255)
E/Netd    (  163): exec() res=0, status=65280 for /system/bin/ip6tables -t raw -A PREROUTING -j bw_raw_PREROUTING 
E/logwrapper(  309): executing /system/bin/iptables failed: No such file or directory
E/logwrapper(  310): executing /system/bin/ip6tables failed: No such file or directory
E/logwrapper(  311): executing /system/bin/iptables failed: No such file or directory
E/logwrapper(  312): executing /system/bin/ip6tables failed: No such file or directory
E/logwrapper(  313): executing /system/bin/iptables failed: No such file or directory
E/logwrapper(  314): executing /system/bin/ip6tables failed: No such file or directory
E/logwrapper(  315): executing /system/bin/iptables failed: No such file or directory
I/iptables(  163): executing /system/bin/iptables failed: No such file or directory
I/iptables(  163): iptables terminated by exit(255)
E/Netd    (  163): exec() res=0, status=65280 for /system/bin/iptables -t raw -N idletimer_raw_PREROUTING 
E/logwrapper(  316): executing /system/bin/ip6tables failed: No such file or directory
I/ip6tables(  163): executing /system/bin/ip6tables failed: No such file or directory
I/ip6tables(  163): ip6tables terminated by exit(255)
E/Netd    (  163): exec() res=0, status=65280 for /system/bin/ip6tables -t raw -N idletimer_raw_PREROUTING 
E/logwrapper(  317): executing /system/bin/iptables failed: No such file or directory
I/iptables(  163): executing /system/bin/iptables failed: No such file or directory
I/iptables(  163): iptables terminated by exit(255)
E/Netd    (  163): exec() res=0, status=65280 for /system/bin/iptables -t raw -A PREROUTING -j idletimer_raw_PREROUTING 
E/logwrapper(  318): executing /system/bin/ip6tables failed: No such file or directory
I/ip6tables(  163): executing /system/bin/ip6tables failed: No such file or directory
I/ip6tables(  163): ip6tables terminated by exit(255)
E/Netd    (  163): exec() res=0, status=65280 for /system/bin/ip6tables -t raw -A PREROUTING -j idletimer_raw_PREROUTING 
E/logwrapper(  320): executing /system/bin/iptables failed: No such file or directory
I/mediaserver(  155): ServiceManager: 0xb8344840
I/AudioFlinger(  155): Using default 3000 mSec as standby time.
I/ServiceManager(  155): Waiting for service batterystats...
E/logwrapper(  324): executing /system/bin/ip6tables failed: No such file or directory
E/logwrapper(  325): executing /system/bin/iptables failed: No such file or directory
E/logwrapper(  326): executing /system/bin/ip6tables failed: No such file or directory
E/logwrapper(  327): executing /system/bin/iptables failed: No such file or directory
E/logwrapper(  328): executing /system/bin/ip6tables failed: No such file or directory
I/iptables(  163): executing /system/bin/iptables failed: No such file or directory
E/logwrapper(  329): executing /system/bin/iptables failed: No such file or directory
I/iptables(  163): iptables terminated by exit(255)
E/Netd    (  163): exec() res=0, status=65280 for /system/bin/iptables -t mangle -N bw_mangle_POSTROUTING 
E/logwrapper(  330): executing /system/bin/ip6tables failed: No such file or directory
I/ip6tables(  163): executing /system/bin/ip6tables failed: No such file or directory
I/ip6tables(  163): ip6tables terminated by exit(255)
E/Netd    (  163): exec() res=0, status=65280 for /system/bin/ip6tables -t mangle -N bw_mangle_POSTROUTING 
E/logwrapper(  331): executing /system/bin/iptables failed: No such file or directory
I/iptables(  163): executing /system/bin/iptables failed: No such file or directory
I/iptables(  163): iptables terminated by exit(255)
E/Netd    (  163): exec() res=0, status=65280 for /system/bin/iptables -t mangle -A POSTROUTING -j bw_mangle_POSTROUTING 
I/ip6tables(  163): executing /system/bin/ip6tables failed: No such file or directory
E/logwrapper(  332): executing /system/bin/ip6tables failed: No such file or directory
I/ip6tables(  163): ip6tables terminated by exit(255)
E/Netd    (  163): exec() res=0, status=65280 for /system/bin/ip6tables -t mangle -A POSTROUTING -j bw_mangle_POSTROUTING 
E/logwrapper(  333): executing /system/bin/iptables failed: No such file or directory
E/logwrapper(  334): executing /system/bin/ip6tables failed: No such file or directory
E/logwrapper(  335): executing /system/bin/iptables failed: No such file or directory
E/logwrapper(  336): executing /system/bin/ip6tables failed: No such file or directory
E/logwrapper(  337): executing /system/bin/iptables failed: No such file or directory
E/logwrapper(  338): executing /system/bin/ip6tables failed: No such file or directory
I/iptables(  163): executing /system/bin/iptables failed: No such file or directory
E/logwrapper(  339): executing /system/bin/iptables failed: No such file or directory
I/iptables(  163): iptables terminated by exit(255)
E/Netd    (  163): exec() res=0, status=65280 for /system/bin/iptables -t mangle -N idletimer_mangle_POSTROUTING 
E/logwrapper(  340): executing /system/bin/ip6tables failed: No such file or directory
I/ip6tables(  163): executing /system/bin/ip6tables failed: No such file or directory
I/ip6tables(  163): ip6tables terminated by exit(255)
E/Netd    (  163): exec() res=0, status=65280 for /system/bin/ip6tables -t mangle -N idletimer_mangle_POSTROUTING 
E/logwrapper(  341): executing /system/bin/iptables failed: No such file or directory
I/iptables(  163): executing /system/bin/iptables failed: No such file or directory
I/iptables(  163): iptables terminated by exit(255)
E/Netd    (  163): exec() res=0, status=65280 for /system/bin/iptables -t mangle -A POSTROUTING -j idletimer_mangle_POSTROUTING 
I/ip6tables(  163): executing /system/bin/ip6tables failed: No such file or directory
E/logwrapper(  342): executing /system/bin/ip6tables failed: No such file or directory
I/ip6tables(  163): ip6tables terminated by exit(255)
E/Netd    (  163): exec() res=0, status=65280 for /system/bin/ip6tables -t mangle -A POSTROUTING -j idletimer_mangle_POSTROUTING 
E/logwrapper(  343): executing /system/bin/iptables failed: No such file or directory
E/logwrapper(  344): executing /system/bin/iptables failed: No such file or directory
E/logwrapper(  345): executing /system/bin/iptables failed: No such file or directory
I/iptables(  163): executing /system/bin/iptables failed: No such file or directory
E/logwrapper(  346): executing /system/bin/iptables failed: No such file or directory
I/iptables(  163): iptables terminated by exit(255)
E/Netd    (  163): exec() res=0, status=65280 for /system/bin/iptables -t mangle -N natctrl_mangle_FORWARD 
E/logwrapper(  347): executing /system/bin/iptables failed: No such file or directory
I/iptables(  163): executing /system/bin/iptables failed: No such file or directory
I/iptables(  163): iptables terminated by exit(255)
E/Netd    (  163): exec() res=0, status=65280 for /system/bin/iptables -t mangle -A FORWARD -j natctrl_mangle_FORWARD 
E/logwrapper(  348): executing /system/bin/iptables failed: No such file or directory
E/logwrapper(  349): executing /system/bin/iptables failed: No such file or directory
E/logwrapper(  350): executing /system/bin/iptables failed: No such file or directory
I/iptables(  163): executing /system/bin/iptables failed: No such file or directory
E/logwrapper(  351): executing /system/bin/iptables failed: No such file or directory
I/iptables(  163): iptables terminated by exit(255)
E/Netd    (  163): exec() res=0, status=65280 for /system/bin/iptables -t nat -N oem_nat_pre 
I/iptables(  163): executing /system/bin/iptables failed: No such file or directory
E/logwrapper(  352): executing /system/bin/iptables failed: No such file or directory
I/iptables(  163): iptables terminated by exit(255)
E/Netd    (  163): exec() res=0, status=65280 for /system/bin/iptables -t nat -A PREROUTING -j oem_nat_pre 
E/logwrapper(  353): executing /system/bin/iptables failed: No such file or directory
E/logwrapper(  354): executing /system/bin/iptables failed: No such file or directory
E/logwrapper(  355): executing /system/bin/iptables failed: No such file or directory
I/iptables(  163): executing /system/bin/iptables failed: No such file or directory
E/logwrapper(  356): executing /system/bin/iptables failed: No such file or directory
I/iptables(  163): iptables terminated by exit(255)
