E/Netd    (  163): exec() res=0, status=65280 for /system/bin/iptables -t nat -N natctrl_nat_POSTROUTING 
I/iptables(  163): executing /system/bin/iptables failed: No such file or directory
E/logwrapper(  357): executing /system/bin/iptables failed: No such file or directory
I/iptables(  163): iptables terminated by exit(255)
E/Netd    (  163): exec() res=0, status=65280 for /system/bin/iptables -t nat -A POSTROUTING -j natctrl_nat_POSTROUTING 
E/logwrapper(  358): executing /system/bin/iptables failed: No such file or directory
V/NatController(  163): runCmd(/system/bin/iptables -F natctrl_FORWARD) res=255
E/logwrapper(  360): executing /system/bin/iptables failed: No such file or directory
E/logwrapper(  361): executing /system/bin/ip6tables failed: No such file or directory
E/logwrapper(  362): executing /system/bin/iptables failed: No such file or directory
E/logwrapper(  363): executing /system/bin/ip6tables failed: No such file or directory
E/logwrapper(  364): executing /system/bin/iptables failed: No such file or directory
E/logwrapper(  365): executing /system/bin/ip6tables failed: No such file or directory
E/logwrapper(  366): executing /system/bin/iptables failed: No such file or directory
E/logwrapper(  367): executing /system/bin/ip6tables failed: No such file or directory
E/logwrapper(  368): executing /system/bin/iptables failed: No such file or directory
E/logwrapper(  369): executing /system/bin/ip6tables failed: No such file or directory
E/logwrapper(  370): executing /system/bin/iptables failed: No such file or directory
E/logwrapper(  371): executing /system/bin/ip6tables failed: No such file or directory
E/logwrapper(  372): executing /system/bin/iptables failed: No such file or directory
E/logwrapper(  373): executing /system/bin/ip6tables failed: No such file or directory
E/logwrapper(  374): executing /system/bin/iptables failed: No such file or directory
E/logwrapper(  375): executing /system/bin/ip6tables failed: No such file or directory
E/logwrapper(  376): executing /system/bin/iptables failed: No such file or directory
E/logwrapper(  377): executing /system/bin/ip6tables failed: No such file or directory
E/logwrapper(  378): executing /system/bin/iptables failed: No such file or directory
E/logwrapper(  379): executing /system/bin/ip6tables failed: No such file or directory
E/logwrapper(  380): executing /system/bin/iptables failed: No such file or directory
E/logwrapper(  381): executing /system/bin/ip6tables failed: No such file or directory
I/iptables(  163): executing /system/bin/iptables failed: No such file or directory
E/logwrapper(  382): executing /system/bin/iptables failed: No such file or directory
I/iptables(  163): iptables terminated by exit(255)
E/BandwidthController(  163): runIptablesCmd(): res=1 status=65280 failed /system/bin/iptables -N bw_happy_box
I/ip6tables(  163): executing /system/bin/ip6tables failed: No such file or directory
E/logwrapper(  383): executing /system/bin/ip6tables failed: No such file or directory
I/ip6tables(  163): ip6tables terminated by exit(255)
E/BandwidthController(  163): runIptablesCmd(): res=1 status=65280 failed /system/bin/ip6tables -N bw_happy_box
E/logwrapper(  385): executing /system/bin/iptables failed: No such file or directory
E/logwrapper(  386): executing /system/bin/ip6tables failed: No such file or directory
E/logwrapper(  387): executing /system/bin/iptables failed: No such file or directory
E/logwrapper(  388): executing /system/bin/ip6tables failed: No such file or directory
E/logwrapper(  389): executing /system/bin/iptables failed: No such file or directory
E/logwrapper(  390): executing /system/bin/ip6tables failed: No such file or directory
E/logwrapper(  391): executing /system/bin/iptables failed: No such file or directory
E/logwrapper(  392): executing /system/bin/ip6tables failed: No such file or directory
E/logwrapper(  393): executing /system/bin/iptables failed: No such file or directory
E/logwrapper(  394): executing /system/bin/ip6tables failed: No such file or directory
E/logwrapper(  395): executing /system/bin/iptables failed: No such file or directory
E/logwrapper(  396): executing /system/bin/ip6tables failed: No such file or directory
E/logwrapper(  397): executing /system/bin/iptables failed: No such file or directory
E/logwrapper(  398): executing /system/bin/ip6tables failed: No such file or directory
E/logwrapper(  399): executing /system/bin/iptables failed: No such file or directory
E/logwrapper(  400): executing /system/bin/ip6tables failed: No such file or directory
E/logwrapper(  401): executing /system/bin/iptables failed: No such file or directory
I/iptables(  163): executing /system/bin/iptables failed: No such file or directory
I/iptables(  163): iptables terminated by exit(255)
E/BandwidthController(  163): runIptablesCmd(): res=1 status=65280 failed /system/bin/iptables -A bw_INPUT -m owner --socket-exists
E/logwrapper(  402): executing /system/bin/ip6tables failed: No such file or directory
D/libEGL  (  154): loaded /vendor/lib/egl/libGLES_mali.so
I/ip6tables(  163): executing /system/bin/ip6tables failed: No such file or directory
I/ip6tables(  163): ip6tables terminated by exit(255)
E/BandwidthController(  163): runIptablesCmd(): res=1 status=65280 failed /system/bin/ip6tables -A bw_INPUT -m owner --socket-exists
I/mali_so (  154): [File] : hardware/arm/maliT760/driver/product/base/src/mali_base_kbase.c; [Line] : 780; [Func] : base_context_deal_with_version_affairs_rk_ext;
I/mali_so (  154): arm_release_ver of this mali_so is 'r6p0-02rel0', rk_so_ver is '11@0', built at '17:59:04', on 'Aug 12 2015'.
I/mali_so (  154): [File] : hardware/arm/maliT760/driver/product/base/src/mali_base_kbase.c; [Line] : 818; [Func] : base_context_deal_with_version_affairs_rk_ext;
I/mali_so (  154): arm_release_vers are match. to set the full mali_ver 'r6p0-02rel0-13-11@0' as value of 'sys.gmali.version'.
D/StorageMonitor(  319): StorageMonitor Initialize
V/StorageMonitor(  319): mConnectFD = 4 .
V/StorageMonitor(  319):  isMount checkPath=/mnt/external_sd 
I/gralloc (  154): [File] : hardware/rockchip/libgralloc/gralloc_module.cpp; [Line] : 66; [Func] : gralloc_device_open;
I/gralloc (  154): to open device 'fb0' in gralloc_module with ver '1.0.2' on arm_release_ver 'r6p0-02rel0', built at '10:51:34', on 'Aug  6 2016'.
D/gralloc (  154): gralloc_device_open new neiw fd=12
D/gralloc (  154): g_MMU_stat=1
V/StorageMonitor(  319):  isMount p=/mnt/internal_sd 
V/StorageMonitor(  319):  isMount p=/mnt/secure/asec 
D/StorageMonitor(  319): -------------------mInserted = 0, mMounted = 0.
I/gralloc (  154): [File] : hardware/rockchip/libgralloc/gralloc_module.cpp; [Line] : 66; [Func] : gralloc_device_open;
I/gralloc (  154): to open device 'gpu0' in gralloc_module with ver '1.0.2' on arm_release_ver 'r6p0-02rel0', built at '10:51:34', on 'Aug  6 2016'.
D/gralloc (  154): gralloc_device_open new neiw fd=12
D/gralloc (  154): g_MMU_stat=1
I/[Gralloc](  154): using (fd=13)
I/[Gralloc](  154): id           = fb0
I/[Gralloc](  154): xres         = 1920 px
I/[Gralloc](  154): yres         = 1080 px
I/[Gralloc](  154): xres_virtual = 1920 px
I/[Gralloc](  154): yres_virtual = 3240 px
I/[Gralloc](  154): bpp          = 32
I/[Gralloc](  154): r            = 16:8
I/[Gralloc](  154): g            =  8:8
I/[Gralloc](  154): b            =  0:8
I/[Gralloc](  154): format       = 2
I/[Gralloc](  154): width        = 305 mm (159.895081 dpi)
I/[Gralloc](  154): height       = 171 mm (160.421051 dpi)
I/[Gralloc](  154): refresh rate = 120.00 Hz
I/MYTAG   (  418): Starting wifihot.sh 
D/hwcomposer(  154): hwc_device_open(8792):Open hwc device in thread=154
D/hwcomposer(  154): context->ddrFd ok
I/gralloc (  154): [File] : hardware/rockchip/libgralloc/gralloc_module.cpp; [Line] : 66; [Func] : gralloc_device_open;
I/gralloc (  154): to open device 'gpu0' in gralloc_module with ver '1.0.2' on arm_release_ver 'r6p0-02rel0', built at '10:51:34', on 'Aug  6 2016'.
D/gralloc (  154): gralloc_device_open new neiw fd=18
D/gralloc (  154): g_MMU_stat=1
D/MDnsDS  (  163): MDnsSdListener::Hander starting up
W/gralloc (  154):  Debugmem The fd=19, in vmalloc !!!! Ishwc=0
D/hwcomposer(  154): Dim buffer alloc fd [1920x1080,f=4],fd=19 
W/gralloc (  154):  Debugmem The fd=20, in vmalloc !!!! Ishwc=0
D/hwcomposer(  154): Frame buffer alloc fd [32x32,f=4],fd=20 
D/hwcomposer(  154): RGA HWComposer verison1.0.0
D/hwcomposer(  154): Device:               0xb7e25480
D/hwcomposer(  154): fb_fps=120.000000
D/hwcomposer(  154): RK_GRAPHICS_VER=commit-id:3e9405f ==========update to version 2.068========== G6110: Fix some bugs when force one layer go into FBDC.
D/MDnsDS  (  163): MDnsSdListener starting to monitor
D/MDnsDS  (  163): Going to poll with pollCount 1
D/hwcomposer(  154):  rga version =2.000
E/hwcomposer(  154): Open hdmi mode error.
I/SurfaceFlinger(  154): Using composer version 1.3
W/SurfaceFlinger(  154): no suitable EGLConfig found, trying a simpler query
I/SurfaceFlinger(  154): EGL information:
I/SurfaceFlinger(  154): vendor    : Android
I/SurfaceFlinger(  154): version   : 1.4 Android META-EGL
I/SurfaceFlinger(  154): extensions: EGL_KHR_get_all_proc_addresses EGL_ANDROID_presentation_time EGL_KHR_image EGL_KHR_image_base EGL_KHR_gl_texture_2D_image EGL_KHR_gl_texture_cubemap_image EGL_KHR_gl_renderbuffer_image EGL_KHR_fence_sync EGL_KHR_create_context EGL_EXT_create_context_robustness EGL_ANDROID_image_native_buffer EGL_KHR_wait_sync EGL_ANDROID_recordable 
I/SurfaceFlinger(  154): Client API: OpenGL_ES
I/SurfaceFlinger(  154): EGLSurface: 8-8-8-8, config=0xb7e1eec8
D/hwcomposer(  154): hwc_control_3dmode_thread creat
I/SurfaceFlinger(  154): OpenGL ES informations:
I/SurfaceFlinger(  154): vendor    : ARM
I/SurfaceFlinger(  154): renderer  : Mali-T760
I/SurfaceFlinger(  154): version   : OpenGL ES 3.1 v1.r6p0-02rel0.0f4218be5cc66c20a4f31b6cc856ee46
I/SurfaceFlinger(  154): extensions: GL_EXT_debug_marker GL_ARM_rgba8 GL_ARM_mali_shader_binary GL_OES_depth24 GL_OES_depth_texture GL_OES_depth_texture_cube_map GL_OES_packed_depth_stencil GL_OES_rgb8_rgba8 GL_EXT_read_format_bgra GL_OES_compressed_paletted_texture GL_OES_compressed_ETC1_RGB8_texture GL_OES_standard_derivatives GL_OES_EGL_image GL_OES_EGL_image_external GL_OES_EGL_sync GL_OES_texture_npot GL_OES_vertex_half_float GL_OES_required_internalformat GL_OES_vertex_array_object GL_OES_mapbuffer GL_EXT_texture_format_BGRA8888 GL_EXT_texture_rg GL_EXT_texture_type_2_10_10_10_REV GL_OES_fbo_render_mipmap GL_OES_element_index_uint GL_EXT_shadow_samplers GL_OES_texture_compression_astc GL_KHR_texture_compression_astc_ldr GL_KHR_texture_compression_astc_hdr GL_KHR_debug GL_EXT_occlusion_query_boolean GL_EXT_disjoint_timer_query GL_EXT_blend_minmax GL_EXT_discard_framebuffer GL_OES_get_program_binary GL_OES_texture_3D GL_EXT_texture_storage GL_EXT_multisampled_render_to_texture GL_OES_surfaceless_context GL_OES_texture_stencil8 G
I/SurfaceFlinger(  154): GL_MAX_TEXTURE_SIZE = 8192
I/SurfaceFlinger(  154): GL_MAX_VIEWPORT_DIMS = 8192
D/SurfaceFlinger(  154): Set power mode=2, type=0 flinger=0xb7df3550
I/hwcomposer(  154): hwc_blank dpy[0],blank[0]
I/gralloc (  154): [File] : hardware/rockchip/libgralloc/gralloc_module.cpp; [Line] : 66; [Func] : gralloc_device_open;
I/gralloc (  154): to open device 'gpu0' in gralloc_module with ver '1.0.2' on arm_release_ver 'r6p0-02rel0', built at '10:51:34', on 'Aug  6 2016'.
D/gralloc (  154): gralloc_device_open new neiw fd=26
D/gralloc (  154): g_MMU_stat=1
D/RkWifiCtrl(  163): check_wifi_chip_type_string: AP6210
D/RkWifiCtrl(  163): check_wifi_chip_type_string: AP6210
D/SoftapController(  163): Softap fwReload - Ok
D/RkWifiCtrl(  163): check_wifi_chip_type_string: AP6210
D/SoftapController(  163): int SoftapController::startSoftap(): /system/bin/hostapd
D/SoftapController(  163): SoftAP started successfully
I/ServiceManager(  155): Waiting for service batterystats...
E/hostapd (  451): Configuration file: /data/misc/wifi/hostapd.conf
E/hostapd (  451): Using interface wlan0 with hwaddr 00:90:4c:c5:12:38 and ssid "uav_ap-1238"
I/hostapd (  451): random: Only 16/20 bytes of strong random data available from /dev/random
I/hostapd (  451): random: Allow operation to proceed based on internal entropy
I/hostapd (  451): wlan0: interface state UNINITIALIZED->ENABLED
I/hostapd (  451): wlan0: AP-ENABLED 
I/hostapd (  451): wlan0: STA 08:10:79:56:b2:73 IEEE 802.11: disassociated
I/hostapd (  451): wlan0: STA 08:10:79:56:b2:73 IEEE 802.11: disassociated
I/hostapd (  451): wlan0: STA 08:10:79:56:b2:73 IEEE 802.11: disassociated
I/hostapd (  451): wlan0: STA 08:10:79:56:b2:73 IEEE 802.11: disassociated
D/TetherController(  163): Starting tethering services
D/TetherController(  163): Tethering services running
I/dnsmasq (  454): started, version 2.51 cachesize 150
I/dnsmasq (  454): compile time options: no-IPv6 GNU-getopt no-DBus no-I18N DHCP no-scripts no-TFTP
W/dnsmasq (  454): warning: no upstream servers configured
I/dnsmasq (  454): DHCP, IP range 192.168.43.2 -- 192.168.43.254, lease time 1h
I/dnsmasq (  454): read /etc/hosts - 1 addresses
I/hostapd (  451): wlan0: STA 08:10:79:56:b2:73 IEEE 802.11: disassociated
I/hostapd (  451): wlan0: STA 08:10:79:56:b2:73 IEEE 802.11: disassociated
I/hostapd (  451): wlan0: STA 08:10:79:56:b2:73 IEEE 802.11: disassociated
I/hostapd (  451): wlan0: STA 08:10:79:56:b2:73 IEEE 802.11: disassociated
I/hostapd (  451): wlan0: STA 08:10:79:56:b2:73 IEEE 802.11: disassociated
I/hostapd (  451): wlan0: STA 08:10:79:56:b2:73 IEEE 802.11: disassociated
I/hostapd (  451): wlan0: STA 08:10:79:56:b2:73 IEEE 802.11: disassociated
I/hostapd (  451): wlan0: STA 08:10:79:56:b2:73 IEEE 802.11: disassociated
I/hostapd (  451): wlan0: STA 08:10:79:56:b2:73 IEEE 802.11: disassociated
I/hostapd (  451): wlan0: STA 08:10:79:56:b2:73 IEEE 802.11: disassociated
I/hostapd (  451): wlan0: STA 08:10:79:56:b2:73 IEEE 802.11: disassociated
I/hostapd (  451): wlan0: STA 08:10:79:56:b2:73 IEEE 802.11: disassociated
I/hostapd (  451): wlan0: STA 08:10:79:56:b2:73 IEEE 802.11: disassociated
I/hostapd (  451): wlan0: STA 08:10:79:56:b2:73 IEEE 802.11: disassociated
I/hostapd (  451): wlan0: STA 08:10:79:56:b2:73 IEEE 802.11: disassociated
I/hostapd (  451): wlan0: STA 08:10:79:56:b2:73 IEEE 802.11: disassociated
I/hostapd (  451): wlan0: STA 08:10:79:56:b2:73 IEEE 802.11: disassociated
I/hostapd (  451): wlan0: STA 08:10:79:56:b2:73 IEEE 802.11: disassociated
I/hostapd (  451): wlan0: STA 08:10:79:56:b2:73 IEEE 802.11: disassociated
I/hostapd (  451): wlan0: STA 08:10:79:56:b2:73 IEEE 802.11: disassociated
I/hostapd (  451): wlan0: STA 08:10:79:56:b2:73 IEEE 802.11: disassociated
I/hostapd (  451): wlan0: STA 08:10:79:56:b2:73 IEEE 802.11: disassociated
I/hostapd (  451): wlan0: STA 08:10:79:56:b2:73 IEEE 802.11: disassociated
I/hostapd (  451): wlan0: STA 08:10:79:56:b2:73 IEEE 802.11: disassociated
I/ServiceManager(  155): Waiting for service batterystats...
I/hostapd (  451): wlan0: STA 08:10:79:56:b2:73 IEEE 802.11: associated
I/hostapd (  451): wlan0: STA 08:10:79:56:b2:73 IEEE 802.11: associated
I/hostapd (  451): wlan0: AP-STA-CONNECTED 08:10:79:56:b2:73
I/hostapd (  451): wlan0: STA 08:10:79:56:b2:73 WPA: pairwise key handshake completed (RSN)
I/hostapd (  451): wlan0: STA 08:10:79:56:b2:73 WPA: pairwise key handshake completed (RSN)
I/dnsmasq (  454): DHCPREQUEST(wlan0) 192.168.43.236 08:10:79:56:b2:73 
I/dnsmasq (  454): DHCPACK(wlan0) 192.168.43.236 08:10:79:56:b2:73 eel-PC
D/StagefrightMediaScanner(  158): mUpnpMediaScannerClient::scanFile path /mnt/internal_sd lastModified 0 fileSize 0 isDirectory 1 noMedia 0
D/StagefrightMediaScanner(  158): mUpnpMediaScannerClient::scanFile path /mnt/internal_sd/LOST.DIR lastModified 1358758222 fileSize 0 isDirectory 1 noMedia 0
D/StagefrightMediaScanner(  158): mUpnpMediaScannerClient::scanFile path /mnt/internal_sd/video lastModified 1358758558 fileSize 0 isDirectory 1 noMedia 0
D/StagefrightMediaScanner(  158): mUpnpMediaScannerClient::scanFile path /mnt/internal_sd/video/record_20130121085046.mp4 lastModified 1358758264 fileSize 42046630 isDirectory 0 noMedia 0
D/StagefrightMediaScanner(  158): fileType 256 extension .mp4 kKeyMap[i].fileType 21 =======
I/ServiceManager(  158): Waiting for service media.player...
I/ServiceManager(  155): Waiting for service batterystats...
I/ServiceManager(  158): Waiting for service media.player...
I/ServiceManager(  155): Waiting for service batterystats...
I/ServiceManager(  158): Waiting for service media.player...
I/CameraService(  155): CameraService started (pid=155)
W/linker  (  155): librkswscale.so has text relocations. This is wasting memory and prevents security hardening. Please fix.
I/CameraService(  155): Loaded "RK29_ICS_CameraHal_Module" camera module
D/CameraHal(  155): createInstance(817): open xml file(/etc/cam_board.xml) success
E/CameraHal(  155): cam_board.xml version(v0.0.0) != xml parser version(v0.13.0)
D/CameraHal(  155): 
D/CameraHal(  155): 
D/CameraHal(  155): 
D/CameraHal(  155):  Cam_board.xml Version Check: 
D/CameraHal(  155):     /etc/cam_board.xml : v0.0xd.0
D/CameraHal(  155):     CameraHal_board_xml_parser: v0.13.0
D/CameraHal(  155): ParserSensorInfo(46): SensorName(OV8825)
D/CameraHal(  155): ParserSensorInfo(51): SensorDevID(CAMSYS_DEVID_SENSOR_1B)
D/CameraHal(  155): ParserSensorInfo(62): SensorDevID(33554432)
D/CameraHal(  155): ParserSensorInfo(64): SensorHostDevID(CAMSYS_DEVID_MARVIN)
D/CameraHal(  155): ParserSensorInfo(79): Sensori2cBusNum(3)
D/CameraHal(  155): ParserSensorInfo(82): SensorI2cAddrByte(2)
D/CameraHal(  155): ParserSensorInfo(85): SensorI2cRate(100000)
D/CameraHal(  155): ParserSensorInfo(88): SensorMclk(24000000)
D/CameraHal(  155): ParserSensorInfo(91): SensorAvdd(NC) min(0) max(0)
D/CameraHal(  155): ParserSensorInfo(96): SensorDovdd(NC) min(18000000) max(18000000)
D/CameraHal(  155): ParserSensorInfo(101): SensorDvdd(NC) min(0) max(0)
D/CameraHal(  155): ParserSensorInfo(106): SensorGpioPwdn(RK30_PIN2_PB7) active(0) 
D/CameraHal(  155): ParserSensorInfo(110): SensorGpioRst(NC) active(0) 
D/CameraHal(  155): ParserSensorInfo(114): SensorGpioPwen(RK30_PIN0_PC1) active(1) 
D/CameraHal(  155): ParserSensorInfo(118): SensorFacing(back) 
D/CameraHal(  155): ParserSensorInfo(127): SensorInterface(MIPI) 
D/CameraHal(  155): ParserSensorInfo(140): SensorMirrorFlip(0) 
D/CameraHal(  155): ParserSensorInfo(146): SensorOrientation(0) 
D/CameraHal(  155): ParserSensorInfo(143): SensorPowerupSequence(1234) 
D/CameraHal(  155): ParserSensorInfo(240): SensorFovParemeter fov_h(60.0)(60.000000) fov_v(60.0)(60.000000)  
D/CameraHal(  155): ParserSensorInfo(243): SensorAWB_Frame_Skip fps(15) 
D/CameraHal(  155): ParserSensorInfo(214): SensorPhy: MIPI  lane: 2  phyindex: 1  fmt: 0x2b
D/CameraHal(  155): ParserVCMInfo(255): VCMDrvName(BuiltInSensor)
D/CameraHal(  155): ParserVCMInfo(258): VCMName(NC)
D/CameraHal(  155): ParserVCMInfo(261): VCMI2cBusNum(3)
D/CameraHal(  155): ParserVCMInfo(264): VCMI2cAddrByte(0)
D/CameraHal(  155): ParserVCMInfo(267): VCMI2cRate(0)
D/CameraHal(  155): ParserVCMInfo(278): VCMVdd(NC) min(0) max(0)
D/CameraHal(  155): ParserVCMInfo(270): VCMGpioPwdn(NC) active(0) 
D/CameraHal(  155): ParserVCMInfo(274): VCMGpioPower(NC) active(0) 
D/CameraHal(  155): ParserVCMInfo(294): start current(20) rated current(80) vcm max(100)  step mode(13)  drv max(100) 
D/CameraHal(  155): ParserFlashInfo(308): FlashName(Internal)
D/CameraHal(  155): ParserFlashInfo(311): FlashI2cBusNum(0)
D/CameraHal(  155): ParserFlashInfo(314): FlashI2cAddrByte(0)
D/CameraHal(  155): ParserFlashInfo(317): FlashI2cRate(0)
D/CameraHal(  155): ParserFlashInfo(320): FlashTrigger(NC) active(0) 
D/CameraHal(  155): ParserFlashInfo(324): FlashEn(NC) active(0) 
D/CameraHal(  155): ParserFlashInfo(331): FlashLuminance(0)
D/CameraHal(  155): ParserFlashInfo(334): FlashColorTemp(0)
D/CameraHal(  155): StartElementHandler(760): HDR(1)! 
D/CameraHal(  155): StartElementHandler(764): ZSL(1)! 
D/CameraHal(  155): StartElementHandler(768): zoom(1)! 
D/CameraHal(  155): StartElementHandler(796): Continue_SnapShot(1)! 
D/CameraHal(  155): StartElementHandler(799): InterpolationRes(0)! 
D/CameraHal(  155): StartElementHandler(790): PreviewSize(1920x1080)! 
D/CameraHal(  155): StartElementHandler(786): face detect config(0),max face num is (1)! 
D/CameraHal(  155): ParserDVConfig(601):  DV_QCIF(qcif) resolution(176x144) fps(10) support(1)
D/CameraHal(  155): ParserDVConfig(613):  DV_QVGA(qvga) resolution(320x240) fps(10) support(1)
D/CameraHal(  155): ParserDVConfig(625):  DV_CIF(cif) resolution(352x288) fps(10) support(1)
D/CameraHal(  155): ParserDVConfig(637):  DV_VGA(480p) resolution(640x480) fps(10) support(0)
D/CameraHal(  155): ParserDVConfig(649):  DV_480P(480p) resolution(720x480) fps(10) support(0)
D/CameraHal(  155): ParserDVConfig(673):  DV_720P(720p) resolution(1280x720) fps(10) support(1)
D/CameraHal(  155): ParserDVConfig(685):  DV_1080P(1080p) resolution(1920x1080) fps(10) support(1)
D/CameraHal(  155): ParserSensorInfo(46): SensorName(OV8858)
D/CameraHal(  155): ParserSensorInfo(49): lensName(LG-9569A2)
D/CameraHal(  155): ParserSensorInfo(51): SensorDevID(CAMSYS_DEVID_SENSOR_1B)
D/CameraHal(  155): ParserSensorInfo(62): SensorDevID(33554432)
D/CameraHal(  155): ParserSensorInfo(64): SensorHostDevID(CAMSYS_DEVID_MARVIN)
D/CameraHal(  155): ParserSensorInfo(79): Sensori2cBusNum(3)
D/CameraHal(  155): ParserSensorInfo(82): SensorI2cAddrByte(2)
D/CameraHal(  155): ParserSensorInfo(85): SensorI2cRate(100000)
D/CameraHal(  155): ParserSensorInfo(88): SensorMclk(24000000)
D/CameraHal(  155): ParserSensorInfo(91): SensorAvdd(NC) min(0) max(0)
D/CameraHal(  155): ParserSensorInfo(96): SensorDovdd(NC) min(18000000) max(18000000)
D/CameraHal(  155): ParserSensorInfo(101): SensorDvdd(NC) min(0) max(0)
D/CameraHal(  155): ParserSensorInfo(106): SensorGpioPwdn(RK30_PIN2_PB7) active(0) 
D/CameraHal(  155): ParserSensorInfo(110): SensorGpioRst(NC) active(0) 
D/CameraHal(  155): ParserSensorInfo(114): SensorGpioPwen(RK30_PIN0_PC1) active(1) 
D/CameraHal(  155): ParserSensorInfo(118): SensorFacing(back) 
D/CameraHal(  155): ParserSensorInfo(127): SensorInterface(MIPI) 
D/CameraHal(  155): ParserSensorInfo(140): SensorMirrorFlip(0) 
D/CameraHal(  155): ParserSensorInfo(146): SensorOrientation(0) 
D/CameraHal(  155): ParserSensorInfo(143): SensorPowerupSequence(1234) 
D/CameraHal(  155): ParserSensorInfo(240): SensorFovParemeter fov_h(60.0)(60.000000) fov_v(60.0)(60.000000)  
D/CameraHal(  155): ParserSensorInfo(243): SensorAWB_Frame_Skip fps(15) 
D/CameraHal(  155): ParserSensorInfo(214): SensorPhy: MIPI  lane: 2  phyindex: 1  fmt: 0x2b
D/CameraHal(  155): ParserVCMInfo(255): VCMDrvName(BuiltInSensor)
D/CameraHal(  155): ParserVCMInfo(258): VCMName(NC)
D/CameraHal(  155): ParserVCMInfo(261): VCMI2cBusNum(3)
D/CameraHal(  155): ParserVCMInfo(264): VCMI2cAddrByte(0)
D/CameraHal(  155): ParserVCMInfo(267): VCMI2cRate(0)
D/CameraHal(  155): ParserVCMInfo(278): VCMVdd(NC) min(0) max(0)
D/CameraHal(  155): ParserVCMInfo(270): VCMGpioPwdn(NC) active(0) 
D/CameraHal(  155): ParserVCMInfo(274): VCMGpioPower(NC) active(0) 
D/CameraHal(  155): ParserVCMInfo(294): start current(0) rated current(100) vcm max(100)  step mode(4)  drv max(100) 
D/CameraHal(  155): ParserFlashInfo(308): FlashName(Internal)
D/CameraHal(  155): ParserFlashInfo(311): FlashI2cBusNum(0)
D/CameraHal(  155): ParserFlashInfo(314): FlashI2cAddrByte(0)
D/CameraHal(  155): ParserFlashInfo(317): FlashI2cRate(0)
D/CameraHal(  155): ParserFlashInfo(320): FlashTrigger(NC) active(0) 
D/CameraHal(  155): ParserFlashInfo(324): FlashEn(NC) active(0) 
D/CameraHal(  155): ParserFlashInfo(331): FlashLuminance(0)
D/CameraHal(  155): ParserFlashInfo(334): FlashColorTemp(0)
D/CameraHal(  155): StartElementHandler(760): HDR(1)! 
D/CameraHal(  155): StartElementHandler(764): ZSL(1)! 
D/CameraHal(  155): StartElementHandler(768): zoom(1)! 
D/CameraHal(  155): StartElementHandler(796): Continue_SnapShot(1)! 
D/CameraHal(  155): StartElementHandler(799): InterpolationRes(0)! 
D/CameraHal(  155): StartElementHandler(790): PreviewSize(0x0)! 
D/CameraHal(  155): StartElementHandler(786): face detect config(0),max face num is (1)! 
D/CameraHal(  155): StartElementHandler(776): cproc support 1(contrast:1.100000,saturation:1.000000,hue:0.000000,brightness:0)! 
D/CameraHal(  155): StartElementHandler(781): Gammaout support 0(mGamma:1.000000,mOffSet:0)! 
D/CameraHal(  155): ParserDVConfig(601):  DV_QCIF(qcif) resolution(176x144) fps(10) support(1)
D/CameraHal(  155): ParserDVConfig(613):  DV_QVGA(qvga) resolution(320x240) fps(10) support(1)
D/CameraHal(  155): ParserDVConfig(625):  DV_CIF(cif) resolution(352x288) fps(10) support(1)
D/CameraHal(  155): ParserDVConfig(637):  DV_VGA(480p) resolution(640x480) fps(10) support(0)
D/CameraHal(  155): ParserDVConfig(649):  DV_480P(480p) resolution(720x480) fps(10) support(0)
D/CameraHal(  155): ParserDVConfig(673):  DV_720P(720p) resolution(1280x720) fps(10) support(1)
D/CameraHal(  155): ParserDVConfig(685):  DV_1080P(1080p) resolution(1920x1080) fps(10) support(1)
D/CameraHal(  155): ParserSensorInfo(46): SensorName(OV13850)
D/CameraHal(  155): ParserSensorInfo(51): SensorDevID(CAMSYS_DEVID_SENSOR_1B)
D/CameraHal(  155): ParserSensorInfo(62): SensorDevID(33554432)
D/CameraHal(  155): ParserSensorInfo(64): SensorHostDevID(CAMSYS_DEVID_MARVIN)
D/CameraHal(  155): ParserSensorInfo(79): Sensori2cBusNum(3)
D/CameraHal(  155): ParserSensorInfo(82): SensorI2cAddrByte(2)
D/CameraHal(  155): ParserSensorInfo(85): SensorI2cRate(100000)
D/CameraHal(  155): ParserSensorInfo(88): SensorMclk(24000000)
D/CameraHal(  155): ParserSensorInfo(91): SensorAvdd(NC) min(0) max(0)
D/CameraHal(  155): ParserSensorInfo(96): SensorDovdd(NC) min(18000000) max(18000000)
D/CameraHal(  155): ParserSensorInfo(101): SensorDvdd(NC) min(0) max(0)
D/CameraHal(  155): ParserSensorInfo(106): SensorGpioPwdn(RK30_PIN2_PB7) active(0) 
D/CameraHal(  155): ParserSensorInfo(110): SensorGpioRst(NC) active(0) 
D/CameraHal(  155): ParserSensorInfo(114): SensorGpioPwen(RK30_PIN0_PC1) active(1) 
D/CameraHal(  155): ParserSensorInfo(118): SensorFacing(back) 
D/CameraHal(  155): ParserSensorInfo(127): SensorInterface(MIPI) 
D/CameraHal(  155): ParserSensorInfo(140): SensorMirrorFlip(0) 
D/CameraHal(  155): ParserSensorInfo(146): SensorOrientation(0) 
D/CameraHal(  155): ParserSensorInfo(143): SensorPowerupSequence(1234) 
D/CameraHal(  155): ParserSensorInfo(240): SensorFovParemeter fov_h(60.0)(60.000000) fov_v(60.0)(60.000000)  
D/CameraHal(  155): ParserSensorInfo(243): SensorAWB_Frame_Skip fps(15) 
D/CameraHal(  155): ParserSensorInfo(214): SensorPhy: MIPI  lane: 2  phyindex: 1  fmt: 0x2b
D/CameraHal(  155): ParserVCMInfo(255): VCMDrvName(BuiltInSensor)
D/CameraHal(  155): ParserVCMInfo(258): VCMName(NC)
D/CameraHal(  155): ParserVCMInfo(261): VCMI2cBusNum(3)
D/CameraHal(  155): ParserVCMInfo(264): VCMI2cAddrByte(0)
D/CameraHal(  155): ParserVCMInfo(267): VCMI2cRate(0)
D/CameraHal(  155): ParserVCMInfo(278): VCMVdd(NC) min(0) max(0)
D/CameraHal(  155): ParserVCMInfo(270): VCMGpioPwdn(NC) active(0) 
D/CameraHal(  155): ParserVCMInfo(274): VCMGpioPower(NC) active(0) 
D/CameraHal(  155): ParserVCMInfo(294): start current(20) rated current(80) vcm max(100)  step mode(13)  drv max(100) 
D/CameraHal(  155): ParserFlashInfo(308): FlashName(Internal)
D/CameraHal(  155): ParserFlashInfo(311): FlashI2cBusNum(0)
D/CameraHal(  155): ParserFlashInfo(314): FlashI2cAddrByte(0)
D/CameraHal(  155): ParserFlashInfo(317): FlashI2cRate(0)
D/CameraHal(  155): ParserFlashInfo(320): FlashTrigger(NC) active(0) 
D/CameraHal(  155): ParserFlashInfo(324): FlashEn(NC) active(0) 
D/CameraHal(  155): ParserFlashInfo(331): FlashLuminance(0)
D/CameraHal(  155): ParserFlashInfo(334): FlashColorTemp(0)
D/CameraHal(  155): StartElementHandler(760): HDR(1)! 
D/CameraHal(  155): StartElementHandler(764): ZSL(1)! 
D/CameraHal(  155): StartElementHandler(768): zoom(1)! 
D/CameraHal(  155): StartElementHandler(796): Continue_SnapShot(1)! 
D/CameraHal(  155): StartElementHandler(799): InterpolationRes(0)! 
D/CameraHal(  155): StartElementHandler(790): PreviewSize(0x0)! 
D/CameraHal(  155): StartElementHandler(786): face detect config(0),max face num is (0)! 
D/CameraHal(  155): ParserDVConfig(601):  DV_QCIF(qcif) resolution(176x144) fps(10) support(1)
D/CameraHal(  155): ParserDVConfig(613):  DV_QVGA(qvga) resolution(320x240) fps(10) support(1)
D/CameraHal(  155): ParserDVConfig(625):  DV_CIF(cif) resolution(352x288) fps(10) support(1)
D/CameraHal(  155): ParserDVConfig(637):  DV_VGA(480p) resolution(640x480) fps(10) support(0)
D/CameraHal(  155): ParserDVConfig(649):  DV_480P(480p) resolution(720x480) fps(10) support(0)
D/CameraHal(  155): ParserDVConfig(673):  DV_720P(720p) resolution(1280x720) fps(10) support(1)
D/CameraHal(  155): ParserDVConfig(685):  DV_1080P(1080p) resolution(1920x1080) fps(10) support(1)
D/CameraHal(  155): ParserSensorInfo(46): SensorName(OV13860)
D/CameraHal(  155): ParserSensorInfo(51): SensorDevID(CAMSYS_DEVID_SENSOR_1B)
D/CameraHal(  155): ParserSensorInfo(62): SensorDevID(33554432)
D/CameraHal(  155): ParserSensorInfo(64): SensorHostDevID(CAMSYS_DEVID_MARVIN)
D/CameraHal(  155): ParserSensorInfo(79): Sensori2cBusNum(3)
D/CameraHal(  155): ParserSensorInfo(82): SensorI2cAddrByte(2)
D/CameraHal(  155): ParserSensorInfo(85): SensorI2cRate(100000)
D/CameraHal(  155): ParserSensorInfo(88): SensorMclk(24000000)
D/CameraHal(  155): ParserSensorInfo(91): SensorAvdd(NC) min(28000000) max(28000000)
D/CameraHal(  155): ParserSensorInfo(96): SensorDovdd(NC) min(18000000) max(18000000)
D/CameraHal(  155): ParserSensorInfo(101): SensorDvdd(NC) min(0) max(0)
D/CameraHal(  155): ParserSensorInfo(106): SensorGpioPwdn(RK30_PIN2_PB6) active(0) 
D/CameraHal(  155): ParserSensorInfo(110): SensorGpioRst(NC) active(0) 
D/CameraHal(  155): ParserSensorInfo(114): SensorGpioPwen(RK30_PIN0_PC1) active(1) 
D/CameraHal(  155): ParserSensorInfo(118): SensorFacing(front) 
D/CameraHal(  155): ParserSensorInfo(127): SensorInterface(MIPI) 
D/CameraHal(  155): ParserSensorInfo(140): SensorMirrorFlip(0) 
D/CameraHal(  155): ParserSensorInfo(146): SensorOrientation(180) 
D/CameraHal(  155): ParserSensorInfo(143): SensorPowerupSequence(1234) 
D/CameraHal(  155): ParserSensorInfo(240): SensorFovParemeter fov_h(60.0)(60.000000) fov_v(60.0)(60.000000)  
D/CameraHal(  155): ParserSensorInfo(243): SensorAWB_Frame_Skip fps(15) 
D/CameraHal(  155): ParserSensorInfo(214): SensorPhy: MIPI  lane: 4  phyindex: 0  fmt: 0x2b
D/CameraHal(  155): ParserVCMInfo(255): VCMDrvName(NC)
D/CameraHal(  155): ParserVCMInfo(258): VCMName(NC)
D/CameraHal(  155): ParserVCMInfo(261): VCMI2cBusNum(3)
D/CameraHal(  155): ParserVCMInfo(264): VCMI2cAddrByte(0)
D/CameraHal(  155): ParserVCMInfo(267): VCMI2cRate(0)
D/CameraHal(  155): ParserVCMInfo(278): VCMVdd(NC) min(0) max(0)
D/CameraHal(  155): ParserVCMInfo(270): VCMGpioPwdn(NC) active(0) 
D/CameraHal(  155): ParserVCMInfo(274): VCMGpioPower(NC) active(0) 
D/CameraHal(  155): ParserVCMInfo(294): start current(20) rated current(80) vcm max(100)  step mode(13)  drv max(100) 
D/CameraHal(  155): ParserFlashInfo(308): FlashName(Internal)
D/CameraHal(  155): ParserFlashInfo(311): FlashI2cBusNum(0)
D/CameraHal(  155): ParserFlashInfo(314): FlashI2cAddrByte(0)
D/CameraHal(  155): ParserFlashInfo(317): FlashI2cRate(0)
D/CameraHal(  155): ParserFlashInfo(320): FlashTrigger(NC) active(0) 
D/CameraHal(  155): ParserFlashInfo(324): FlashEn(NC) active(0) 
D/CameraHal(  155): ParserFlashInfo(331): FlashLuminance(0)
D/CameraHal(  155): ParserFlashInfo(334): FlashColorTemp(0)
D/CameraHal(  155): StartElementHandler(760): HDR(1)! 
D/CameraHal(  155): StartElementHandler(764): ZSL(1)! 
D/CameraHal(  155): StartElementHandler(768): zoom(1)! 
D/CameraHal(  155): StartElementHandler(796): Continue_SnapShot(1)! 
D/CameraHal(  155): StartElementHandler(799): InterpolationRes(0)! 
D/CameraHal(  155): StartElementHandler(790): PreviewSize(1920x1080)! 
D/CameraHal(  155): StartElementHandler(786): face detect config(0),max face num is (0)! 
D/CameraHal(  155): ParserDVConfig(601):  DV_QCIF(qcif) resolution(176x144) fps(10) support(1)
D/CameraHal(  155): ParserDVConfig(613):  DV_QVGA(qvga) resolution(320x240) fps(10) support(1)
D/CameraHal(  155): ParserDVConfig(625):  DV_CIF(cif) resolution(352x288) fps(10) support(1)
D/CameraHal(  155): ParserDVConfig(637):  DV_VGA(480p) resolution(640x480) fps(10) support(0)
D/CameraHal(  155): ParserDVConfig(649):  DV_480P(480p) resolution(720x480) fps(10) support(0)
D/CameraHal(  155): ParserDVConfig(673):  DV_720P(720p) resolution(1280x720) fps(10) support(1)
D/CameraHal(  155): ParserDVConfig(685):  DV_1080P(1080p) resolution(1920x1080) fps(10) support(1)
D/CameraHal(  155): ParserSensorInfo(46): SensorName(OV5648)
D/CameraHal(  155): ParserSensorInfo(49): lensName(CHT-842B-MD)
D/CameraHal(  155): ParserSensorInfo(51): SensorDevID(CAMSYS_DEVID_SENSOR_1B)
D/CameraHal(  155): ParserSensorInfo(62): SensorDevID(33554432)
D/CameraHal(  155): ParserSensorInfo(64): SensorHostDevID(CAMSYS_DEVID_MARVIN)
D/CameraHal(  155): ParserSensorInfo(79): Sensori2cBusNum(3)
D/CameraHal(  155): ParserSensorInfo(82): SensorI2cAddrByte(2)
D/CameraHal(  155): ParserSensorInfo(85): SensorI2cRate(100000)
D/CameraHal(  155): ParserSensorInfo(88): SensorMclk(24000000)
D/CameraHal(  155): ParserSensorInfo(91): SensorAvdd(NC) min(0) max(0)
D/CameraHal(  155): ParserSensorInfo(96): SensorDovdd(NC) min(18000000) max(18000000)
D/CameraHal(  155): ParserSensorInfo(101): SensorDvdd(NC) min(0) max(0)
D/CameraHal(  155): ParserSensorInfo(106): SensorGpioPwdn(RK30_PIN2_PB7) active(0) 
D/CameraHal(  155): ParserSensorInfo(110): SensorGpioRst(NC) active(0) 
D/CameraHal(  155): ParserSensorInfo(114): SensorGpioPwen(RK30_PIN0_PC1) active(1) 
D/CameraHal(  155): ParserSensorInfo(118): SensorFacing(back) 
D/CameraHal(  155): ParserSensorInfo(127): SensorInterface(MIPI) 
D/CameraHal(  155): ParserSensorInfo(140): SensorMirrorFlip(0) 
D/CameraHal(  155): ParserSensorInfo(146): SensorOrientation(0) 
D/CameraHal(  155): ParserSensorInfo(143): SensorPowerupSequence(1234) 
D/CameraHal(  155): ParserSensorInfo(240): SensorFovParemeter fov_h(60.0)(60.000000) fov_v(60.0)(60.000000)  
D/CameraHal(  155): ParserSensorInfo(243): SensorAWB_Frame_Skip fps(15) 
D/CameraHal(  155): ParserSensorInfo(214): SensorPhy: MIPI  lane: 2  phyindex: 1  fmt: 0x2b
D/CameraHal(  155): ParserVCMInfo(255): VCMDrvName(BuiltInSensor)
D/CameraHal(  155): ParserVCMInfo(258): VCMName(NC)
D/CameraHal(  155): ParserVCMInfo(261): VCMI2cBusNum(3)
D/CameraHal(  155): ParserVCMInfo(264): VCMI2cAddrByte(0)
D/CameraHal(  155): ParserVCMInfo(267): VCMI2cRate(0)
D/CameraHal(  155): ParserVCMInfo(278): VCMVdd(NC) min(0) max(0)
D/CameraHal(  155): ParserVCMInfo(270): VCMGpioPwdn(NC) active(0) 
D/CameraHal(  155): ParserVCMInfo(274): VCMGpioPower(NC) active(0) 
D/CameraHal(  155): ParserVCMInfo(294): start current(0) rated current(100) vcm max(100)  step mode(4)  drv max(100) 
D/CameraHal(  155): ParserFlashInfo(308): FlashName(Internal)
D/CameraHal(  155): ParserFlashInfo(311): FlashI2cBusNum(0)
D/CameraHal(  155): ParserFlashInfo(314): FlashI2cAddrByte(0)
D/CameraHal(  155): ParserFlashInfo(317): FlashI2cRate(0)
D/CameraHal(  155): ParserFlashInfo(320): FlashTrigger(NC) active(0) 
D/CameraHal(  155): ParserFlashInfo(324): FlashEn(NC) active(0) 
D/CameraHal(  155): ParserFlashInfo(331): FlashLuminance(0)
D/CameraHal(  155): ParserFlashInfo(334): FlashColorTemp(0)
D/CameraHal(  155): StartElementHandler(760): HDR(1)! 
D/CameraHal(  155): StartElementHandler(764): ZSL(1)! 
D/CameraHal(  155): StartElementHandler(768): zoom(1)! 
D/CameraHal(  155): StartElementHandler(796): Continue_SnapShot(1)! 
D/CameraHal(  155): StartElementHandler(799): InterpolationRes(0)! 
D/CameraHal(  155): StartElementHandler(790): PreviewSize(0x0)! 
D/CameraHal(  155): StartElementHandler(786): face detect config(0),max face num is (1)! 
D/CameraHal(  155): StartElementHandler(776): cproc support 1(contrast:1.100000,saturation:1.000000,hue:0.000000,brightness:0)! 
D/CameraHal(  155): ParserDVConfig(601):  DV_QCIF(qcif) resolution(176x144) fps(10) support(1)
D/CameraHal(  155): ParserDVConfig(613):  DV_QVGA(qvga) resolution(320x240) fps(10) support(1)
D/CameraHal(  155): ParserDVConfig(625):  DV_CIF(cif) resolution(352x288) fps(10) support(1)
D/CameraHal(  155): ParserDVConfig(637):  DV_VGA(480p) resolution(640x480) fps(10) support(0)
D/CameraHal(  155): ParserDVConfig(649):  DV_480P(480p) resolution(720x480) fps(10) support(0)
D/CameraHal(  155): ParserDVConfig(673):  DV_720P(720p) resolution(1280x720) fps(10) support(1)
D/CameraHal(  155): ParserDVConfig(685):  DV_1080P(1080p) resolution(1920x1080) fps(10) support(1)
D/CameraHal(  155): ParserSensorInfo(46): SensorName(OV2659)
D/CameraHal(  155): ParserSensorInfo(51): SensorDevID(CAMSYS_DEVID_SENSOR_1A)
D/CameraHal(  155): ParserSensorInfo(62): SensorDevID(16777216)
D/CameraHal(  155): ParserSensorInfo(64): SensorHostDevID(CAMSYS_DEVID_MARVIN)
D/CameraHal(  155): ParserSensorInfo(79): Sensori2cBusNum(3)
D/CameraHal(  155): ParserSensorInfo(82): SensorI2cAddrByte(2)
D/CameraHal(  155): ParserSensorInfo(85): SensorI2cRate(100000)
D/CameraHal(  155): ParserSensorInfo(88): SensorMclk(24000000)
D/CameraHal(  155): ParserSensorInfo(91): SensorAvdd(NC) min(0) max(0)
D/CameraHal(  155): ParserSensorInfo(96): SensorDovdd(NC) min(18000000) max(18000000)
D/CameraHal(  155): ParserSensorInfo(101): SensorDvdd(NC) min(0) max(0)
D/CameraHal(  155): ParserSensorInfo(106): SensorGpioPwdn(RK30_PIN2_PB6) active(1) 
D/CameraHal(  155): ParserSensorInfo(110): SensorGpioRst(NC) active(0) 
D/CameraHal(  155): ParserSensorInfo(114): SensorGpioPwen(RK30_PIN0_PC1) active(1) 
D/CameraHal(  155): ParserSensorInfo(118): SensorFacing(front) 
D/CameraHal(  155): ParserSensorInfo(127): SensorInterface(CCIR601) 
D/CameraHal(  155): ParserSensorInfo(140): SensorMirrorFlip(0) 
D/CameraHal(  155): ParserSensorInfo(146): SensorOrientation(0) 
D/CameraHal(  155): ParserSensorInfo(143): SensorPowerupSequence(1234) 
D/CameraHal(  155): ParserSensorInfo(240): SensorFovParemeter fov_h(60.0)(60.000000) fov_v(60.0)(60.000000)  
D/CameraHal(  155): ParserSensorInfo(243): SensorAWB_Frame_Skip fps(15) 
D/CameraHal(  155): ParserSensorInfo(230): SensorPhy: CIF sensor_d0_to_cif_d: 0  cifnum: 0  fmt: 0x2b
D/CameraHal(  155): ParserVCMInfo(255): VCMDrvName(NC)
D/CameraHal(  155): ParserVCMInfo(258): VCMName(NC)
D/CameraHal(  155): ParserVCMInfo(261): VCMI2cBusNum(0)
D/CameraHal(  155): ParserVCMInfo(264): VCMI2cAddrByte(0)
D/CameraHal(  155): ParserVCMInfo(267): VCMI2cRate(0)
D/CameraHal(  155): ParserVCMInfo(278): VCMVdd(NC) min(0) max(0)
D/CameraHal(  155): ParserVCMInfo(270): VCMGpioPwdn(NC) active(0) 
D/CameraHal(  155): ParserVCMInfo(274): VCMGpioPower(NC) active(0) 
D/CameraHal(  155): ParserVCMInfo(294): start current(20) rated current(80) vcm max(100)  step mode(13)  drv max(100) 
D/CameraHal(  155): ParserFlashInfo(308): FlashName(NC)
D/CameraHal(  155): ParserFlashInfo(311): FlashI2cBusNum(0)
D/CameraHal(  155): ParserFlashInfo(314): FlashI2cAddrByte(0)
D/CameraHal(  155): ParserFlashInfo(317): FlashI2cRate(0)
D/CameraHal(  155): ParserFlashInfo(320): FlashTrigger(NC) active(1) 
D/CameraHal(  155): ParserFlashInfo(324): FlashEn(NC) active(1) 
D/CameraHal(  155): ParserFlashInfo(331): FlashLuminance(0)
D/CameraHal(  155): ParserFlashInfo(334): FlashColorTemp(0)
D/CameraHal(  155): StartElementHandler(760): HDR(1)! 
D/CameraHal(  155): StartElementHandler(764): ZSL(1)! 
D/CameraHal(  155): StartElementHandler(768): zoom(1)! 
D/CameraHal(  155): StartElementHandler(796): Continue_SnapShot(1)! 
D/CameraHal(  155): StartElementHandler(799): InterpolationRes(0)! 
D/CameraHal(  155): StartElementHandler(790): PreviewSize(800x600)! 
D/CameraHal(  155): StartElementHandler(786): face detect config(0),max face num is (0)! 
D/CameraHal(  155): ParserDVConfig(601):  DV_QCIF(qcif) resolution(176x144) fps(10) support(1)
D/CameraHal(  155): ParserDVConfig(613):  DV_QVGA(qvga) resolution(320x240) fps(10) support(1)
D/CameraHal(  155): ParserDVConfig(625):  DV_CIF(cif) resolution(352x288) fps(10) support(1)
D/CameraHal(  155): ParserDVConfig(637):  DV_VGA(480p) resolution(640x480) fps(10) support(1)
D/CameraHal(  155): ParserDVConfig(649):  DV_480P(480p) resolution(720x480) fps(10) support(0)
D/CameraHal(  155): ParserDVConfig(673):  DV_720P(720p) resolution(1280x720) fps(10) support(0)
D/CameraHal(  155): ParserDVConfig(685):  DV_1080P(1080p) resolution(1920x1080) fps(10) support(0)
D/CameraHal(  155): ParserSensorInfo(46): SensorName(GS8604)
D/CameraHal(  155): ParserSensorInfo(49): lensName(9569A2)
D/CameraHal(  155): ParserSensorInfo(51): SensorDevID(CAMSYS_DEVID_SENSOR_1B)
D/CameraHal(  155): ParserSensorInfo(62): SensorDevID(33554432)
D/CameraHal(  155): ParserSensorInfo(64): SensorHostDevID(CAMSYS_DEVID_MARVIN)
D/CameraHal(  155): ParserSensorInfo(79): Sensori2cBusNum(3)
D/CameraHal(  155): ParserSensorInfo(82): SensorI2cAddrByte(2)
D/CameraHal(  155): ParserSensorInfo(85): SensorI2cRate(100000)
D/CameraHal(  155): ParserSensorInfo(88): SensorMclk(24000000)
D/CameraHal(  155): ParserSensorInfo(91): SensorAvdd(NC) min(0) max(0)
D/CameraHal(  155): ParserSensorInfo(96): SensorDovdd(NC) min(18000000) max(18000000)
D/CameraHal(  155): ParserSensorInfo(101): SensorDvdd(NC) min(0) max(0)
D/CameraHal(  155): ParserSensorInfo(106): SensorGpioPwdn(RK30_PIN2_PB7) active(0) 
D/CameraHal(  155): ParserSensorInfo(110): SensorGpioRst(NC) active(0) 
D/CameraHal(  155): ParserSensorInfo(114): SensorGpioPwen(RK30_PIN0_PC1) active(1) 
D/CameraHal(  155): ParserSensorInfo(118): SensorFacing(back) 
D/CameraHal(  155): ParserSensorInfo(127): SensorInterface(MIPI) 
D/CameraHal(  155): ParserSensorInfo(140): SensorMirrorFlip(0) 
D/CameraHal(  155): ParserSensorInfo(146): SensorOrientation(0) 
D/CameraHal(  155): ParserSensorInfo(143): SensorPowerupSequence(1234) 
D/CameraHal(  155): ParserSensorInfo(240): SensorFovParemeter fov_h(60.0)(60.000000) fov_v(60.0)(60.000000)  
D/CameraHal(  155): ParserSensorInfo(243): SensorAWB_Frame_Skip fps(15) 
D/CameraHal(  155): ParserSensorInfo(214): SensorPhy: MIPI  lane: 2  phyindex: 1  fmt: 0x2b
D/CameraHal(  155): ParserVCMInfo(255): VCMDrvName(BuiltInSensor)
D/CameraHal(  155): ParserVCMInfo(258): VCMName(NC)
D/CameraHal(  155): ParserVCMInfo(261): VCMI2cBusNum(3)
D/CameraHal(  155): ParserVCMInfo(264): VCMI2cAddrByte(0)
D/CameraHal(  155): ParserVCMInfo(267): VCMI2cRate(0)
D/CameraHal(  155): ParserVCMInfo(278): VCMVdd(NC) min(0) max(0)
D/CameraHal(  155): ParserVCMInfo(270): VCMGpioPwdn(NC) active(0) 
D/CameraHal(  155): ParserVCMInfo(274): VCMGpioPower(NC) active(0) 
D/CameraHal(  155): ParserVCMInfo(294): start current(0) rated current(100) vcm max(100)  step mode(4)  drv max(100) 
D/CameraHal(  155): ParserFlashInfo(308): FlashName(Internal)
D/CameraHal(  155): ParserFlashInfo(311): FlashI2cBusNum(0)
D/CameraHal(  155): ParserFlashInfo(314): FlashI2cAddrByte(0)
D/CameraHal(  155): ParserFlashInfo(317): FlashI2cRate(0)
D/CameraHal(  155): ParserFlashInfo(320): FlashTrigger(NC) active(0) 
D/CameraHal(  155): ParserFlashInfo(324): FlashEn(NC) active(0) 
D/CameraHal(  155): ParserFlashInfo(331): FlashLuminance(0)
D/CameraHal(  155): ParserFlashInfo(334): FlashColorTemp(0)
D/CameraHal(  155): StartElementHandler(760): HDR(1)! 
D/CameraHal(  155): StartElementHandler(764): ZSL(1)! 
D/CameraHal(  155): StartElementHandler(768): zoom(1)! 
D/CameraHal(  155): StartElementHandler(796): Continue_SnapShot(1)! 
D/CameraHal(  155): StartElementHandler(799): InterpolationRes(0)! 
D/CameraHal(  155): StartElementHandler(790): PreviewSize(0x0)! 
D/CameraHal(  155): StartElementHandler(786): face detect config(1),max face num is (1)! 
D/CameraHal(  155): StartElementHandler(776): cproc support 0(contrast:1.100000,saturation:1.000000,hue:0.000000,brightness:0)! 
D/CameraHal(  155): StartElementHandler(781): Gammaout support 0(mGamma:1.000000,mOffSet:0)! 
D/CameraHal(  155): ParserDVConfig(601):  DV_QCIF(qcif) resolution(176x144) fps(10) support(1)
D/CameraHal(  155): ParserDVConfig(613):  DV_QVGA(qvga) resolution(320x240) fps(10) support(1)
D/CameraHal(  155): ParserDVConfig(625):  DV_CIF(cif) resolution(352x288) fps(10) support(1)
D/CameraHal(  155): ParserDVConfig(637):  DV_VGA(480p) resolution(640x480) fps(10) support(0)
D/CameraHal(  155): ParserDVConfig(649):  DV_480P(480p) resolution(720x480) fps(10) support(0)
D/CameraHal(  155): ParserDVConfig(673):  DV_720P(720p) resolution(1280x720) fps(10) support(1)
D/CameraHal(  155): ParserDVConfig(685):  DV_1080P(1080p) resolution(1920x1080) fps(10) support(1)
D/CameraHal(  155): ParserSensorInfo(46): SensorName(IMX214)
D/CameraHal(  155): ParserSensorInfo(49): lensName(50013A7)
D/CameraHal(  155): ParserSensorInfo(51): SensorDevID(CAMSYS_DEVID_SENSOR_1B)
D/CameraHal(  155): ParserSensorInfo(62): SensorDevID(33554432)
D/CameraHal(  155): ParserSensorInfo(64): SensorHostDevID(CAMSYS_DEVID_MARVIN)
D/CameraHal(  155): ParserSensorInfo(79): Sensori2cBusNum(3)
D/CameraHal(  155): ParserSensorInfo(82): SensorI2cAddrByte(2)
D/CameraHal(  155): ParserSensorInfo(85): SensorI2cRate(100000)
D/CameraHal(  155): ParserSensorInfo(88): SensorMclk(24000000)
D/CameraHal(  155): ParserSensorInfo(91): SensorAvdd(NC) min(0) max(0)
D/CameraHal(  155): ParserSensorInfo(96): SensorDovdd(NC) min(18000000) max(18000000)
D/CameraHal(  155): ParserSensorInfo(101): SensorDvdd(NC) min(0) max(0)
D/CameraHal(  155): ParserSensorInfo(106): SensorGpioPwdn(RK30_PIN2_PB6) active(0) 
D/CameraHal(  155): ParserSensorInfo(110): SensorGpioRst(NC) active(0) 
D/CameraHal(  155): ParserSensorInfo(114): SensorGpioPwen(RK30_PIN0_PC1) active(1) 
D/CameraHal(  155): ParserSensorInfo(118): SensorFacing(back) 
D/CameraHal(  155): ParserSensorInfo(127): SensorInterface(MIPI) 
D/CameraHal(  155): ParserSensorInfo(140): SensorMirrorFlip(0) 
D/CameraHal(  155): ParserSensorInfo(146): SensorOrientation(0) 
D/CameraHal(  155): ParserSensorInfo(143): SensorPowerupSequence(1234) 
D/CameraHal(  155): ParserSensorInfo(240): SensorFovParemeter fov_h(60.0)(60.000000) fov_v(60.0)(60.000000)  
D/CameraHal(  155): ParserSensorInfo(243): SensorAWB_Frame_Skip fps(15) 
D/CameraHal(  155): ParserSensorInfo(214): SensorPhy: MIPI  lane: 4  phyindex: 0  fmt: 0x2b
D/CameraHal(  155): ParserVCMInfo(255): VCMDrvName(BuiltInSensor)
D/CameraHal(  155): ParserVCMInfo(258): VCMName(NC)
D/CameraHal(  155): ParserVCMInfo(261): VCMI2cBusNum(3)
D/CameraHal(  155): ParserVCMInfo(264): VCMI2cAddrByte(0)
D/CameraHal(  155): ParserVCMInfo(267): VCMI2cRate(0)
D/CameraHal(  155): ParserVCMInfo(278): VCMVdd(NC) min(0) max(0)
D/CameraHal(  155): ParserVCMInfo(270): VCMGpioPwdn(NC) active(0) 
D/CameraHal(  155): ParserVCMInfo(274): VCMGpioPower(NC) active(0) 
D/CameraHal(  155): ParserVCMInfo(294): start current(0) rated current(100) vcm max(100)  step mode(4)  drv max(100) 
D/CameraHal(  155): ParserFlashInfo(308): FlashName(Internal)
D/CameraHal(  155): ParserFlashInfo(311): FlashI2cBusNum(0)
D/CameraHal(  155): ParserFlashInfo(314): FlashI2cAddrByte(0)
D/CameraHal(  155): ParserFlashInfo(317): FlashI2cRate(0)
D/CameraHal(  155): ParserFlashInfo(320): FlashTrigger(NC) active(0) 
D/CameraHal(  155): ParserFlashInfo(324): FlashEn(NC) active(0) 
D/CameraHal(  155): ParserFlashInfo(331): FlashLuminance(0)
D/CameraHal(  155): ParserFlashInfo(334): FlashColorTemp(0)
D/CameraHal(  155): StartElementHandler(760): HDR(1)! 
D/CameraHal(  155): StartElementHandler(764): ZSL(1)! 
D/CameraHal(  155): StartElementHandler(768): zoom(1)! 
D/CameraHal(  155): StartElementHandler(796): Continue_SnapShot(1)! 
D/CameraHal(  155): StartElementHandler(799): InterpolationRes(0)! 
D/CameraHal(  155): StartElementHandler(790): PreviewSize(0x0)! 
D/CameraHal(  155): StartElementHandler(786): face detect config(1),max face num is (1)! 
D/CameraHal(  155): StartElementHandler(776): cproc support 0(contrast:1.100000,saturation:1.000000,hue:0.000000,brightness:0)! 
D/CameraHal(  155): StartElementHandler(781): Gammaout support 0(mGamma:1.000000,mOffSet:0)! 
D/CameraHal(  155): ParserDVConfig(601):  DV_QCIF(qcif) resolution(176x144) fps(10) support(1)
D/CameraHal(  155): ParserDVConfig(613):  DV_QVGA(qvga) resolution(320x240) fps(10) support(1)
D/CameraHal(  155): ParserDVConfig(625):  DV_CIF(cif) resolution(352x288) fps(10) support(1)
D/CameraHal(  155): ParserDVConfig(637):  DV_VGA(480p) resolution(640x480) fps(10) support(0)
D/CameraHal(  155): ParserDVConfig(649):  DV_480P(480p) resolution(720x480) fps(10) support(0)
D/CameraHal(  155): ParserDVConfig(673):  DV_720P(720p) resolution(1280x720) fps(10) support(1)
D/CameraHal(  155): ParserDVConfig(685):  DV_1080P(1080p) resolution(1920x1080) fps(10) support(1)
D/CameraHal(  155): ParserSensorInfo(46): SensorName(TC358749XBG)
D/CameraHal(  155): ParserSensorInfo(51): SensorDevID(CAMSYS_DEVID_SENSOR_1B)
D/CameraHal(  155): ParserSensorInfo(62): SensorDevID(33554432)
D/CameraHal(  155): ParserSensorInfo(64): SensorHostDevID(CAMSYS_DEVID_MARVIN)
D/CameraHal(  155): ParserSensorInfo(79): Sensori2cBusNum(3)
D/CameraHal(  155): ParserSensorInfo(82): SensorI2cAddrByte(2)
D/CameraHal(  155): ParserSensorInfo(85): SensorI2cRate(100000)
D/CameraHal(  155): ParserSensorInfo(88): SensorMclk(27000000)
D/CameraHal(  155): ParserSensorInfo(91): SensorAvdd(NC) min(0) max(0)
D/CameraHal(  155): ParserSensorInfo(96): SensorDovdd(NC) min(18000000) max(18000000)
D/CameraHal(  155): ParserSensorInfo(101): SensorDvdd(NC) min(0) max(0)
D/CameraHal(  155): ParserSensorInfo(106): SensorGpioPwdn(RK30_PIN2_PB7) active(0) 
D/CameraHal(  155): ParserSensorInfo(110): SensorGpioRst(NC) active(0) 
D/CameraHal(  155): ParserSensorInfo(114): SensorGpioPwen(RK30_PIN0_PC1) active(1) 
