D/CameraHal(  155): ParserSensorInfo(118): SensorFacing(back) 
D/CameraHal(  155): ParserSensorInfo(127): SensorInterface(MIPI) 
D/CameraHal(  155): ParserSensorInfo(140): SensorMirrorFlip(0) 
D/CameraHal(  155): ParserSensorInfo(146): SensorOrientation(0) 
D/CameraHal(  155): ParserSensorInfo(143): SensorPowerupSequence(1234) 
D/CameraHal(  155): ParserSensorInfo(240): SensorFovParemeter fov_h(60.0)(60.000000) fov_v(60.0)(60.000000)  
D/CameraHal(  155): ParserSensorInfo(243): SensorAWB_Frame_Skip fps(0) 
D/CameraHal(  155): ParserSensorInfo(214): SensorPhy: MIPI  lane: 4  phyindex: 1  fmt: 0x1e
D/CameraHal(  155): ParserVCMInfo(255): VCMDrvName(NC)
D/CameraHal(  155): ParserVCMInfo(258): VCMName(NC)
D/CameraHal(  155): ParserVCMInfo(261): VCMI2cBusNum(0)
D/CameraHal(  155): ParserVCMInfo(264): VCMI2cAddrByte(0)
D/CameraHal(  155): ParserVCMInfo(267): VCMI2cRate(0)
D/CameraHal(  155): ParserVCMInfo(278): VCMVdd(NC) min(0) max(0)
D/CameraHal(  155): ParserVCMInfo(270): VCMGpioPwdn(NC) active(0) 
D/CameraHal(  155): ParserVCMInfo(274): VCMGpioPower(NC) active(0) 
D/CameraHal(  155): ParserVCMInfo(294): start current(0) rated current(100) vcm max(100)  step mode(4)  drv max(100) 
D/CameraHal(  155): ParserFlashInfo(308): FlashName(NC)
D/CameraHal(  155): ParserFlashInfo(311): FlashI2cBusNum(0)
D/CameraHal(  155): ParserFlashInfo(314): FlashI2cAddrByte(0)
D/CameraHal(  155): ParserFlashInfo(317): FlashI2cRate(0)
D/CameraHal(  155): ParserFlashInfo(320): FlashTrigger(NC) active(0) 
D/CameraHal(  155): ParserFlashInfo(324): FlashEn(NC) active(0) 
D/CameraHal(  155): ParserFlashInfo(331): FlashLuminance(0)
D/CameraHal(  155): ParserFlashInfo(334): FlashColorTemp(0)
D/CameraHal(  155): StartElementHandler(760): HDR(0)! 
D/CameraHal(  155): StartElementHandler(764): ZSL(0)! 
D/CameraHal(  155): StartElementHandler(768): zoom(1)! 
D/CameraHal(  155): StartElementHandler(796): Continue_SnapShot(1)! 
D/CameraHal(  155): StartElementHandler(799): InterpolationRes(0)! 
D/CameraHal(  155): StartElementHandler(790): PreviewSize(1280x720)! 
D/CameraHal(  155): StartElementHandler(786): face detect config(0),max face num is (0)! 
D/CameraHal(  155): StartElementHandler(776): cproc support 0(contrast:1.100000,saturation:1.800000,hue:0.000000,brightness:0)! 
D/CameraHal(  155): StartElementHandler(781): Gammaout support 0(mGamma:0.500000,mOffSet:0)! 
D/CameraHal(  155): ParserDVConfig(601):  DV_QCIF(qcif) resolution(176x144) fps(30) support(0)
D/CameraHal(  155): ParserDVConfig(613):  DV_QVGA(qvga) resolution(320x240) fps(30) support(0)
D/CameraHal(  155): ParserDVConfig(625):  DV_CIF(cif) resolution(352x288) fps(30) support(0)
D/CameraHal(  155): ParserDVConfig(637):  DV_VGA(480p) resolution(640x480) fps(30) support(0)
D/CameraHal(  155): ParserDVConfig(649):  DV_480P(480p) resolution(720x480) fps(30) support(0)
D/CameraHal(  155): ParserDVConfig(673):  DV_720P(720p) resolution(1280x720) fps(60) support(1)
D/CameraHal(  155): ParserDVConfig(685):  DV_1080P(1080p) resolution(1920x1080) fps(60) support(1)
D/CameraHal(  155): number of camdevice (9)
D/CameraHal(  155): now DV size(7)
E/CameraHal(  155): camera_get_number_of_cameras(690): board profiles cam num 9
D/CameraHal(  155): read cam name from xml(/data/camera/media_profiles.xml)
D/CameraHal(  155): videoname0="OV13860" index=3 facing=0 -->  
D/CameraHal(  155): 
D/CameraHal(  155): find camera count(1) cam1(OV13860) cam2()
D/CameraHal(  155): 
D/CameraHal(  155): 
D/CameraHal(  155): 
D/CameraHal(  155):  CamSys_Head.h Version Check:
D/CameraHal(  155):     Kernel camsys_head.h: v0.11.0
D/CameraHal(  155):     Kernel camsys_drv :   v0.32.0
D/CameraHal(  155):     CameraHal camsys_head.h : v0.11.0
D/CameraHal(  155): 
D/CameraHal(  155): 
D/CameraHal(  155): 
E/CameraHal(  155): WARNING: OV8825 soft reset by i2c failed!, please check follow information:
E/CameraHal(  155):     Slave_addr: 0x6c 0x0
E/CameraHal(  155):     Soft reset reg: 0x103  val: 0x1
E/CameraHal(  155):     Power/PowerDown/Reset/Mclk/I2cBus
E/CameraHal(  155): OV8825 device register failed!
D/CameraHal(  155): 
D/CameraHal(  155): 
D/CameraHal(  155): 
D/CameraHal(  155):  CamSys_Head.h Version Check:
D/CameraHal(  155):     Kernel camsys_head.h: v0.11.0
D/CameraHal(  155):     Kernel camsys_drv :   v0.32.0
D/CameraHal(  155):     CameraHal camsys_head.h : v0.11.0
D/CameraHal(  155): 
D/CameraHal(  155): 
D/CameraHal(  155): 
E/CameraHal(  155): WARNING: OV8858 soft reset by i2c failed!, please check follow information:
E/CameraHal(  155):     Slave_addr: 0x6c 0x20
E/CameraHal(  155):     Soft reset reg: 0x103  val: 0x1
E/CameraHal(  155):     Power/PowerDown/Reset/Mclk/I2cBus
E/CameraHal(  155): OV8858 device register failed!
D/CameraHal(  155): 
D/CameraHal(  155): 
D/CameraHal(  155): 
D/CameraHal(  155):  CamSys_Head.h Version Check:
D/CameraHal(  155):     Kernel camsys_head.h: v0.11.0
D/CameraHal(  155):     Kernel camsys_drv :   v0.32.0
D/CameraHal(  155):     CameraHal camsys_head.h : v0.11.0
D/CameraHal(  155): 
D/CameraHal(  155): 
D/CameraHal(  155): 
E/CameraHal(  155): WARNING: OV13850 soft reset by i2c failed!, please check follow information:
E/CameraHal(  155):     Slave_addr: 0x20 0x6c
E/CameraHal(  155):     Soft reset reg: 0x103  val: 0x1
E/CameraHal(  155):     Power/PowerDown/Reset/Mclk/I2cBus
E/CameraHal(  155): OV13850 device register failed!
D/CameraHal(  155): 
D/CameraHal(  155): 
D/CameraHal(  155): 
D/CameraHal(  155):  CamSys_Head.h Version Check:
D/CameraHal(  155):     Kernel camsys_head.h: v0.11.0
D/CameraHal(  155):     Kernel camsys_drv :   v0.32.0
D/CameraHal(  155):     CameraHal camsys_head.h : v0.11.0
D/CameraHal(  155): 
D/CameraHal(  155): 
D/CameraHal(  155): 
D/CameraHal(  155): Check OV13860 ID: reg: 0x300a  val: 0x1 default: 0x1 
D/CameraHal(  155): Check OV13860 ID: reg: 0x300b  val: 0x38 default: 0x38 
D/CameraHal(  155): Check OV13860 ID: reg: 0x300c  val: 0x60 default: 0x60 
D/CameraHal(  155): OpenAndRegistOneSensor(992): sensor xml file name : /etc/OV13860.xml lens name 
D/CameraHal(  155): 
D/CameraHal(  155): 
D/CameraHal(  155): 
D/CameraHal(  155):  CamSys_Head.h Version Check:
D/CameraHal(  155):     Kernel camsys_head.h: v0.11.0
D/CameraHal(  155):     Kernel camsys_drv :   v0.32.0
D/CameraHal(  155):     CameraHal camsys_head.h : v0.11.0
D/CameraHal(  155): 
D/CameraHal(  155): 
D/CameraHal(  155): 
E/CameraHal(  155): CAMSYS_REGISTER_DEVIO failed
E/CameraHal(  155): OV5648 device register failed!
D/CameraHal(  155): 
D/CameraHal(  155): 
D/CameraHal(  155): 
D/CameraHal(  155):  CamSys_Head.h Version Check:
D/CameraHal(  155):     Kernel camsys_head.h: v0.11.0
D/CameraHal(  155):     Kernel camsys_drv :   v0.32.0
D/CameraHal(  155):     CameraHal camsys_head.h : v0.11.0
D/CameraHal(  155): 
D/CameraHal(  155): 
D/CameraHal(  155): 
E/CameraHal(  155): WARNING: OV2659 soft reset by i2c failed!, please check follow information:
E/CameraHal(  155):     Slave_addr: 0x60 0x0
E/CameraHal(  155):     Soft reset reg: 0x103  val: 0x1
E/CameraHal(  155):     Power/PowerDown/Reset/Mclk/I2cBus
E/CameraHal(  155): OV2659 device register failed!
D/CameraHal(  155): 
D/CameraHal(  155): 
D/CameraHal(  155): 
D/CameraHal(  155):  CamSys_Head.h Version Check:
D/CameraHal(  155):     Kernel camsys_head.h: v0.11.0
D/CameraHal(  155):     Kernel camsys_drv :   v0.32.0
D/CameraHal(  155):     CameraHal camsys_head.h : v0.11.0
D/CameraHal(  155): 
D/CameraHal(  155): 
D/CameraHal(  155): 
E/CameraHal(  155): CAMSYS_REGISTER_DEVIO failed
E/CameraHal(  155): GS8604 device register failed!
D/CameraHal(  155): 
D/CameraHal(  155): 
D/CameraHal(  155): 
D/CameraHal(  155):  CamSys_Head.h Version Check:
D/CameraHal(  155):     Kernel camsys_head.h: v0.11.0
D/CameraHal(  155):     Kernel camsys_drv :   v0.32.0
D/CameraHal(  155):     CameraHal camsys_head.h : v0.11.0
D/CameraHal(  155): 
D/CameraHal(  155): 
D/CameraHal(  155): 
E/CameraHal(  155): CAMSYS_REGISTER_DEVIO failed
E/CameraHal(  155): IMX214 device register failed!
D/CameraHal(  155): 
D/CameraHal(  155): 
D/CameraHal(  155): 
D/CameraHal(  155):  CamSys_Head.h Version Check:
D/CameraHal(  155):     Kernel camsys_head.h: v0.11.0
D/CameraHal(  155):     Kernel camsys_drv :   v0.32.0
D/CameraHal(  155):     CameraHal camsys_head.h : v0.11.0
D/CameraHal(  155): 
D/CameraHal(  155): 
D/CameraHal(  155): 
E/CameraHal(  155): CAMSYS_REGISTER_DEVIO failed
E/CameraHal(  155): TC358749XBG device register failed!
E/CameraHal(  155): camera_get_number_of_cameras(697): load sensor name(OV8825) connect 0
E/CameraHal(  155): camera_get_number_of_cameras(697): load sensor name(OV8858) connect 0
E/CameraHal(  155): camera_get_number_of_cameras(697): load sensor name(OV13850) connect 0
E/CameraHal(  155): camera_get_number_of_cameras(697): load sensor name(OV13860) connect 1
E/CameraHal(  155): camera_get_number_of_cameras(697): load sensor name(OV5648) connect 0
E/CameraHal(  155): camera_get_number_of_cameras(697): load sensor name(OV2659) connect 0
E/CameraHal(  155): camera_get_number_of_cameras(697): load sensor name(GS8604) connect 0
E/CameraHal(  155): camera_get_number_of_cameras(697): load sensor name(IMX214) connect 0
E/CameraHal(  155): camera_get_number_of_cameras(697): load sensor name(TC358749XBG) connect 0
E/CameraHal(  155): camera_get_number_of_cameras(750): Open /dev/video0 failed! strr: No such file or directory
D/CameraHal(  155): judge the media profile xml fileexit = 0
D/CameraHal(  155): camera_get_number_of_cameras(1114): camera_get_number_of_cameras(1114): Current board have 1 cameras attached.
D/CameraHal(  155): camera_get_number_of_cameras(1117): meida_profiles_xml_control time (271577)us
I/AudioPolicyService(  155): AudioPolicyService CSTOR in new mode
I/AudioPolicyManager(  155): loadAudioPolicyConfig() loaded /system/etc/audio_policy.conf
D/AudioHardwareTiny(  155): ALSA Audio Version: V1.1.0
D/alsa_route(  155): Can not get config table for sound card0 RKSPDIFCARD, so get default config table.
I/AudioFlinger(  155): loadHwModule() Loaded primary audio interface from Manta audio HW HAL (audio) handle 1
D/AudioHardwareTiny(  155): audio hal adev_open_output_stream devices = 0x2, flags = 2
D/AudioHardwareTiny(  155): out->config.rate = 44100, out->config.channels = 2
I/AudioFlinger(  155): HAL output buffer size 1024 frames, normal sink buffer size 1024 frames
W/EffectsFactory(  155): loadLibrary() failed to open /system/lib/soundfx/libreverbwrapper.so
W/EffectsFactory(  155): loadEffect() could not get library reverb
W/EffectsFactory(  155): loadEffect() could not get library reverb
W/EffectsFactory(  155): loadEffect() could not get library reverb
W/EffectsFactory(  155): loadEffect() could not get library reverb
I/AudioMixer(  155): found effect "Multichannel Downmix To Stereo" from The Android Open Source Project
I/AudioFlinger(  155): Using module 1 has the primary audio interface
I/AudioFlinger(  155): AudioFlinger's thread 0xb569e008 ready to run
W/AudioFlinger(  155): Thread AudioOut_2 cannot connect to the power manager service
W/AudioFlinger(  155): Thread AudioOut_2 cannot connect to the power manager service
W/AudioFlinger(  155): Thread AudioOut_2 cannot connect to the power manager service
E/AudioFlinger(  155): no wake lock to update!
D/AudioHardwareTiny(  155): pcm_config->rate:44100,in->requested_rate:48000,in->channel_mask:2
D/AudioHardwareTiny(  155): in->mSpeexFrameSize:560
I/AudioFlinger(  155): AudioFlinger's thread 0xb553d008 ready to run
E/AudioFlinger(  155): int android::load_audio_interface(const char*, audio_hw_device_t**) couldn't load audio hw module audio.a2dp (No such file or directory)
I/AudioFlinger(  155): loadHwModule() error -2 loading module a2dp 
W/AudioPolicyManager(  155): could not open HW module a2dp
I/AudioFlinger(  155): loadHwModule() Loaded usb audio interface from USB audio HW HAL (audio) handle 4
I/r_submix(  155): adev_open(name=audio_hw_if)
I/r_submix(  155): adev_init_check()
I/AudioFlinger(  155): loadHwModule() Loaded r_submix audio interface from Wifi Display audio HAL (audio) handle 5
D/r_submix(  155): adev_open_input_stream(addr=0)
D/r_submix(  155): submix_audio_device_create_pipe_l(addr=0, idx=9)
D/r_submix(  155):   now using address 0 for route 9
E/MonoPipe(  155): Failed to fetch local time frequency when constructing a MonoPipe (res = -32).  getNextWriteTimestamp calls will be non-functional
I/AudioFlinger(  155): AudioFlinger's thread 0xb5507008 ready to run
D/r_submix(  155): adev_close_input_stream()
D/r_submix(  155): submix_audio_device_release_pipe_l(idx=9) addr=0
D/r_submix(  155): submix_audio_device_destroy_pipe_l(): pipe destroyed
E/SoundTriggerHwService(  155): couldn't load sound trigger module sound_trigger.primary (No such file or directory)
D/SensorService(  155): nuSensorService starting...
W/linker  (  155): libmllite.so: unused DT entry: type 0xf arg 0x1798
W/linker  (  155): libmplmpu.so: unused DT entry: type 0xf arg 0x2022
D/Sensors (  155): int open_sensors(const hw_module_t*, const char*, hw_device_t**)
I/MLLITE  (  155): sensor type path: /sys/bus/iio/devices/iio:device0/in_magn_x_raw
I/Sensors (  155): HAL:Secondary Chip Id: must be the name of one of the effects in the "effects" list of the file.
I/Sensors (  155): # Each effect element may optionally contain a list of parameters and their
I/Sensors (  155): # default value to apply when the pre processor effect is created.
I/Sensors (  155): # A parameter is defined by a "param" e
I/MPL-loaddmp(  155): dmp firmware size to write = 2988
I/MPL-loaddmp(  155): Bytes written = 2988
E/Sensors (  155): HAL:load DMP failed
I/MPL-storeload(  155): Bytes read = 5584
E/MPL     (  155): 
E/MPL     (  155): 
E/MPL     (  155): Critical error! Impossible mounting orientation given. Using Identity instead
E/MPL     (  155): 
E/Sensors (  155): HAL:ERR No DMP image
E/Sensors (  155): HAL:unknown compass id must be the name of one of the effects in the "effects" list of the file.
E/Sensors (  155): # Each effect element may optionally contain a list of parameters and their
E/Sensors (  155): # default value to apply when the pre processor effect\6,]6]6]6X^6^6 _6 -- params default to ak8975 and might be wrong.
E/Sensors (  155): HAL:unknown compass id must be the name of one of the effects in the "effects" list of the file.
E/Sensors (  155): # Each effect element may optionally contain a list of parameters and their
E/Sensors (  155): # default value to apply when the pre processor effect\6,]6]6]6X^6^6 _6 -- params default to ak8975 and might be wrong.
D/Sensors (  155): int sensors_poll_context_t::activate(int, int)
D/Sensors (  155): int sensors_poll_context_t::activate(int, int)
D/Sensors (  155): int sensors_poll_context_t::activate(int, int)
D/Sensors (  155): int sensors_poll_context_t::activate(int, int)
D/Sensors (  155): int sensors_poll_context_t::activate(int, int)
D/Sensors (  155): int sensors_poll_context_t::activate(int, int)
D/Sensors (  155): int sensors_poll_context_t::activate(int, int)
D/Sensors (  155): int sensors_poll_context_t::activate(int, int)
D/Sensors (  155): int sensors_poll_context_t::activate(int, int)
D/Sensors (  155): int sensors_poll_context_t::activate(int, int)
D/Sensors (  155): int sensors_poll_context_t::activate(int, int)
E/Sensors (  155): HAL:ERR open file /sys/bus/iio/devices/iio:device0/smd_enable to write with error 22
E/Sensors (  155): HAL:ERR write DMP smd_enable
E/Sensors (  155): HAL:ERR No DMP image
D/Sensors (  155): int sensors_poll_context_t::activate(int, int)
D/SensorService(  155): new thread SensorEventAckReceiver
E/mediaserver(  155): MediaServer is SP_FOREGROUND, tid=155
D/SensorService(  155): nuSensorService thread starting...
I/libstagefrighthw(  155): OMX IL core libOMX_Core.so: declares component OMX.rk.video_decoder.avc
I/libstagefrighthw(  155): OMX IL core libOMX_Core.so: declares component OMX.rk.video_decoder.m4v
I/libstagefrighthw(  155): OMX IL core libOMX_Core.so: declares component OMX.rk.video_decoder.h263
I/libstagefrighthw(  155): OMX IL core libOMX_Core.so: declares component OMX.rk.video_decoder.flv1
I/libstagefrighthw(  155): OMX IL core libOMX_Core.so: declares component OMX.rk.video_decoder.m2v
I/libstagefrighthw(  155): OMX IL core libOMX_Core.so: declares component OMX.rk.video_decoder.rv
I/libstagefrighthw(  155): OMX IL core libOMX_Core.so: declares component OMX.rk.video_decoder.vp8
I/libstagefrighthw(  155): OMX IL core libOMX_Core.so: declares component OMX.rk.video_decoder.vc1
I/libstagefrighthw(  155): OMX IL core libOMX_Core.so: declares component OMX.rk.video_decoder.wmv3
I/libstagefrighthw(  155): OMX IL core libOMX_Core.so: declares component OMX.rk.video_decoder.vp6
I/libstagefrighthw(  155): OMX IL core libOMX_Core.so: declares component OMX.rk.video_decoder.hevc
I/libstagefrighthw(  155): OMX IL core libOMX_Core.so: declares component OMX.rk.video_decoder.mjpeg
I/libstagefrighthw(  155): OMX IL core libOMX_Core.so: declares component OMX.rk.video_decoder.avc.secure
I/libstagefrighthw(  155): OMX IL core libOMX_Core.so: declares component OMX.rk.video_encoder.avc
I/libstagefrighthw(  155): OMX IL core libOMX_Core.so: declares component OMX.rk.video_encoder.vp8
I/libstagefrighthw(  155): OMX IL core libOMX_Core.so: contains 15 components
I/StagefrightMediaScanner(  158): -->key duration value 19513
D/StagefrightMediaScanner(  158): handleStringTag name duration value 19513
D/StagefrightMediaScanner(  158): mDuration 19513
I/StagefrightMediaScanner(  158): -->key width value 1920
D/StagefrightMediaScanner(  158): handleStringTag name width value 1920
I/StagefrightMediaScanner(  158): -->key height value 1080
D/StagefrightMediaScanner(  158): handleStringTag name height value 1080
D/StagefrightMediaScanner(  158): mediaInfo->fileName record_20130121085046.mp4 mediaInfo->itemId video_1 mMimeType video/mp4 duration 19513 height 1080 widht 1920
D/StagefrightMediaScanner(  158): mUpnpMediaScannerClient::scanFile path /mnt/internal_sd/video/record_20130121085143.mp4 lastModified 1358758314 fileSize 23341952 isDirectory 0 noMedia 0
D/StagefrightMediaScanner(  158): fileType 256 extension .mp4 kKeyMap[i].fileType 21 =======
I/StagefrightMediaScanner(  158): -->key duration value 11493
D/StagefrightMediaScanner(  158): handleStringTag name duration value 11493
D/StagefrightMediaScanner(  158): mDuration 11493
I/StagefrightMediaScanner(  158): -->key width value 1920
D/StagefrightMediaScanner(  158): handleStringTag name width value 1920
I/StagefrightMediaScanner(  158): -->key height value 1080
D/StagefrightMediaScanner(  158): handleStringTag name height value 1080
D/StagefrightMediaScanner(  158): mediaInfo->fileName record_20130121085143.mp4 mediaInfo->itemId video_2 mMimeType video/mp4 duration 11493 height 1080 widht 1920
D/StagefrightMediaScanner(  158): mUpnpMediaScannerClient::scanFile path /mnt/internal_sd/video/record_20130121085558.mp4 lastModified 1358758566 fileSize 4382201 isDirectory 0 noMedia 0
D/StagefrightMediaScanner(  158): fileType 256 extension .mp4 kKeyMap[i].fileType 21 =======
I/StagefrightMediaScanner(  158): -->key duration value 7492
D/StagefrightMediaScanner(  158): handleStringTag name duration value 7492
D/StagefrightMediaScanner(  158): mDuration 7492
I/StagefrightMediaScanner(  158): -->key width value 1920
D/StagefrightMediaScanner(  158): handleStringTag name width value 1920
I/StagefrightMediaScanner(  158): -->key height value 1080
D/StagefrightMediaScanner(  158): handleStringTag name height value 1080
D/StagefrightMediaScanner(  158): mediaInfo->fileName record_20130121085558.mp4 mediaInfo->itemId video_3 mMimeType video/mp4 duration 7492 height 1080 widht 1920
D/StagefrightMediaScanner(  158): mUpnpMediaScannerClient::scanFile path /mnt/internal_sd/.android_secure lastModified 1358758222 fileSize 0 isDirectory 1 noMedia 1
D/StagefrightMediaScanner(  158): mUpnpMediaScannerClient::scanFile path /mnt/internal_sd/picture lastModified 1358758576 fileSize 0 isDirectory 1 noMedia 0
D/StagefrightMediaScanner(  158): mUpnpMediaScannerClient::scanFile path /mnt/internal_sd/picture/imag_20130121085158_379.jpg lastModified 1358758318 fileSize 1590125 isDirectory 0 noMedia 0
D/StagefrightMediaScanner(  158): fileType 258 extension .jpg kKeyMap[i].fileType 31 =======
D/StagefrightMediaScanner(  158): processImageFile mediaInfo->fileName imag_20130121085158_379.jpg mediaInfo->itemId image_4 mMimeType image/jpeg duration 0 height 0 widht 0
D/StagefrightMediaScanner(  158): mUpnpMediaScannerClient::scanFile path /mnt/internal_sd/picture/imag_20130121085200_759.jpg lastModified 1358758320 fileSize 1659046 isDirectory 0 noMedia 0
D/StagefrightMediaScanner(  158): fileType 258 extension .jpg kKeyMap[i].fileType 31 =======
D/StagefrightMediaScanner(  158): processImageFile mediaInfo->fileName imag_20130121085200_759.jpg mediaInfo->itemId image_5 mMimeType image/jpeg duration 0 height 0 widht 0
D/StagefrightMediaScanner(  158): mUpnpMediaScannerClient::scanFile path /mnt/internal_sd/picture/imag_20130121085203_017.jpg lastModified 1358758322 fileSize 1642964 isDirectory 0 noMedia 0
D/StagefrightMediaScanner(  158): fileType 258 extension .jpg kKeyMap[i].fileType 31 =======
D/StagefrightMediaScanner(  158): processImageFile mediaInfo->fileName imag_20130121085203_017.jpg mediaInfo->itemId image_6 mMimeType image/jpeg duration 0 height 0 widht 0
D/StagefrightMediaScanner(  158): mUpnpMediaScannerClient::scanFile path /mnt/internal_sd/picture/imag_20130121085205_087.jpg lastModified 1358758324 fileSize 1593628 isDirectory 0 noMedia 0
D/StagefrightMediaScanner(  158): fileType 258 extension .jpg kKeyMap[i].fileType 31 =======
D/StagefrightMediaScanner(  158): processImageFile mediaInfo->fileName imag_20130121085205_087.jpg mediaInfo->itemId image_7 mMimeType image/jpeg duration 0 height 0 widht 0
D/StagefrightMediaScanner(  158): mUpnpMediaScannerClient::scanFile path /mnt/internal_sd/picture/imag_20130121085102_342.jpg lastModified 1358758262 fileSize 1403656 isDirectory 0 noMedia 0
D/StagefrightMediaScanner(  158): fileType 258 extension .jpg kKeyMap[i].fileType 31 =======
D/StagefrightMediaScanner(  158): processImageFile mediaInfo->fileName imag_20130121085102_342.jpg mediaInfo->itemId image_8 mMimeType image/jpeg duration 0 height 0 widht 0
D/StagefrightMediaScanner(  158): mUpnpMediaScannerClient::scanFile path /mnt/internal_sd/picture/imag_20130121085104_434.jpg lastModified 1358758264 fileSize 1506390 isDirectory 0 noMedia 0
D/StagefrightMediaScanner(  158): fileType 258 extension .jpg kKeyMap[i].fileType 31 =======
D/StagefrightMediaScanner(  158): processImageFile mediaInfo->fileName imag_20130121085104_434.jpg mediaInfo->itemId image_9 mMimeType image/jpeg duration 0 height 0 widht 0
D/StagefrightMediaScanner(  158): mUpnpMediaScannerClient::scanFile path /mnt/internal_sd/picture/imag_20130121085106_568.jpg lastModified 1358758266 fileSize 1523547 isDirectory 0 noMedia 0
D/StagefrightMediaScanner(  158): fileType 258 extension .jpg kKeyMap[i].fileType 31 =======
D/StagefrightMediaScanner(  158): processImageFile mediaInfo->fileName imag_20130121085106_568.jpg mediaInfo->itemId image_10 mMimeType image/jpeg duration 0 height 0 widht 0
D/StagefrightMediaScanner(  158): mUpnpMediaScannerClient::scanFile path /mnt/internal_sd/picture/imag_20130121085545_778.jpg lastModified 1358758544 fileSize 2441913 isDirectory 0 noMedia 0
D/StagefrightMediaScanner(  158): fileType 258 extension .jpg kKeyMap[i].fileType 31 =======
D/StagefrightMediaScanner(  158): processImageFile mediaInfo->fileName imag_20130121085545_778.jpg mediaInfo->itemId image_11 mMimeType image/jpeg duration 0 height 0 widht 0
D/StagefrightMediaScanner(  158): mUpnpMediaScannerClient::scanFile path /mnt/internal_sd/picture/imag_20130121085609_276.jpg lastModified 1358758568 fileSize 2403113 isDirectory 0 noMedia 0
D/StagefrightMediaScanner(  158): fileType 258 extension .jpg kKeyMap[i].fileType 31 =======
D/StagefrightMediaScanner(  158): processImageFile mediaInfo->fileName imag_20130121085609_276.jpg mediaInfo->itemId image_12 mMimeType image/jpeg duration 0 height 0 widht 0
D/StagefrightMediaScanner(  158): mUpnpMediaScannerClient::scanFile path /mnt/internal_sd/picture/imag_20130121085611_652.jpg lastModified 1358758570 fileSize 2435361 isDirectory 0 noMedia 0
D/StagefrightMediaScanner(  158): fileType 258 extension .jpg kKeyMap[i].fileType 31 =======
D/StagefrightMediaScanner(  158): processImageFile mediaInfo->fileName imag_20130121085611_652.jpg mediaInfo->itemId image_13 mMimeType image/jpeg duration 0 height 0 widht 0
D/StagefrightMediaScanner(  158): mUpnpMediaScannerClient::scanFile path /mnt/internal_sd/picture/imag_20130121085614_012.jpg lastModified 1358758574 fileSize 2428174 isDirectory 0 noMedia 0
D/StagefrightMediaScanner(  158): fileType 258 extension .jpg kKeyMap[i].fileType 31 =======
D/StagefrightMediaScanner(  158): processImageFile mediaInfo->fileName imag_20130121085614_012.jpg mediaInfo->itemId image_14 mMimeType image/jpeg duration 0 height 0 widht 0
D/StagefrightMediaScanner(  158): mUpnpMediaScannerClient::scanFile path /mnt/internal_sd/picture/imag_20130121085616_078.jpg lastModified 1358758576 fileSize 2413472 isDirectory 0 noMedia 0
D/StagefrightMediaScanner(  158): fileType 258 extension .jpg kKeyMap[i].fileType 31 =======
D/StagefrightMediaScanner(  158): processImageFile mediaInfo->fileName imag_20130121085616_078.jpg mediaInfo->itemId image_15 mMimeType image/jpeg duration 0 height 0 widht 0
D/StagefrightMediaScanner(  158): mUpnpMediaScannerClient::scanFile path /mnt/internal_sd/System Volume Information lastModified 1474547946 fileSize 0 isDirectory 1 noMedia 0
D/StagefrightMediaScanner(  158): mUpnpMediaScannerClient::scanFile path /mnt/internal_sd/System Volume Information/IndexerVolumeGuid lastModified 1474547946 fileSize 76 isDirectory 0 noMedia 0
D/StagefrightMediaScanner(  158): mUpnpMediaScannerClient::scanFile path /mnt/internal_sd/.Trash-1000 lastModified 1475062904 fileSize 0 isDirectory 1 noMedia 1
D/StagefrightMediaScanner(  158): mUpnpMediaScannerClient::scanFile path /mnt/internal_sd/.Trash-1000/info lastModified 1475062904 fileSize 0 isDirectory 1 noMedia 1
D/StagefrightMediaScanner(  158): mUpnpMediaScannerClient::scanFile path /mnt/internal_sd/.Trash-1000/info/record_20130121085036.mp4.trashinfo lastModified 1475062904 fileSize 0 isDirectory 0 noMedia 1
D/StagefrightMediaScanner(  158): mUpnpMediaScannerClient::scanFile path /mnt/internal_sd/.Trash-1000/info/record_20130121085044.mp4.trashinfo lastModified 1475062910 fileSize 0 isDirectory 0 noMedia 1
D/StagefrightMediaScanner(  158): mUpnpMediaScannerClient::scanFile path /mnt/internal_sd/.Trash-1000/files lastModified 1475062904 fileSize 0 isDirectory 1 noMedia 1
D/StagefrightMediaScanner(  158): mUpnpMediaScannerClient::scanFile path /mnt/internal_sd/.Trash-1000/files/record_20130121085036.mp4 lastModified 1475062904 fileSize 0 isDirectory 0 noMedia 1
D/StagefrightMediaScanner(  158): fileType 256 extension .mp4 kKeyMap[i].fileType 21 =======
E/MetadataRetrieverClient(  155): offset (0) bigger than file size (0)
D/StagefrightMediaScanner(  158): mUpnpMediaScannerClient::scanFile path /mnt/internal_sd/.Trash-1000/files/record_20130121085044.mp4 lastModified 1475062910 fileSize 0 isDirectory 0 noMedia 1
D/StagefrightMediaScanner(  158): fileType 256 extension .mp4 kKeyMap[i].fileType 21 =======
E/MetadataRetrieverClient(  155): offset (0) bigger than file size (0)
D/StagefrightMediaScanner(  158): mUpnpMediaScannerClient::scanFile path /mnt/obb lastModified 1358758204 fileSize 0 isDirectory 1 noMedia 0
D/StagefrightMediaScanner(  158): mUpnpMediaScannerClient::scanFile path /mnt/asec lastModified 1358758204 fileSize 0 isDirectory 1 noMedia 0
D/StagefrightMediaScanner(  158): mUpnpMediaScannerClient::scanFile path /mnt/secure lastModified 1358758204 fileSize 0 isDirectory 1 noMedia 0
D/StagefrightMediaScanner(  158): mUpnpMediaScannerClient::scanFile path /mnt/secure/asec lastModified 1358758222 fileSize 0 isDirectory 1 noMedia 0
D/StagefrightMediaScanner(  158): mUpnpMediaScannerClient::scanFile path /mnt/secure/staging lastModified 1358758204 fileSize 0 isDirectory 1 noMedia 0
D/StagefrightMediaScanner(  158): mUpnpMediaScannerClient::scanFile path /mnt/media_rw lastModified 1358758204 fileSize 0 isDirectory 1 noMedia 0
D/StagefrightMediaScanner(  158): mUpnpMediaScannerClient::scanFile path /mnt/shell lastModified 1358758204 fileSize 0 isDirectory 1 noMedia 0
D/StagefrightMediaScanner(  158): mUpnpMediaScannerClient::scanFile path /mnt/shell/emulated lastModified 1358758204 fileSize 0 isDirectory 1 noMedia 0
D/StagefrightMediaScanner(  158): mUpnpMediaScannerClient::scanFile path /mnt/usb_storage lastModified 1358758204 fileSize 0 isDirectory 1 noMedia 0
D/StagefrightMediaScanner(  158): mUpnpMediaScannerClient::scanFile path /mnt/external_sd lastModified 1358758204 fileSize 0 isDirectory 1 noMedia 0
D/Vold    (  153): zj add NetlinkHandler.cpp 49  subys = android_usb
D/NetlinkEvent(  153): NL param 'DEVPATH=/devices/virtual/android_usb/android0'
D/NetlinkEvent(  153): NL param 'USB_STATE=CONNECTED'
D/Vold    (  153): zj add NetlinkHandler.cpp 49  subys = android_usb
D/NetlinkEvent(  153): NL param 'DEVPATH=/devices/virtual/android_usb/android0'
D/NetlinkEvent(  153): NL param 'USB_STATE=CONFIGURED'
D/Vold    (  153): zj add NetlinkHandler.cpp 64  devpath = /devices/virtual/android_usb/android0  usbstate = CONFIGURED
I/MYTAG   (  481): Starting share_volume_ums.sh 
D/VoldCmdListener(  153): volume unmount /mnt/internal_sd
D/Vold    (  153): Volume internal_sd state changing 4 (Mounted) -> 5 (Unmounting)
E/StorageMonitor(  319): 33333333aaaaaaaaaaaa src=605 Volume internal_sd /mnt/internal_sd state changed from 4 (Mounted) to 5 (Unmounting)
D/StorageMonitor(  319): ----------------------- mListener notify: mStatus = 5, mPath = /mnt/internal_sd 
D/StorageMonitor(  319): call mListener->notify, mStatus = 5, mInserted = 0, mPath = /mnt/internal_sd.
D/StorageMonitor(  319): updateLoop finished
I/Vold    (  153): /mnt/secure/asec sucessfully unmounted
E/Vold    (  153): Succeed to umount secure area on /mnt/internal_sd
I/Vold    (  153): /mnt/internal_sd sucessfully unmounted
I/Vold    (  153): /mnt/internal_sd sucessfully unmounted
I/Vold    (  153): /mnt/internal_sd unmounted successfully
E/StorageMonitor(  319): 33333333aaaaaaaaaaaa src=613 internal_sd /mnt/internal_sd
D/StorageMonitor(  319): zj add StorageMonitor.cpp [Line] : 136; [Func] : processStr() save_ptr =
W/StorageMonitor(  319): Error parsing path
D/StorageMonitor(  319): ----------------------- mListener notify: mStatus = -1, mPath = /mnt/internal_sd 
D/StorageMonitor(  319): call mListener->notify, mStatus = -1, mInserted = 0, mPath = /mnt/internal_sd.
D/StorageMonitor(  319): updateLoop finished
E/StorageMonitor(  319): 33333333aaaaaaaaaaaa src=614 internal_sd /mnt/internal_sd
D/StorageMonitor(  319): zj add StorageMonitor.cpp [Line] : 136; [Func] : processStr() save_ptr =
W/StorageMonitor(  319): Error parsing path
D/Vold    (  153): Volume internal_sd state changing 5 (Unmounting) -> 1 (Idle-Unmounted)
D/StorageMonitor(  319): ----------------------- mListener notify: mStatus = -1, mPath = /mnt/internal_sd 
D/StorageMonitor(  319): call mListener->notify, mStatus = -1, mInserted = 0, mPath = /mnt/internal_sd.
D/StorageMonitor(  319): updateLoop finished
E/StorageMonitor(  319): 33333333aaaaaaaaaaaa src=605 Volume internal_sd /mnt/internal_sd state changed from 5 (Unmounting) to 1 (Idle-Unmounted)
D/StorageMonitor(  319): ----------------------- mListener notify: mStatus = 1, mPath = /mnt/internal_sd 
D/StorageMonitor(  319): ---0000------mShared=0, mSharing = 0, mFormated=0, mFormating = 0, mInserted = 0
D/StorageMonitor(  319): 1111oStatus=5
D/StorageMonitor(  319): call mListener->notify, mStatus = 1, mInserted = 0, mPath = /mnt/internal_sd.
D/StorageMonitor(  319): updateLoop finished
D/VoldCmdListener(  153): volume share /mnt/internal_sd ums
I/Vold    (  153): EXTERNAL_STORAGE_FLASH is /mnt/internal_sd
I/Vold    (  153): share flash
D/Vold    (  153): Volume internal_sd state changing 1 (Idle-Unmounted) -> 7 (Shared-Unmounted)
E/StorageMonitor(  319): 33333333aaaaaaaaaaaa src=605 Volume internal_sd /mnt/internal_sd state changed from 1 (Idle-Unmounted) to 7 (Shared-Unmounted)
D/StorageMonitor(  319): ----------------------- mListener notify: mStatus = 7, mPath = /mnt/internal_sd 
D/StorageMonitor(  319): -11111111---mShared=0, mSharing = 0
D/StorageMonitor(  319): call mListener->notify, mStatus = 7, mInserted = 1, mPath = /mnt/internal_sd.
D/StorageMonitor(  319): updateLoop finished
D/VoldCmdListener(  153): volume unmount /mnt/external_sd
D/VoldCmdListener(  153): volume share /mnt/external_sd ums
D/Vold    (  153): zj add NetlinkHandler.cpp 49  subys = android_usb
D/NetlinkEvent(  153): NL param 'DEVPATH=/devices/virtual/android_usb/android0'
D/NetlinkEvent(  153): NL param 'USB_STATE=CONFIGURED'
D/Vold    (  153): zj add NetlinkHandler.cpp 64  devpath = /devices/virtual/android_usb/android0  usbstate = CONFIGURED
I/MYTAG   (  499): Starting share_volume_ums.sh 
D/VoldCmdListener(  153): volume unmount /mnt/internal_sd
W/Vold    (  153): Attempt to unmount volume which isn't mounted (7)
D/VoldCmdListener(  153): volume share /mnt/internal_sd ums
D/VoldCmdListener(  153): volume unmount /mnt/external_sd
D/VoldCmdListener(  153): volume share /mnt/external_sd ums
I/hostapd (  451): wlan0: STA 3c:46:d8:4e:e8:c9 IEEE 802.11: associated
I/hostapd (  451): wlan0: STA 3c:46:d8:4e:e8:c9 IEEE 802.11: associated
I/hostapd (  451): wlan0: AP-STA-CONNECTED 3c:46:d8:4e:e8:c9
I/hostapd (  451): wlan0: STA 3c:46:d8:4e:e8:c9 WPA: pairwise key handshake completed (RSN)
I/hostapd (  451): wlan0: STA 3c:46:d8:4e:e8:c9 WPA: pairwise key handshake completed (RSN)
D/CameraHal(  155): camera_get_camera_info(1311): camera_get_camera_info(1311): camera_0 facing(1), orientation(180)
W/AudioFlinger(  155): acquireAudioSessionId() unknown client 604 for session 7
I/AwesomePlayer(  155): AwesomePlayer::AwesomePlayer()in
I/AwesomePlayer(  155): AwesomePlayer::AwesomePlayer()aftermClient.connect()
I/AwesomePlayer(  155): setDataSource_l(<no-scheme URI suppressed>)
E/FileSource(  155): Failed to open file '/system/media/audio/ui/camera_click.ogg'. (No such file or directory)
E/MediaPlayer(  155): error (1, -2147483648)
W/AudioFlinger(  155): acquireAudioSessionId() unknown client 604 for session 8
I/AwesomePlayer(  155): AwesomePlayer::AwesomePlayer()in
I/AwesomePlayer(  155): AwesomePlayer::AwesomePlayer()aftermClient.connect()
I/AwesomePlayer(  155): setDataSource_l(<no-scheme URI suppressed>)
E/FileSource(  155): Failed to open file '/system/media/audio/ui/VideoRecord.ogg'. (No such file or directory)
E/MediaPlayer(  155): error (1, -2147483648)
I/CameraClient(  155): Opening camera 0
D/CameraHal(  155): camera_get_camera_info(1311): camera_get_camera_info(1311): camera_0 facing(1), orientation(180)
I/CameraHal(  155): camera_device_open(500): camera_device open
D/CameraHal(  155): gCameraHalLogLevel: 0
D/CameraHal(  155): CameraHal(133): it is a isp  camera
D/CameraHal(  155): androidUAV:Create fifo 0
D/CameraHal(  155): Calling process is: ./my12doom_camera
I/vpu_mem_pool(  155): pid 155, open_vpu_memory_pool:473: success
I/vpu_mem_pool(  155): pid 155, vpu_memory_status_observer:927: observer: /data/vpumem_observer
I/vpu_mem_pool(  155): pid 155, vpu_mem_allocator:717: vpu memory pool size (80000)
I/vpu_mem_pool(  155): pid 155, vpu_mem_allocator:720: ion_alloc_fd success, memory fd 97
I/vpu_mem_pool(  155): pid 155, vpu_mem_allocator:717: vpu memory pool size (160000)
I/vpu_mem_pool(  155): pid 155, vpu_mem_allocator:720: ion_alloc_fd success, memory fd 99
I/vpu_mem_pool(  155): pid 155, vpu_mem_allocator:717: vpu memory pool size (240000)
I/vpu_mem_pool(  155): pid 155, vpu_mem_allocator:720: ion_alloc_fd success, memory fd 100
I/vpu_mem_pool(  155): pid 155, vpu_mem_allocator:717: vpu memory pool size (320000)
I/vpu_mem_pool(  155): pid 155, vpu_mem_allocator:720: ion_alloc_fd success, memory fd 101
I/vpu_mem_pool(  155): pid 155, vpu_mem_allocator:717: vpu memory pool size (400000)
I/vpu_mem_pool(  155): pid 155, vpu_mem_allocator:720: ion_alloc_fd success, memory fd 102
I/vpu_mem_pool(  155): pid 155, vpu_mem_allocator:717: vpu memory pool size (480000)
I/vpu_mem_pool(  155): pid 155, vpu_mem_allocator:720: ion_alloc_fd success, memory fd 103
I/vpu_mem_pool(  155): pid 155, vpu_mem_allocator:717: vpu memory pool size (560000)
I/vpu_mem_pool(  155): pid 155, vpu_mem_allocator:720: ion_alloc_fd success, memory fd 104
I/vpu_mem_pool(  155): pid 155, vpu_mem_allocator:717: vpu memory pool size (640000)
I/vpu_mem_pool(  155): pid 155, vpu_mem_allocator:720: ion_alloc_fd success, memory fd 105
I/vpu_mem_pool(  155): pid 155, vpu_mem_allocator:717: vpu memory pool size (720000)
I/vpu_mem_pool(  155): pid 155, vpu_mem_allocator:720: ion_alloc_fd success, memory fd 106
I/vpu_mem_pool(  155): pid 155, vpu_mem_allocator:717: vpu memory pool size (800000)
I/vpu_mem_pool(  155): pid 155, vpu_mem_allocator:720: ion_alloc_fd success, memory fd 107
E/CameraHal(  155): disconnectCamera(1881): getFocusLimits failed!
E/CameraHal_Marvin(  155): HAL-MOCKUP: I2c bus #3 write failed
D/CameraHal_Marvin(  155): 
D/CameraHal_Marvin(  155): 
D/CameraHal_Marvin(  155): 
D/CameraHal_Marvin(  155): CameraHal Version Check:
D/CameraHal_Marvin(  155):     CamSys_Head.h version: 
D/CameraHal_Marvin(  155):        kernel: (0x) v0.b.0
D/CameraHal_Marvin(  155):        libisp_siliconimage_isp.so: (0x) v0.b.0
D/CameraHal_Marvin(  155):     LibIsp version: 
D/CameraHal_Marvin(  155):        local: (0x) v1.27.0
D/CameraHal_Marvin(  155):        camera.rk30board.so: (0x) v1.27.0
D/CameraHal_Marvin(  155):     Sensor ISI version: 
D/CameraHal_Marvin(  155):         libisp_isi_drv_XXX: (0x) v0.a.0
D/CameraHal_Marvin(  155):         libisp_siliconimage_isp.so: (0x) v0.a.0
D/CameraHal_Marvin(  155):     Tunning XML version:
D/CameraHal_Marvin(  155):         libisp_isi_drv_XXX: (22-May-2014_OUYANG_OV13860_FX288_v1.0)
D/CameraHal_Marvin(  155):         Calibdb: (17-12-2015_lh_OV13860_CM13FF0B3_v0.0.2)
D/CameraHal_Marvin(  155):     sensor name OV13860: 
D/CameraHal_Marvin(  155):        sensor drv version: (0x) v0.8.0
D/CameraHal_Marvin(  155): 
D/CameraHal_Marvin(  155): 
D/CameraHal_Marvin(  155): 
D/CameraHal(  155): =====loadsensor=======
D/CameraHal(  155): setupPreview(405): isp out put format is YUV420SP.
E/CameraHal_Marvin(  155): OV13860: OV13860_SetupOutputWindow: four lane ISI_RES_3120_3120P30
E/CameraHal_Marvin(  155): HAL-MOCKUP: PHY ADDR (0x10000000),iommu addr (0x10000000)
E/CameraHal_Marvin(  155): HAL-MOCKUP: PHY ADDR (0x10def000),iommu addr (0x10def000)
E/CameraHal_Marvin(  155): HAL-MOCKUP: PHY ADDR (0x11bde000),iommu addr (0x11bde000)
E/CameraHal_Marvin(  155): HAL-MOCKUP: PHY ADDR (0x129cd000),iommu addr (0x129cd000)
E/CameraHal_Marvin(  155): HAL-MOCKUP: I2c bus #3 write failed
E/CameraHal_Marvin(  155): HAL-MOCKUP: I2c bus #3 read failed
E/CameraHal_Marvin(  155): HAL-MOCKUP: I2c bus #3 write failed
E/CameraHal_Marvin(  155): HAL-MOCKUP: I2c bus #3 read failed
D/CameraHal(  155): Calling process is: ./my12doom_camera
D/CameraHal(  155): sensorcount is 12
D/CameraHal(  155): sensor name MPL Gyroscope type 4
D/CameraHal(  155): sensor name MPL Raw Gyroscope type 16
D/CameraHal(  155): sensor name MPL Accelerometer type 1
D/CameraHal(  155): ACCELEROMETER = 0xb83f3580 (MPL Accelerometer)
D/Sensors (  155): int sensors_poll_context_t::activate(int, int)
D/Sensors (  155): int sensors_poll_context_t::setDelay(int, int64_t)
D/Sensors (  155): int sensors_poll_context_t::setDelay(int, int64_t)
D/CameraHal(  155): time 50921612857
D/CameraHal(  155): ****delta 50920824190
D/CameraHal(  155): sensor name MPL Gyroscope type 4
D/CameraHal(  155): GYROSCOPE = 0xb83f3500 (MPL Gyroscope)
D/Sensors (  155): int sensors_poll_context_t::activate(int, int)
D/Sensors (  155): int sensors_poll_context_t::setDelay(int, int64_t)
D/Sensors (  155): int sensors_poll_context_t::setDelay(int, int64_t)
W/CameraService(  155): CameraService::connect X (id 0, this pid is 155, name camera_test)
D/CameraHal(  155): time 650151542
D/CameraHal(  155): ****delta 481310958
D/CameraHal(  155): ****delta 169500626
D/CameraHal(  155): commandThread(939): commandThread(939):receive CMD_SET_PREVIEW_WINDOW
D/CameraHal(  155): commandThread(955): commandThread(955): CMD_SET_PREVIEW_WINDOW out
D/CameraHal(  155): commandThread(834): commandThread(834):receive CMD_PREVIEW_START
D/CameraHal(  155): stop(1956): m_camDevice->stopPreview success!
E/CameraHal_Marvin(  155): CAM_API_CAMENGINE: changeResolution (can't change resolution of sensor)
D/CameraHal(  155): setupPreview(405): isp out put format is YUV420SP.
D/CameraHal(  155): start(1911): m_camDevice->startPreview success
D/CameraHal(  155): void android::CameraIspAdapter::setMwb(const char*) auto
D/CameraHal(  155): displayThread(598): displayThread(598): receive CMD_DISPLAY_START
D/CameraHal(  155): cameraDisplayBufferDestory(401): cameraDisplayBufferDestory(401): mANativeWindow is NULL, destory is ignore
I/OMXClient(  604): Using client-side OMX mux.
E/OMXNodeInstance(  155): getParameter(1:google.mp3.decoder, ParamVideoProfileLevelQuerySupported(0x600000f)) ERROR: UnsupportedIndex(0x8000101a)
E/OMXNodeInstance(  155): getParameter(1:google.mp3.decoder, ParamVideoPortFormat(0x6000001)) ERROR: UnsupportedIndex(0x8000101a)
W/gralloc (  154):  Debugmem The fd=32, in vmalloc !!!! Ishwc=0
E/OMXNodeInstance(  155): getParameter(2:google.amrnb.decoder, ParamVideoProfileLevelQuerySupported(0x600000f)) ERROR: UnsupportedIndex(0x8000101a)
E/OMXNodeInstance(  155): getParameter(2:google.amrnb.decoder, ParamVideoPortFormat(0x6000001)) ERROR: UnsupportedIndex(0x8000101a)
W/gralloc (  154):  Debugmem The fd=32, in vmalloc !!!! Ishwc=0
E/OMXNodeInstance(  155): getParameter(3:google.amrwb.decoder, ParamVideoProfileLevelQuerySupported(0x600000f)) ERROR: UnsupportedIndex(0x8000101a)
E/OMXNodeInstance(  155): getParameter(3:google.amrwb.decoder, ParamVideoPortFormat(0x6000001)) ERROR: UnsupportedIndex(0x8000101a)
W/gralloc (  154):  Debugmem The fd=32, in vmalloc !!!! Ishwc=0
E/OMXNodeInstance(  155): getParameter(4:google.aac.decoder, ParamVideoProfileLevelQuerySupported(0x600000f)) ERROR: UnsupportedIndex(0x8000101a)
E/OMXNodeInstance(  155): getParameter(4:google.aac.decoder, ParamVideoPortFormat(0x6000001)) ERROR: UnsupportedIndex(0x8000101a)
E/OMXNodeInstance(  155): getParameter(5:google.g711.alaw.decoder, ParamVideoProfileLevelQuerySupported(0x600000f)) ERROR: UnsupportedIndex(0x8000101a)
E/OMXNodeInstance(  155): getParameter(5:google.g711.alaw.decoder, ParamVideoPortFormat(0x6000001)) ERROR: UnsupportedIndex(0x8000101a)
W/gralloc (  154):  Debugmem The fd=32, in vmalloc !!!! Ishwc=0
D/CameraHal(  155): commandThread(907): commandThread(907): CMD_PREVIEW_START out
E/OMXNodeInstance(  155): getParameter(6:google.g711.mlaw.decoder, ParamVideoProfileLevelQuerySupported(0x600000f)) ERROR: UnsupportedIndex(0x8000101a)
E/OMXNodeInstance(  155): getParameter(6:google.g711.mlaw.decoder, ParamVideoPortFormat(0x6000001)) ERROR: UnsupportedIndex(0x8000101a)
E/OMXNodeInstance(  155): getParameter(7:google.vorbis.decoder, ParamVideoProfileLevelQuerySupported(0x600000f)) ERROR: UnsupportedIndex(0x8000101a)
E/OMXNodeInstance(  155): getParameter(7:google.vorbis.decoder, ParamVideoPortFormat(0x6000001)) ERROR: UnsupportedIndex(0x8000101a)
E/OMXNodeInstance(  155): getParameter(8:google.opus.decoder, ParamVideoProfileLevelQuerySupported(0x600000f)) ERROR: UnsupportedIndex(0x8000101a)
E/OMXNodeInstance(  155): getParameter(8:google.opus.decoder, ParamVideoPortFormat(0x6000001)) ERROR: UnsupportedIndex(0x8000101a)
E/OMXNodeInstance(  155): getParameter(9:google.raw.decoder, ParamVideoProfileLevelQuerySupported(0x600000f)) ERROR: UnsupportedIndex(0x8000101a)
E/OMXNodeInstance(  155): getParameter(9:google.raw.decoder, ParamVideoPortFormat(0x6000001)) ERROR: UnsupportedIndex(0x8000101a)
E/OMXNodeInstance(  155): getParameter(a:google.aac.encoder, ParamVideoProfileLevelQuerySupported(0x600000f)) ERROR: UnsupportedIndex(0x8000101a)
E/OMXNodeInstance(  155): getParameter(a:google.aac.encoder, ParamVideoPortFormat(0x6000001)) ERROR: UnsupportedIndex(0x8000101a)
E/OMXNodeInstance(  155): getParameter(b:google.amrnb.encoder, ParamVideoProfileLevelQuerySupported(0x600000f)) ERROR: UnsupportedIndex(0x8000101a)
E/OMXNodeInstance(  155): getParameter(b:google.amrnb.encoder, ParamVideoPortFormat(0x6000001)) ERROR: UnsupportedIndex(0x8000101a)
E/OMXNodeInstance(  155): getParameter(c:google.amrwb.encoder, ParamVideoProfileLevelQuerySupported(0x600000f)) ERROR: UnsupportedIndex(0x8000101a)
E/OMXNodeInstance(  155): getParameter(c:google.amrwb.encoder, ParamVideoPortFormat(0x6000001)) ERROR: UnsupportedIndex(0x8000101a)
E/OMXNodeInstance(  155): getParameter(d:google.flac.encoder, ParamVideoProfileLevelQuerySupported(0x600000f)) ERROR: UnsupportedIndex(0x8000101a)
E/OMXNodeInstance(  155): getParameter(d:google.flac.encoder, ParamVideoPortFormat(0x6000001)) ERROR: UnsupportedIndex(0x8000101a)
E/ROCKCHIP_VIDEO_DECCONTROL(  155): OMX_IndexParamdescribeColorFormat get 
E/ROCKCHIP_OSAL_Android(  155): OMX_ERRORTYPE Rockchip_OSAL_GetANBParameter(OMX_HANDLETYPE, OMX_INDEXTYPE, OMX_PTR): Rockchip_OMX_Check_SizeVersion(DescribeColorFormatParams) is failed
E/OMXNodeInstance(  155): getParameter(e:rk._decoder.avc, ??(0x7f000017)) ERROR: BadParameter(0x80001005)
E/ROCKCHIP_VIDEO_DECCONTROL(  155): OMX_IndexParamdescribeColorFormat get 
E/ROCKCHIP_OSAL_Android(  155): OMX_ERRORTYPE Rockchip_OSAL_GetANBParameter(OMX_HANDLETYPE, OMX_INDEXTYPE, OMX_PTR): Rockchip_OMX_Check_SizeVersion(DescribeColorFormatParams) is failed
E/OMXNodeInstance(  155): getParameter(e:rk._decoder.avc, ??(0x7f000017)) ERROR: BadParameter(0x80001005)
W/OMXNodeInstance(  155): [e:rk._decoder.avc] component does not support metadata mode; using fallback
E/ROCKCHIP_VIDEO_DECCONTROL(  155): OMX_IndexParamdescribeColorFormat get 
E/ROCKCHIP_OSAL_Android(  155): OMX_ERRORTYPE Rockchip_OSAL_GetANBParameter(OMX_HANDLETYPE, OMX_INDEXTYPE, OMX_PTR): Rockchip_OMX_Check_SizeVersion(DescribeColorFormatParams) is failed
E/OMXNodeInstance(  155): getParameter(f:rk._decoder.m2v, ??(0x7f000017)) ERROR: BadParameter(0x80001005)
E/ROCKCHIP_VIDEO_DECCONTROL(  155): OMX_IndexParamdescribeColorFormat get 
E/ROCKCHIP_OSAL_Android(  155): OMX_ERRORTYPE Rockchip_OSAL_GetANBParameter(OMX_HANDLETYPE, OMX_INDEXTYPE, OMX_PTR): Rockchip_OMX_Check_SizeVersion(DescribeColorFormatParams) is failed
E/OMXNodeInstance(  155): getParameter(f:rk._decoder.m2v, ??(0x7f000017)) ERROR: BadParameter(0x80001005)
W/OMXNodeInstance(  155): [f:rk._decoder.m2v] component does not support metadata mode; using fallback
E/ROCKCHIP_VIDEO_DECCONTROL(  155): OMX_IndexParamdescribeColorFormat get 
E/ROCKCHIP_OSAL_Android(  155): OMX_ERRORTYPE Rockchip_OSAL_GetANBParameter(OMX_HANDLETYPE, OMX_INDEXTYPE, OMX_PTR): Rockchip_OMX_Check_SizeVersion(DescribeColorFormatParams) is failed
E/OMXNodeInstance(  155): getParameter(10:rk._decoder.vp8, ??(0x7f000017)) ERROR: BadParameter(0x80001005)
E/ROCKCHIP_VIDEO_DECCONTROL(  155): OMX_IndexParamdescribeColorFormat get 
E/ROCKCHIP_OSAL_Android(  155): OMX_ERRORTYPE Rockchip_OSAL_GetANBParameter(OMX_HANDLETYPE, OMX_INDEXTYPE, OMX_PTR): Rockchip_OMX_Check_SizeVersion(DescribeColorFormatParams) is failed
E/OMXNodeInstance(  155): getParameter(10:rk._decoder.vp8, ??(0x7f000017)) ERROR: BadParameter(0x80001005)
W/OMXNodeInstance(  155): [10:rk._decoder.vp8] component does not support metadata mode; using fallback
W/OMXNodeInstance(  155): [11:google.vp9.decoder] component does not support metadata mode; using fallback
E/ROCKCHIP_VIDEO_DECCONTROL(  155): OMX_IndexParamdescribeColorFormat get 
E/ROCKCHIP_OSAL_Android(  155): OMX_ERRORTYPE Rockchip_OSAL_GetANBParameter(OMX_HANDLETYPE, OMX_INDEXTYPE, OMX_PTR): Rockchip_OMX_Check_SizeVersion(DescribeColorFormatParams) is failed
E/OMXNodeInstance(  155): getParameter(12:rk._decoder.h263, ??(0x7f000017)) ERROR: BadParameter(0x80001005)
E/ROCKCHIP_VIDEO_DECCONTROL(  155): OMX_IndexParamdescribeColorFormat get 
E/ROCKCHIP_OSAL_Android(  155): OMX_ERRORTYPE Rockchip_OSAL_GetANBParameter(OMX_HANDLETYPE, OMX_INDEXTYPE, OMX_PTR): Rockchip_OMX_Check_SizeVersion(DescribeColorFormatParams) is failed
E/OMXNodeInstance(  155): getParameter(12:rk._decoder.h263, ??(0x7f000017)) ERROR: BadParameter(0x80001005)
W/OMXNodeInstance(  155): [12:rk._decoder.h263] component does not support metadata mode; using fallback
E/ROCKCHIP_VIDEO_DECCONTROL(  155): OMX_IndexParamdescribeColorFormat get 
E/ROCKCHIP_OSAL_Android(  155): OMX_ERRORTYPE Rockchip_OSAL_GetANBParameter(OMX_HANDLETYPE, OMX_INDEXTYPE, OMX_PTR): Rockchip_OMX_Check_SizeVersion(DescribeColorFormatParams) is failed
E/OMXNodeInstance(  155): getParameter(13:rk._decoder.m4v, ??(0x7f000017)) ERROR: BadParameter(0x80001005)
E/ROCKCHIP_VIDEO_DECCONTROL(  155): OMX_IndexParamdescribeColorFormat get 
E/ROCKCHIP_OSAL_Android(  155): OMX_ERRORTYPE Rockchip_OSAL_GetANBParameter(OMX_HANDLETYPE, OMX_INDEXTYPE, OMX_PTR): Rockchip_OMX_Check_SizeVersion(DescribeColorFormatParams) is failed
E/OMXNodeInstance(  155): getParameter(13:rk._decoder.m4v, ??(0x7f000017)) ERROR: BadParameter(0x80001005)
W/OMXNodeInstance(  155): [13:rk._decoder.m4v] component does not support metadata mode; using fallback
E/ROCKCHIP_VIDEO_DECCONTROL(  155): OMX_IndexParamdescribeColorFormat get 
E/ROCKCHIP_OSAL_Android(  155): OMX_ERRORTYPE Rockchip_OSAL_GetANBParameter(OMX_HANDLETYPE, OMX_INDEXTYPE, OMX_PTR): Rockchip_OMX_Check_SizeVersion(DescribeColorFormatParams) is failed
E/OMXNodeInstance(  155): getParameter(14:rk._decoder.flv1, ??(0x7f000017)) ERROR: BadParameter(0x80001005)
